error: error member '.NotInSet' is not in error set 'ParseErr'
  --> examples/errors/1003-errors-raise-rejections.sx:19:11
   |
19 |     raise .NotInSet;            // error: NotInSet not in ParseErr
   |           ^^^^^^^^^

error: error set 'ParseErr' has no member 'NotAMember'
  --> examples/errors/1003-errors-raise-rejections.sx:24:11
   |
24 |     raise ParseErr.NotAMember;       // error: NotAMember is not a ParseErr member
   |           ^^^^^^^^^^^^^^^^^^^

error: error member 'OtherErr.Weird' is not in caller's error set 'ParseErr'
  --> examples/errors/1003-errors-raise-rejections.sx:29:5
   |
29 |     raise OtherErr.Weird;            // error: OtherErr.Weird not in ParseErr
   |     ^^^^^^^^^^^^^^^^^^^^^

error: error member 'Weird' is not in caller's error set 'ParseErr'
  --> examples/errors/1003-errors-raise-rejections.sx:36:5
   |
36 |     raise e;                         // error: OtherErr not subset of ParseErr
   |     ^^^^^^^^

error: `raise` is only valid inside a failable function (a return type with `!` or `!Named`)
  --> examples/errors/1003-errors-raise-rejections.sx:44:5
   |
44 |     raise .BadDigit;            // error: main (-> i32) is not failable
   |     ^^^^^^^^^^^^^^^^
