error: unhandled error reached main: E.A
error return trace (most recent call last):
  fa at 1029-errors-failable-default-chain-propagate.sx:14:17
        if n == 0 { raise .A; }
                    ^
  main at 1029-errors-failable-default-chain-propagate.sx:19:10
        v := try fa(0) ?? try fa(0) ?? try fa(0);   // all fail → propagate to main
             ^
  fa at 1029-errors-failable-default-chain-propagate.sx:14:17
        if n == 0 { raise .A; }
                    ^
  main at 1029-errors-failable-default-chain-propagate.sx:19:10
        v := try fa(0) ?? try fa(0) ?? try fa(0);   // all fail → propagate to main
             ^
  fa at 1029-errors-failable-default-chain-propagate.sx:14:17
        if n == 0 { raise .A; }
                    ^
  main at 1029-errors-failable-default-chain-propagate.sx:19:10
        v := try fa(0) ?? try fa(0) ?? try fa(0);   // all fail → propagate to main
             ^
