error: cannot coerce error set 'Broad' to 'Narrow': tag 'error.Wide' is not a member of 'Narrow'
  --> examples/errors/1076-errors-cross-set-value-reject.sx:23:5
   |
23 |     narrowed : Narrow = be;      // error: neither Broad member is in Narrow
   |     ^^^^^^^^^^^^^^^^^^^^^^^

error: cannot coerce error set 'Broad' to 'Narrow': tag 'error.Extra' is not a member of 'Narrow'
  --> examples/errors/1076-errors-cross-set-value-reject.sx:23:5
   |
23 |     narrowed : Narrow = be;      // error: neither Broad member is in Narrow
   |     ^^^^^^^^^^^^^^^^^^^^^^^

error: cannot coerce error set 'Broad' to 'Narrow': tag 'error.Wide' is not a member of 'Narrow'
  --> examples/errors/1076-errors-cross-set-value-reject.sx:24:5
   |
24 |     take_narrow(be);             // error: same, in argument position
   |     ^^^^^^^^^^^^^^^

error: cannot coerce error set 'Broad' to 'Narrow': tag 'error.Extra' is not a member of 'Narrow'
  --> examples/errors/1076-errors-cross-set-value-reject.sx:24:5
   |
24 |     take_narrow(be);             // error: same, in argument position
   |     ^^^^^^^^^^^^^^^

error: cannot coerce error set 'Broad' to 'Narrow': tag 'error.Wide' is not a member of 'Narrow'
  --> examples/errors/1076-errors-cross-set-value-reject.sx:25:10
   |
25 |     h := Holder{ e = be };      // error: same, in field-init position
   |          ^^^^^^^^^^^^^^^^

error: cannot coerce error set 'Broad' to 'Narrow': tag 'error.Extra' is not a member of 'Narrow'
  --> examples/errors/1076-errors-cross-set-value-reject.sx:25:10
   |
25 |     h := Holder{ e = be };      // error: same, in field-init position
   |          ^^^^^^^^^^^^^^^^

error: error tag 'error.Extra' is not in error set 'Narrow'
  --> examples/errors/1076-errors-cross-set-value-reject.sx:27:20
   |
27 |     lit : Narrow = error.Extra;  // error: tag literal not in Narrow
   |                    ^^^^^^^^^^^

error: error tag 'error.Extra' is not in error set 'Narrow'
  --> examples/errors/1076-errors-cross-set-value-reject.sx:31:22
   |
31 |     short : Narrow = .Extra;     // error: Extra not in Narrow
   |                      ^^^^^^

error: error tag 'error.Extra' is not in error set 'Narrow'
  --> examples/errors/1076-errors-cross-set-value-reject.sx:32:17
   |
32 |     take_narrow(.Extra);         // error: same, in argument position
   |                 ^^^^^^

error: error tag 'error.Extra' is not in error set 'Narrow'
  --> examples/errors/1076-errors-cross-set-value-reject.sx:33:23
   |
33 |     hs := Holder{ e = .Extra }; // error: same, in field-init position
   |                       ^^^^^^

error: error tag 'error.Extra' is not in error set 'Narrow'
  --> examples/errors/1076-errors-cross-set-value-reject.sx:34:17
   |
34 |     if short == .Extra { return 1; }  // error: same, in comparison position
   |                 ^^^^^^

error: error tag 'error.Extra' is not in error set 'Narrow'
  --> examples/errors/1076-errors-cross-set-value-reject.sx:41:11
   |
41 |     raise .Extra;                // error: Extra not in Narrow
   |           ^^^^^^
