error: error channels 'FooError' and 'BooError' do not compare — one channel must hold the other's members
  --> examples/errors/1111-errors-tag-view-reject.sx:34:19
   |
34 |     print("{}\n", e == z);
   |                   ^

error: '@Tag(FooError)' is a tag view and carries no payload — cannot coerce to 'FooError'
  --> examples/errors/1111-errors-tag-view-reject.sx:35:5
   |
35 |     live : FooError = @tag(e);
   |     ^^^^^^^^^^^^^^^^^^^^^^^^^^

error: '@Tag(FooError)' is a tag view and carries no payload — cannot coerce to 'FooError'
  --> examples/errors/1111-errors-tag-view-reject.sx:36:19
   |
36 |     print("{}\n", take(@tag(e)) catch { -1 });
   |                   ^^^^^^^^^^^^^

error: '@Tag(FooError)' is a tag view and carries no payload
  --> examples/errors/1111-errors-tag-view-reject.sx:37:17
   |
37 |     print("{}", @errorPayload(@tag(e)));
   |                 ^^^^^^^^^^^^^

error: '@Tag(FooError)' is a tag view and carries no payload — raise a member of 'FooError' instead
  --> examples/errors/1111-errors-tag-view-reject.sx:21:5
   |
21 |     raise t;
   |     ^^^^^^^^

error: '@Tag(FooError)' is a tag view — its members carry no payload to bind
  --> examples/errors/1111-errors-tag-view-reject.sx:27:14
   |
27 |         case .D: |p| p;
   |              ^^

error: @Tag expects an error, enum, or tagged union; 'i64' is none
  --> examples/errors/1111-errors-tag-view-reject.sx:40:19
   |
40 |     scalar : @Tag(i64) = 0;
   |                   ^^^
