error: error channels 'FooError' and 'BooError' do not compare — one channel must hold the other's members
  --> examples/errors/1111-errors-tag-discriminant-reject.sx:25:19
   |
25 |     print("{}\n", e == z);
   |                   ^

error: @errorPayload expects an error value; '@tag(FooError)' is not one
  --> examples/errors/1111-errors-tag-discriminant-reject.sx:26:17
   |
26 |     print("{}", @errorPayload(@tag(e)));
   |                 ^^^^^^^^^^^^^

error: raise takes an error member or an error value; '@tag(FooError)' is neither
  --> examples/errors/1111-errors-tag-discriminant-reject.sx:19:5
   |
19 |     raise @tag(e);
   |     ^^^^^^^^^^^^^^

error: this case pattern cannot bind a payload from subject type '@tag(FooError)' — only tagged union (enum with payload) variants are bindable
  --> examples/errors/1111-errors-tag-discriminant-reject.sx:30:14
   |
30 |         case .D: |p| p;
   |              ^^

error: @tag expects an error, enum, or tagged union; 'i64' is none
  --> examples/errors/1111-errors-tag-discriminant-reject.sx:32:19
   |
32 |     print("{}\n", @tag(7));
   |                   ^^^^
