error: field 'a' cannot take 'void' — this expression produces no value
  --> issues/aggregate-element-refuses-a-void-value.sx:8:25
   |
 8 |     positional := Pair{ g(), 2 };
   |                         ^^^

help: call it as a statement instead of using its result
   |
 8 |     positional := Pair{ g(), 2 };
   |                         ^^^

error: field 'a' cannot take 'void' — this expression produces no value
  --> issues/aggregate-element-refuses-a-void-value.sx:9:24
   |
 9 |     named := Pair{ a = g(), b = 2 };
   |                        ^^^

help: call it as a statement instead of using its result
   |
 9 |     named := Pair{ a = g(), b = 2 };
   |                        ^^^

error: field 'a' cannot take 'void' — this expression produces no value
  --> issues/aggregate-element-refuses-a-void-value.sx:10:28
   |
10 |     contextual : Pair = .{ g(), 2 };
   |                            ^^^

help: call it as a statement instead of using its result
   |
10 |     contextual : Pair = .{ g(), 2 };
   |                            ^^^

error: element 1 cannot take 'void' — this expression produces no value
  --> issues/aggregate-element-refuses-a-void-value.sx:11:28
   |
11 |     array : [2]i64 = .{ 1, g() };
   |                            ^^^

help: call it as a statement instead of using its result
   |
11 |     array : [2]i64 = .{ 1, g() };
   |                            ^^^
