error: cannot return a value of type 'Loop' where 'i32' is expected
  --> library/modules/std/event.sx:252:16
    |
252 |         return Loop{ kq = q };
    |                ^^^^^^^^^^^^^^

error: `catch` requires a failable expression; operand has type 'unresolved'
  --> library/modules/std/http/server.sx:1666:9
     |
1666 |         lp.add_read(lfd, LISTENER_UDATA) catch { are = true; };
     |         ^^^^^^^^^^^^^^^^^^^^^^^^^^^^^^^^^^^^^^^^^^^^^^^^^^^^^^

error: `catch` requires a failable expression; operand has type 'unresolved'
  --> library/modules/std/http/server.sx:1674:9
     |
1674 |         lp.add_wake(WAKE_UDATA) catch { swe = true; };
     |         ^^^^^^^^^^^^^^^^^^^^^^^^^^^^^^^^^^^^^^^^^^^^^

error: this function returns 30 values — return them as `return a, b`, not a single value
  --> library/modules/std/http/server.sx:1735:16
     |
1735 |         return Server{
     |                ^^^^^^^
1736 |             cfg = cfg, loop = lp, lfd = lfd, conns = slots,
     | ^^^^^^^^^^^^^^^^^^^^^^^^^^^^^^^^^^^^^^^^^^^^^^^^^^^^^^^^^^^
1737 |             own_alloc = oa, handler = handler, ctx = ctx, ps = ps,
     | ^^^^^^^^^^^^^^^^^^^^^^^^^^^^^^^^^^^^^^^^^^^^^^^^^^^^^^^^^^^^^^^^^^
1738 |             free_head = 0, dheap = dh, dheap_cap = dcap,
     | ^^^^^^^^^^^^^^^^^^^^^^^^^^^^^^^^^^^^^^^^^^^^^^^^^^^^^^^^
1739 |         };
     | ^^^^^^^^^

error: the error slot of a failable cannot be dropped — bind it (`v, err := …`) and handle it, or use `try` / `catch`
  --> examples/http/1671-http-graceful-shutdown.sx:132:20
    |
132 |         srv, se := http.Server.init(cfg, handler, 0);
    |                    ^^^^^^^^^^^^^^^^^^^^^^^^^^^^^^^^^

error: condition must be a bool, integer, pointer, or optional, but has type 'Loop'
  --> examples/http/1671-http-graceful-shutdown.sx:133:12
    |
133 |         if se { print("server1 init failed\n"); context.allocator.dealloc_bytes(scratch); rc = 1; }
    |            ^^

error: this function returns 2 values — return them as `return a, b`, not a single value
  --> library/modules/std/http/content_encoding.sx:408:20
    |
408 |             return result;
    |                    ^^^^^^

error: this function returns 2 values — return them as `return a, b`, not a single value
  --> library/modules/std/http/content_encoding.sx:412:20
    |
412 |             return result;
    |                    ^^^^^^

error: named return element 'n' does not name any return slot
  --> library/modules/std/http/server.sx:691:16
    |
691 |         return .{n, status};
    |                ^^^^^^^^^^^^

error: this function returns 2 values — return them as `return a, b`, not a single value
  --> library/modules/std/http/content_encoding.sx:531:35
    |
531 |         if self.finished { return EncodedProduceStep{ status = EncodedProduceStatus.done }; }
    |                                   ^^^^^^^^^^^^^^^^^^^^^^^^^^^^^^^^^^^^^^^^^^^^^^^^^^^^^^^^

error: this function returns 2 values — return them as `return a, b`, not a single value
  --> library/modules/std/http/content_encoding.sx:537:47
    |
537 |             if progress.produced > 0 { return EncodedProduceStep{ produced = progress.produced, status = EncodedProduceStatus.data }; }
    |                                               ^^^^^^^^^^^^^^^^^^^^^^^^^^^^^^^^^^^^^^^^^^^^^^^^^^^^^^^^^^^^^^^^^^^^^^^^^^^^^^^^^^^^^^

error: this function returns 2 values — return them as `return a, b`, not a single value
  --> library/modules/std/http/content_encoding.sx:538:39
    |
538 |             if self.finished { return EncodedProduceStep{ status = EncodedProduceStatus.done }; }
    |                                       ^^^^^^^^^^^^^^^^^^^^^^^^^^^^^^^^^^^^^^^^^^^^^^^^^^^^^^^^

error: this function returns 2 values — return them as `return a, b`, not a single value
  --> library/modules/std/http/content_encoding.sx:539:47
    |
539 |             if progress.consumed > 0 { return EncodedProduceStep{ status = EncodedProduceStatus.pending }; }
    |                                               ^^^^^^^^^^^^^^^^^^^^^^^^^^^^^^^^^^^^^^^^^^^^^^^^^^^^^^^^^^^

error: this function returns 2 values — return them as `return a, b`, not a single value
  --> library/modules/std/http/content_encoding.sx:550:24
    |
550 |                 return EncodedProduceStep{ status = EncodedProduceStatus.pending };
    |                        ^^^^^^^^^^^^^^^^^^^^^^^^^^^^^^^^^^^^^^^^^^^^^^^^^^^^^^^^^^^

error: this function returns 2 values — return them as `return a, b`, not a single value
  --> library/modules/std/http/content_encoding.sx:557:43
    |
557 |         if progress.produced > 0 { return EncodedProduceStep{ produced = progress.produced, status = EncodedProduceStatus.data }; }
    |                                           ^^^^^^^^^^^^^^^^^^^^^^^^^^^^^^^^^^^^^^^^^^^^^^^^^^^^^^^^^^^^^^^^^^^^^^^^^^^^^^^^^^^^^^

error: this function returns 2 values — return them as `return a, b`, not a single value
  --> library/modules/std/http/content_encoding.sx:558:35
    |
558 |         if self.finished { return EncodedProduceStep{ status = EncodedProduceStatus.done }; }
    |                                   ^^^^^^^^^^^^^^^^^^^^^^^^^^^^^^^^^^^^^^^^^^^^^^^^^^^^^^^^

error: `catch` requires a failable expression; operand has type 'unresolved'
  --> examples/http/1671-http-graceful-shutdown.sx:160:31
    |
160 |                 while p < 5 { srv.tick(5) catch {}; p += 1; }
    |                               ^^^^^^^^^^^^^^^^^^^^

error: unresolved 'stop' (in examples/http/1671-http-graceful-shutdown.sx fn main)
  --> examples/http/1671-http-graceful-shutdown.sx:164:17
    |
164 |                 srv.stop();
    |                 ^^^^^^^^

error: unresolved 'begin_stop' (in examples/http/1671-http-graceful-shutdown.sx fn main)
  --> examples/http/1671-http-graceful-shutdown.sx:165:17
    |
165 |                 srv.begin_stop();
    |                 ^^^^^^^^^^^^^^

error: `catch` requires a failable expression; operand has type 'unresolved'
  --> examples/http/1671-http-graceful-shutdown.sx:183:21
    |
183 |                     srv.tick(20) catch {};
    |                     ^^^^^^^^^^^^^^^^^^^^^

error: unresolved 'in_flight' (in examples/http/1671-http-graceful-shutdown.sx fn main)
  --> examples/http/1671-http-graceful-shutdown.sx:187:24
    |
187 |                     if srv.in_flight() == 0 and total == 0 { continue; }
    |                        ^^^^^^^^^^^^^

error: unresolved 'in_flight' (in examples/http/1671-http-graceful-shutdown.sx fn main)
  --> examples/http/1671-http-graceful-shutdown.sx:194:25
    |
194 |                 else if srv.in_flight() != 0 { print("drain left work in flight\n"); rc = 1; }
    |                         ^^^^^^^^^^^^^

error: 'close' is not a ufcs function — a plain function does not dispatch via dot-call
  --> examples/http/1671-http-graceful-shutdown.sx:199:13
    |
199 |             srv.close();
    |             ^^^^^^^^^

help: call it directly (`close(receiver, ...)`) or declare it `close :: ufcs (...) { ... }`
    |
199 |             srv.close();
    |             ^^^^^^^^^

error: the error slot of a failable cannot be dropped — bind it (`v, err := …`) and handle it, or use `try` / `catch`
  --> examples/http/1671-http-graceful-shutdown.sx:204:26
    |
204 |             srv2, se2 := http.Server.init(cfg, handler, 0);
    |                          ^^^^^^^^^^^^^^^^^^^^^^^^^^^^^^^^^

error: condition must be a bool, integer, pointer, or optional, but has type 'Loop'
  --> examples/http/1671-http-graceful-shutdown.sx:205:16
    |
205 |             if se2 { print("server2 init failed (port leaked?)\n"); rc = 1; }
    |                ^^^

error: unresolved 'stop' (in examples/http/1671-http-graceful-shutdown.sx fn main)
  --> examples/http/1671-http-graceful-shutdown.sx:217:17
    |
217 |                 srv2.stop();
    |                 ^^^^^^^^^

error: unresolved 'begin_stop' (in examples/http/1671-http-graceful-shutdown.sx fn main)
  --> examples/http/1671-http-graceful-shutdown.sx:218:17
    |
218 |                 srv2.begin_stop();
    |                 ^^^^^^^^^^^^^^^

error: unresolved 'in_flight' (in examples/http/1671-http-graceful-shutdown.sx fn main)
  --> examples/http/1671-http-graceful-shutdown.sx:220:23
    |
220 |                 while srv2.in_flight() > 0 and !event.expired(dl) { srv2.tick(20) catch {}; }
    |                       ^^^^^^^^^^^^^^

error: `catch` requires a failable expression; operand has type 'unresolved'
  --> examples/http/1671-http-graceful-shutdown.sx:220:69
    |
220 |                 while srv2.in_flight() > 0 and !event.expired(dl) { srv2.tick(20) catch {}; }
    |                                                                     ^^^^^^^^^^^^^^^^^^^^^^

error: 'close' is not a ufcs function — a plain function does not dispatch via dot-call
  --> examples/http/1671-http-graceful-shutdown.sx:221:17
    |
221 |                 srv2.close();
    |                 ^^^^^^^^^^

help: call it directly (`close(receiver, ...)`) or declare it `close :: ufcs (...) { ... }`
    |
221 |                 srv2.close();
    |                 ^^^^^^^^^^
