error: cannot return a value of type 'Loop' where 'i32' is expected
  --> library/modules/std/event.sx:252:16
    |
252 |         return Loop{ kq = q };
    |                ^^^^^^^^^^^^^^

error: `catch` requires a failable expression; operand has type 'unresolved'
  --> library/modules/std/http/server.sx:1666:9
     |
1666 |         lp.add_read(lfd, LISTENER_UDATA) catch { are = true; };
     |         ^^^^^^^^^^^^^^^^^^^^^^^^^^^^^^^^^^^^^^^^^^^^^^^^^^^^^^

error: `catch` requires a failable expression; operand has type 'unresolved'
  --> library/modules/std/http/server.sx:1674:9
     |
1674 |         lp.add_wake(WAKE_UDATA) catch { swe = true; };
     |         ^^^^^^^^^^^^^^^^^^^^^^^^^^^^^^^^^^^^^^^^^^^^^

error: this function returns 30 values — return them as `return a, b`, not a single value
  --> library/modules/std/http/server.sx:1735:16
     |
1735 |         return Server{
     |                ^^^^^^^
1736 |             cfg = cfg, loop = lp, lfd = lfd, conns = slots,
     | ^^^^^^^^^^^^^^^^^^^^^^^^^^^^^^^^^^^^^^^^^^^^^^^^^^^^^^^^^^^
1737 |             own_alloc = oa, handler = handler, ctx = ctx, ps = ps,
     | ^^^^^^^^^^^^^^^^^^^^^^^^^^^^^^^^^^^^^^^^^^^^^^^^^^^^^^^^^^^^^^^^^^
1738 |             free_head = 0, dheap = dh, dheap_cap = dcap,
     | ^^^^^^^^^^^^^^^^^^^^^^^^^^^^^^^^^^^^^^^^^^^^^^^^^^^^^^^^
1739 |         };
     | ^^^^^^^^^

error: the error slot of a failable cannot be dropped — bind it (`v, err := …`) and handle it, or use `try` / `catch`
  --> examples/http/1676-http-routing.sx:161:16
    |
161 |     srv, se := http.Server.init(cfg, http.dispatch, xx *router);
    |                ^^^^^^^^^^^^^^^^^^^^^^^^^^^^^^^^^^^^^^^^^^^^^^^^

error: condition must be a bool, integer, pointer, or optional, but has type 'Loop'
  --> examples/http/1676-http-routing.sx:162:8
    |
162 |     if se { print("server init failed\n"); return false; }
    |        ^^

error: 'close' is not a ufcs function — a plain function does not dispatch via dot-call
  --> examples/http/1676-http-routing.sx:165:40
    |
165 |     if c < 0 { print("dial failed\n"); srv.close(); return false; }
    |                                        ^^^^^^^^^

help: call it directly (`close(receiver, ...)`) or declare it `close :: ufcs (...) { ... }`
    |
165 |     if c < 0 { print("dial failed\n"); srv.close(); return false; }
    |                                        ^^^^^^^^^

error: this function returns 2 values — return them as `return a, b`, not a single value
  --> library/modules/std/http/content_encoding.sx:408:20
    |
408 |             return result;
    |                    ^^^^^^

error: this function returns 2 values — return them as `return a, b`, not a single value
  --> library/modules/std/http/content_encoding.sx:412:20
    |
412 |             return result;
    |                    ^^^^^^

error: named return element 'n' does not name any return slot
  --> library/modules/std/http/server.sx:691:16
    |
691 |         return .{n, status};
    |                ^^^^^^^^^^^^

error: this function returns 2 values — return them as `return a, b`, not a single value
  --> library/modules/std/http/content_encoding.sx:531:35
    |
531 |         if self.finished { return EncodedProduceStep{ status = EncodedProduceStatus.done }; }
    |                                   ^^^^^^^^^^^^^^^^^^^^^^^^^^^^^^^^^^^^^^^^^^^^^^^^^^^^^^^^

error: this function returns 2 values — return them as `return a, b`, not a single value
  --> library/modules/std/http/content_encoding.sx:537:47
    |
537 |             if progress.produced > 0 { return EncodedProduceStep{ produced = progress.produced, status = EncodedProduceStatus.data }; }
    |                                               ^^^^^^^^^^^^^^^^^^^^^^^^^^^^^^^^^^^^^^^^^^^^^^^^^^^^^^^^^^^^^^^^^^^^^^^^^^^^^^^^^^^^^^

error: this function returns 2 values — return them as `return a, b`, not a single value
  --> library/modules/std/http/content_encoding.sx:538:39
    |
538 |             if self.finished { return EncodedProduceStep{ status = EncodedProduceStatus.done }; }
    |                                       ^^^^^^^^^^^^^^^^^^^^^^^^^^^^^^^^^^^^^^^^^^^^^^^^^^^^^^^^

error: this function returns 2 values — return them as `return a, b`, not a single value
  --> library/modules/std/http/content_encoding.sx:539:47
    |
539 |             if progress.consumed > 0 { return EncodedProduceStep{ status = EncodedProduceStatus.pending }; }
    |                                               ^^^^^^^^^^^^^^^^^^^^^^^^^^^^^^^^^^^^^^^^^^^^^^^^^^^^^^^^^^^

error: this function returns 2 values — return them as `return a, b`, not a single value
  --> library/modules/std/http/content_encoding.sx:550:24
    |
550 |                 return EncodedProduceStep{ status = EncodedProduceStatus.pending };
    |                        ^^^^^^^^^^^^^^^^^^^^^^^^^^^^^^^^^^^^^^^^^^^^^^^^^^^^^^^^^^^

error: this function returns 2 values — return them as `return a, b`, not a single value
  --> library/modules/std/http/content_encoding.sx:557:43
    |
557 |         if progress.produced > 0 { return EncodedProduceStep{ produced = progress.produced, status = EncodedProduceStatus.data }; }
    |                                           ^^^^^^^^^^^^^^^^^^^^^^^^^^^^^^^^^^^^^^^^^^^^^^^^^^^^^^^^^^^^^^^^^^^^^^^^^^^^^^^^^^^^^^

error: this function returns 2 values — return them as `return a, b`, not a single value
  --> library/modules/std/http/content_encoding.sx:558:35
    |
558 |         if self.finished { return EncodedProduceStep{ status = EncodedProduceStatus.done }; }
    |                                   ^^^^^^^^^^^^^^^^^^^^^^^^^^^^^^^^^^^^^^^^^^^^^^^^^^^^^^^^

error: 'close' is not a ufcs function — a plain function does not dispatch via dot-call
  --> examples/http/1676-http-routing.sx:169:105
    |
169 |     if !contains(r, "HTTP/1.1 200 OK") or !contains(r, "root") { print("root: bad\n"); socket.close(c); srv.close(); return false; }
    |                                                                                                         ^^^^^^^^^

help: call it directly (`close(receiver, ...)`) or declare it `close :: ufcs (...) { ... }`
    |
169 |     if !contains(r, "HTTP/1.1 200 OK") or !contains(r, "root") { print("root: bad\n"); socket.close(c); srv.close(); return false; }
    |                                                                                                         ^^^^^^^^^

error: 'close' is not a ufcs function — a plain function does not dispatch via dot-call
  --> examples/http/1676-http-routing.sx:172:107
    |
172 |     if !contains(r, "HTTP/1.1 200 OK") or !contains(r, "hello") { print("hello: bad\n"); socket.close(c); srv.close(); return false; }
    |                                                                                                           ^^^^^^^^^

help: call it directly (`close(receiver, ...)`) or declare it `close :: ufcs (...) { ... }`
    |
172 |     if !contains(r, "HTTP/1.1 200 OK") or !contains(r, "hello") { print("hello: bad\n"); socket.close(c); srv.close(); return false; }
    |                                                                                                           ^^^^^^^^^

error: 'close' is not a ufcs function — a plain function does not dispatch via dot-call
  --> examples/http/1676-http-routing.sx:176:74
    |
176 |     if !contains(r, "user:42") { print("param: bad\n"); socket.close(c); srv.close(); return false; }
    |                                                                          ^^^^^^^^^

help: call it directly (`close(receiver, ...)`) or declare it `close :: ufcs (...) { ... }`
    |
176 |     if !contains(r, "user:42") { print("param: bad\n"); socket.close(c); srv.close(); return false; }
    |                                                                          ^^^^^^^^^

error: 'close' is not a ufcs function — a plain function does not dispatch via dot-call
  --> examples/http/1676-http-routing.sx:180:107
    |
180 |     if !contains(r, "q=[hello world]") or !contains(r, "n=[3]") { print("query: bad\n"); socket.close(c); srv.close(); return false; }
    |                                                                                                           ^^^^^^^^^

help: call it directly (`close(receiver, ...)`) or declare it `close :: ufcs (...) { ... }`
    |
180 |     if !contains(r, "q=[hello world]") or !contains(r, "n=[3]") { print("query: bad\n"); socket.close(c); srv.close(); return false; }
    |                                                                                                           ^^^^^^^^^

error: 'close' is not a ufcs function — a plain function does not dispatch via dot-call
  --> examples/http/1676-http-routing.sx:184:103
    |
184 |     if !contains(r, "a=[1]") or !contains(r, "b=[hi there]") { print("form: bad\n"); socket.close(c); srv.close(); return false; }
    |                                                                                                       ^^^^^^^^^

help: call it directly (`close(receiver, ...)`) or declare it `close :: ufcs (...) { ... }`
    |
184 |     if !contains(r, "a=[1]") or !contains(r, "b=[hi there]") { print("form: bad\n"); socket.close(c); srv.close(); return false; }
    |                                                                                                       ^^^^^^^^^

error: 'close' is not a ufcs function — a plain function does not dispatch via dot-call
  --> examples/http/1676-http-routing.sx:188:103
    |
188 |     if !contains(r, "Content-Type: application/json") { print("json resp: no ct\n"); socket.close(c); srv.close(); return false; }
    |                                                                                                       ^^^^^^^^^

help: call it directly (`close(receiver, ...)`) or declare it `close :: ufcs (...) { ... }`
    |
188 |     if !contains(r, "Content-Type: application/json") { print("json resp: no ct\n"); socket.close(c); srv.close(); return false; }
    |                                                                                                       ^^^^^^^^^

error: 'close' is not a ufcs function — a plain function does not dispatch via dot-call
  --> examples/http/1676-http-routing.sx:189:118
    |
189 |     if !contains(r, "\"name\":\"sx\"") or !contains(r, "\"n\":7") { print("json resp: bad body\n"); socket.close(c); srv.close(); return false; }
    |                                                                                                                      ^^^^^^^^^

help: call it directly (`close(receiver, ...)`) or declare it `close :: ufcs (...) { ... }`
    |
189 |     if !contains(r, "\"name\":\"sx\"") or !contains(r, "\"n\":7") { print("json resp: bad body\n"); socket.close(c); srv.close(); return false; }
    |                                                                                                                      ^^^^^^^^^

error: 'close' is not a ufcs function — a plain function does not dispatch via dot-call
  --> examples/http/1676-http-routing.sx:193:79
    |
193 |     if !contains(r, "name=alex") { print("json req: bad\n"); socket.close(c); srv.close(); return false; }
    |                                                                               ^^^^^^^^^

help: call it directly (`close(receiver, ...)`) or declare it `close :: ufcs (...) { ... }`
    |
193 |     if !contains(r, "name=alex") { print("json req: bad\n"); socket.close(c); srv.close(); return false; }
    |                                                                               ^^^^^^^^^

error: 'close' is not a ufcs function — a plain function does not dispatch via dot-call
  --> examples/http/1676-http-routing.sx:197:87
    |
197 |     if !contains(r, "HTTP/1.1 404 Not Found") { print("404: bad\n"); socket.close(c); srv.close(); return false; }
    |                                                                                       ^^^^^^^^^

help: call it directly (`close(receiver, ...)`) or declare it `close :: ufcs (...) { ... }`
    |
197 |     if !contains(r, "HTTP/1.1 404 Not Found") { print("404: bad\n"); socket.close(c); srv.close(); return false; }
    |                                                                                       ^^^^^^^^^

error: 'close' is not a ufcs function — a plain function does not dispatch via dot-call
  --> examples/http/1676-http-routing.sx:201:103
    |
201 |     if !contains(r, "HTTP/1.1 405 Method Not Allowed") { print("405: bad status\n"); socket.close(c); srv.close(); return false; }
    |                                                                                                       ^^^^^^^^^

help: call it directly (`close(receiver, ...)`) or declare it `close :: ufcs (...) { ... }`
    |
201 |     if !contains(r, "HTTP/1.1 405 Method Not Allowed") { print("405: bad status\n"); socket.close(c); srv.close(); return false; }
    |                                                                                                       ^^^^^^^^^

error: 'close' is not a ufcs function — a plain function does not dispatch via dot-call
  --> examples/http/1676-http-routing.sx:202:85
    |
202 |     if !contains(r, "Allow: GET") { print("405: missing Allow\n"); socket.close(c); srv.close(); return false; }
    |                                                                                     ^^^^^^^^^

help: call it directly (`close(receiver, ...)`) or declare it `close :: ufcs (...) { ... }`
    |
202 |     if !contains(r, "Allow: GET") { print("405: missing Allow\n"); socket.close(c); srv.close(); return false; }
    |                                                                                     ^^^^^^^^^

error: 'close' is not a ufcs function — a plain function does not dispatch via dot-call
  --> examples/http/1676-http-routing.sx:205:5
    |
205 |     srv.close();
    |     ^^^^^^^^^

help: call it directly (`close(receiver, ...)`) or declare it `close :: ufcs (...) { ... }`
    |
205 |     srv.close();
    |     ^^^^^^^^^
