error: cannot return a value of type 'Loop' where 'i32' is expected
  --> library/modules/std/event.sx:252:16
    |
252 |         return Loop{ kq = q };
    |                ^^^^^^^^^^^^^^

error: `catch` requires a failable expression; operand has type 'unresolved'
  --> library/modules/std/http/server.sx:1666:9
     |
1666 |         lp.add_read(lfd, LISTENER_UDATA) catch { are = true; };
     |         ^^^^^^^^^^^^^^^^^^^^^^^^^^^^^^^^^^^^^^^^^^^^^^^^^^^^^^

error: `catch` requires a failable expression; operand has type 'unresolved'
  --> library/modules/std/http/server.sx:1674:9
     |
1674 |         lp.add_wake(WAKE_UDATA) catch { swe = true; };
     |         ^^^^^^^^^^^^^^^^^^^^^^^^^^^^^^^^^^^^^^^^^^^^^

error: this function returns 30 values — return them as `return a, b`, not a single value
  --> library/modules/std/http/server.sx:1735:16
     |
1735 |         return Server{
     |                ^^^^^^^
1736 |             cfg = cfg, loop = lp, lfd = lfd, conns = slots,
     | ^^^^^^^^^^^^^^^^^^^^^^^^^^^^^^^^^^^^^^^^^^^^^^^^^^^^^^^^^^^
1737 |             own_alloc = oa, handler = handler, ctx = ctx, ps = ps,
     | ^^^^^^^^^^^^^^^^^^^^^^^^^^^^^^^^^^^^^^^^^^^^^^^^^^^^^^^^^^^^^^^^^^
1738 |             free_head = 0, dheap = dh, dheap_cap = dcap,
     | ^^^^^^^^^^^^^^^^^^^^^^^^^^^^^^^^^^^^^^^^^^^^^^^^^^^^^^^^
1739 |         };
     | ^^^^^^^^^

error: the error slot of a failable cannot be dropped — bind it (`v, err := …`) and handle it, or use `try` / `catch`
  --> examples/http/1678-http-client.sx:36:20
   |
36 |         srv, se := http.Server.init(cfg, handler, 0);
   |                    ^^^^^^^^^^^^^^^^^^^^^^^^^^^^^^^^^

error: condition must be a bool, integer, pointer, or optional, but has type 'Loop'
  --> examples/http/1678-http-client.sx:37:12
   |
37 |         if se { print("init failed\n"); rc = 1; }
   |            ^^

error: this function returns 2 values — return them as `return a, b`, not a single value
  --> library/modules/std/http/content_encoding.sx:408:20
    |
408 |             return result;
    |                    ^^^^^^

error: this function returns 2 values — return them as `return a, b`, not a single value
  --> library/modules/std/http/content_encoding.sx:412:20
    |
412 |             return result;
    |                    ^^^^^^

error: named return element 'n' does not name any return slot
  --> library/modules/std/http/server.sx:691:16
    |
691 |         return .{n, status};
    |                ^^^^^^^^^^^^

error: this function returns 2 values — return them as `return a, b`, not a single value
  --> library/modules/std/http/content_encoding.sx:531:35
    |
531 |         if self.finished { return EncodedProduceStep{ status = EncodedProduceStatus.done }; }
    |                                   ^^^^^^^^^^^^^^^^^^^^^^^^^^^^^^^^^^^^^^^^^^^^^^^^^^^^^^^^

error: this function returns 2 values — return them as `return a, b`, not a single value
  --> library/modules/std/http/content_encoding.sx:537:47
    |
537 |             if progress.produced > 0 { return EncodedProduceStep{ produced = progress.produced, status = EncodedProduceStatus.data }; }
    |                                               ^^^^^^^^^^^^^^^^^^^^^^^^^^^^^^^^^^^^^^^^^^^^^^^^^^^^^^^^^^^^^^^^^^^^^^^^^^^^^^^^^^^^^^

error: this function returns 2 values — return them as `return a, b`, not a single value
  --> library/modules/std/http/content_encoding.sx:538:39
    |
538 |             if self.finished { return EncodedProduceStep{ status = EncodedProduceStatus.done }; }
    |                                       ^^^^^^^^^^^^^^^^^^^^^^^^^^^^^^^^^^^^^^^^^^^^^^^^^^^^^^^^

error: this function returns 2 values — return them as `return a, b`, not a single value
  --> library/modules/std/http/content_encoding.sx:539:47
    |
539 |             if progress.consumed > 0 { return EncodedProduceStep{ status = EncodedProduceStatus.pending }; }
    |                                               ^^^^^^^^^^^^^^^^^^^^^^^^^^^^^^^^^^^^^^^^^^^^^^^^^^^^^^^^^^^

error: this function returns 2 values — return them as `return a, b`, not a single value
  --> library/modules/std/http/content_encoding.sx:550:24
    |
550 |                 return EncodedProduceStep{ status = EncodedProduceStatus.pending };
    |                        ^^^^^^^^^^^^^^^^^^^^^^^^^^^^^^^^^^^^^^^^^^^^^^^^^^^^^^^^^^^

error: this function returns 2 values — return them as `return a, b`, not a single value
  --> library/modules/std/http/content_encoding.sx:557:43
    |
557 |         if progress.produced > 0 { return EncodedProduceStep{ produced = progress.produced, status = EncodedProduceStatus.data }; }
    |                                           ^^^^^^^^^^^^^^^^^^^^^^^^^^^^^^^^^^^^^^^^^^^^^^^^^^^^^^^^^^^^^^^^^^^^^^^^^^^^^^^^^^^^^^

error: this function returns 2 values — return them as `return a, b`, not a single value
  --> library/modules/std/http/content_encoding.sx:558:35
    |
558 |         if self.finished { return EncodedProduceStep{ status = EncodedProduceStatus.done }; }
    |                                   ^^^^^^^^^^^^^^^^^^^^^^^^^^^^^^^^^^^^^^^^^^^^^^^^^^^^^^^^

error: this function returns 2 values — return them as `return a, b`, not a single value
  --> library/modules/std/http/content_encoding.sx:450:20
    |
450 |             return result;
    |                    ^^^^^^

error: this function returns 2 values — return them as `return a, b`, not a single value
  --> library/modules/std/http/content_encoding.sx:454:20
    |
454 |             return result;
    |                    ^^^^^^

error: this function returns 3 values — return them as `return a, b`, not a single value
  --> library/modules/std/internal/compress.sx:3858:24
     |
3858 |                 return Progress{ consumed = consumed, produced = produced, status = .done };
     |                        ^^^^^^^^^^^^^^^^^^^^^^^^^^^^^^^^^^^^^^^^^^^^^^^^^^^^^^^^^^^^^^^^^^^^

error: this function returns 3 values — return them as `return a, b`, not a single value
  --> library/modules/std/internal/compress.sx:3866:24
     |
3866 |                 return Progress{ consumed = consumed, produced = produced, status = .need_input };
     |                        ^^^^^^^^^^^^^^^^^^^^^^^^^^^^^^^^^^^^^^^^^^^^^^^^^^^^^^^^^^^^^^^^^^^^^^^^^^

error: this function returns 3 values — return them as `return a, b`, not a single value
  --> library/modules/std/internal/compress.sx:3878:48
     |
3878 |                 if self.fixed_at < 10 { return Progress{ consumed = consumed, produced = produced, status = .need_input }; }
     |                                                ^^^^^^^^^^^^^^^^^^^^^^^^^^^^^^^^^^^^^^^^^^^^^^^^^^^^^^^^^^^^^^^^^^^^^^^^^^

error: this function returns 3 values — return them as `return a, b`, not a single value
  --> library/modules/std/internal/compress.sx:3895:54
     |
3895 |                 if self.extra_length_at < 2 { return Progress{ consumed = consumed, produced = produced, status = .need_input }; }
     |                                                      ^^^^^^^^^^^^^^^^^^^^^^^^^^^^^^^^^^^^^^^^^^^^^^^^^^^^^^^^^^^^^^^^^^^^^^^^^^

error: this function returns 3 values — return them as `return a, b`, not a single value
  --> library/modules/std/internal/compress.sx:3908:54
     |
3908 |                 if self.extra_remaining > 0 { return Progress{ consumed = consumed, produced = produced, status = .need_input }; }
     |                                                      ^^^^^^^^^^^^^^^^^^^^^^^^^^^^^^^^^^^^^^^^^^^^^^^^^^^^^^^^^^^^^^^^^^^^^^^^^^

error: this function returns 3 values — return them as `return a, b`, not a single value
  --> library/modules/std/internal/compress.sx:3921:36
     |
3921 |                 if !found { return Progress{ consumed = consumed, produced = produced, status = .need_input }; }
     |                                    ^^^^^^^^^^^^^^^^^^^^^^^^^^^^^^^^^^^^^^^^^^^^^^^^^^^^^^^^^^^^^^^^^^^^^^^^^^

error: this function returns 3 values — return them as `return a, b`, not a single value
  --> library/modules/std/internal/compress.sx:3931:52
     |
3931 |                 if self.header_crc_at < 2 { return Progress{ consumed = consumed, produced = produced, status = .need_input }; }
     |                                                    ^^^^^^^^^^^^^^^^^^^^^^^^^^^^^^^^^^^^^^^^^^^^^^^^^^^^^^^^^^^^^^^^^^^^^^^^^^

error: this function returns 3 values — return them as `return a, b`, not a single value
  --> library/modules/std/internal/compress.sx:2943:24
     |
2943 |                 return Progress{ consumed = consumed, produced = produced, status = .done };
     |                        ^^^^^^^^^^^^^^^^^^^^^^^^^^^^^^^^^^^^^^^^^^^^^^^^^^^^^^^^^^^^^^^^^^^^

error: this function returns 3 values — return them as `return a, b`, not a single value
  --> library/modules/std/internal/compress.sx:2948:40
     |
2948 |                 if !available { return Progress{ consumed = consumed, produced = produced, status = .need_input }; }
     |                                        ^^^^^^^^^^^^^^^^^^^^^^^^^^^^^^^^^^^^^^^^^^^^^^^^^^^^^^^^^^^^^^^^^^^^^^^^^^

error: this function returns 3 values — return them as `return a, b`, not a single value
  --> library/modules/std/internal/compress.sx:2981:40
     |
2981 |                 if !available { return Progress{ consumed = consumed, produced = produced, status = .need_input }; }
     |                                        ^^^^^^^^^^^^^^^^^^^^^^^^^^^^^^^^^^^^^^^^^^^^^^^^^^^^^^^^^^^^^^^^^^^^^^^^^^

error: this function returns 3 values — return them as `return a, b`, not a single value
  --> library/modules/std/internal/compress.sx:2988:40
     |
2988 |                 if !available { return Progress{ consumed = consumed, produced = produced, status = .need_input }; }
     |                                        ^^^^^^^^^^^^^^^^^^^^^^^^^^^^^^^^^^^^^^^^^^^^^^^^^^^^^^^^^^^^^^^^^^^^^^^^^^

error: this function returns 3 values — return them as `return a, b`, not a single value
  --> library/modules/std/internal/compress.sx:3012:52
     |
3012 |                 if produced >= output.len { return Progress{ consumed = consumed, produced = produced, status = .need_output }; }
     |                                                    ^^^^^^^^^^^^^^^^^^^^^^^^^^^^^^^^^^^^^^^^^^^^^^^^^^^^^^^^^^^^^^^^^^^^^^^^^^^

error: this function returns 3 values — return them as `return a, b`, not a single value
  --> library/modules/std/internal/compress.sx:3013:51
     |
3013 |                 if consumed >= input.len { return Progress{ consumed = consumed, produced = produced, status = .need_input }; }
     |                                                   ^^^^^^^^^^^^^^^^^^^^^^^^^^^^^^^^^^^^^^^^^^^^^^^^^^^^^^^^^^^^^^^^^^^^^^^^^^

error: this function returns 3 values — return them as `return a, b`, not a single value
  --> library/modules/std/internal/compress.sx:3049:40
     |
3049 |                 if !available { return Progress{ consumed = consumed, produced = produced, status = .need_input }; }
     |                                        ^^^^^^^^^^^^^^^^^^^^^^^^^^^^^^^^^^^^^^^^^^^^^^^^^^^^^^^^^^^^^^^^^^^^^^^^^^

error: this function returns 3 values — return them as `return a, b`, not a single value
  --> library/modules/std/internal/compress.sx:3063:44
     |
3063 |                     if !available { return Progress{ consumed = consumed, produced = produced, status = .need_input }; }
     |                                            ^^^^^^^^^^^^^^^^^^^^^^^^^^^^^^^^^^^^^^^^^^^^^^^^^^^^^^^^^^^^^^^^^^^^^^^^^^

error: this function returns 3 values — return them as `return a, b`, not a single value
  --> library/modules/std/internal/compress.sx:3088:40
     |
3088 |                 if !available { return Progress{ consumed = consumed, produced = produced, status = .need_input }; }
     |                                        ^^^^^^^^^^^^^^^^^^^^^^^^^^^^^^^^^^^^^^^^^^^^^^^^^^^^^^^^^^^^^^^^^^^^^^^^^^

error: this function returns 3 values — return them as `return a, b`, not a single value
  --> library/modules/std/internal/compress.sx:3114:40
     |
3114 |                 if !available { return Progress{ consumed = consumed, produced = produced, status = .need_input }; }
     |                                        ^^^^^^^^^^^^^^^^^^^^^^^^^^^^^^^^^^^^^^^^^^^^^^^^^^^^^^^^^^^^^^^^^^^^^^^^^^

error: this function returns 3 values — return them as `return a, b`, not a single value
  --> library/modules/std/internal/compress.sx:3364:40
     |
3364 |                 if !available { return Progress{ consumed = consumed, produced = produced, status = .need_input }; }
     |                                        ^^^^^^^^^^^^^^^^^^^^^^^^^^^^^^^^^^^^^^^^^^^^^^^^^^^^^^^^^^^^^^^^^^^^^^^^^^

error: this function returns 3 values — return them as `return a, b`, not a single value
  --> library/modules/std/internal/compress.sx:3381:52
     |
3381 |                 if produced >= output.len { return Progress{ consumed = consumed, produced = produced, status = .need_output }; }
     |                                                    ^^^^^^^^^^^^^^^^^^^^^^^^^^^^^^^^^^^^^^^^^^^^^^^^^^^^^^^^^^^^^^^^^^^^^^^^^^^

error: this function returns 3 values — return them as `return a, b`, not a single value
  --> library/modules/std/internal/compress.sx:3388:40
     |
3388 |                 if !available { return Progress{ consumed = consumed, produced = produced, status = .need_input }; }
     |                                        ^^^^^^^^^^^^^^^^^^^^^^^^^^^^^^^^^^^^^^^^^^^^^^^^^^^^^^^^^^^^^^^^^^^^^^^^^^

error: this function returns 3 values — return them as `return a, b`, not a single value
  --> library/modules/std/internal/compress.sx:3397:40
     |
3397 |                 if !available { return Progress{ consumed = consumed, produced = produced, status = .need_input }; }
     |                                        ^^^^^^^^^^^^^^^^^^^^^^^^^^^^^^^^^^^^^^^^^^^^^^^^^^^^^^^^^^^^^^^^^^^^^^^^^^

error: this function returns 3 values — return them as `return a, b`, not a single value
  --> library/modules/std/internal/compress.sx:3410:40
     |
3410 |                 if !available { return Progress{ consumed = consumed, produced = produced, status = .need_input }; }
     |                                        ^^^^^^^^^^^^^^^^^^^^^^^^^^^^^^^^^^^^^^^^^^^^^^^^^^^^^^^^^^^^^^^^^^^^^^^^^^

error: this function returns 3 values — return them as `return a, b`, not a single value
  --> library/modules/std/internal/compress.sx:3418:52
     |
3418 |                 if produced >= output.len { return Progress{ consumed = consumed, produced = produced, status = .need_output }; }
     |                                                    ^^^^^^^^^^^^^^^^^^^^^^^^^^^^^^^^^^^^^^^^^^^^^^^^^^^^^^^^^^^^^^^^^^^^^^^^^^^

error: this function returns 3 values — return them as `return a, b`, not a single value
  --> library/modules/std/internal/compress.sx:3952:24
     |
3952 |                 return Progress{ consumed = consumed, produced = produced, status = progress.status };
     |                        ^^^^^^^^^^^^^^^^^^^^^^^^^^^^^^^^^^^^^^^^^^^^^^^^^^^^^^^^^^^^^^^^^^^^^^^^^^^^^^

error: this function returns 3 values — return them as `return a, b`, not a single value
  --> library/modules/std/internal/compress.sx:3960:49
     |
3960 |                 if self.trailer_at < 8 { return Progress{ consumed = consumed, produced = produced, status = .need_input }; }
     |                                                 ^^^^^^^^^^^^^^^^^^^^^^^^^^^^^^^^^^^^^^^^^^^^^^^^^^^^^^^^^^^^^^^^^^^^^^^^^^

error: this function returns 3 values — return them as `return a, b`, not a single value
  --> library/modules/std/internal/compress.sx:3970:24
     |
3970 |                 return Progress{ consumed = consumed, produced = produced, status = .need_input };
     |                        ^^^^^^^^^^^^^^^^^^^^^^^^^^^^^^^^^^^^^^^^^^^^^^^^^^^^^^^^^^^^^^^^^^^^^^^^^^

error: this function returns 3 values — return them as `return a, b`, not a single value
  --> library/modules/std/internal/compress.sx:3536:45
     |
3536 |             if self.phase == .done { return Progress{ consumed = consumed, produced = produced, status = .done }; }
     |                                             ^^^^^^^^^^^^^^^^^^^^^^^^^^^^^^^^^^^^^^^^^^^^^^^^^^^^^^^^^^^^^^^^^^^^

error: this function returns 3 values — return them as `return a, b`, not a single value
  --> library/modules/std/internal/compress.sx:3543:48
     |
3543 |                 if self.header_at < 2 { return Progress{ consumed = consumed, produced = produced, status = .need_input }; }
     |                                                ^^^^^^^^^^^^^^^^^^^^^^^^^^^^^^^^^^^^^^^^^^^^^^^^^^^^^^^^^^^^^^^^^^^^^^^^^^

error: this function returns 3 values — return them as `return a, b`, not a single value
  --> library/modules/std/internal/compress.sx:3578:24
     |
3578 |                 return Progress{ consumed = consumed, produced = produced, status = progress.status };
     |                        ^^^^^^^^^^^^^^^^^^^^^^^^^^^^^^^^^^^^^^^^^^^^^^^^^^^^^^^^^^^^^^^^^^^^^^^^^^^^^^

error: this function returns 3 values — return them as `return a, b`, not a single value
  --> library/modules/std/internal/compress.sx:3586:49
     |
3586 |                 if self.trailer_at < 4 { return Progress{ consumed = consumed, produced = produced, status = .need_input }; }
     |                                                 ^^^^^^^^^^^^^^^^^^^^^^^^^^^^^^^^^^^^^^^^^^^^^^^^^^^^^^^^^^^^^^^^^^^^^^^^^^

error: this function returns 5 values — return them as `return a, b`, not a single value
  --> library/modules/std/http/client.sx:1004:12
     |
1004 |     return ClientResponse{
     |            ^^^^^^^^^^^^^^^
1005 |         status = final_status,
     | ^^^^^^^^^^^^^^^^^^^^^^^^^^^^^^
1006 |         reason = final_reason,
     | ^^^^^^^^^^^^^^^^^^^^^^^^^^^^^^
1007 |         headers_raw = string{ ptr = *buf[header_start], len = if normalized_headers_len >= 0 then normalized_headers_len else head_end - 2 - header_start },
     | ^^^^^^^^^^^^^^^^^^^^^^^^^^^^^^^^^^^^^^^^^^^^^^^^^^^^^^^^^^^^^^^^^^^^^^^^^^^^^^^^^^^^^^^^^^^^^^^^^^^^^^^^^^^^^^^^^^^^^^^^^^^^^^^^^^^^^^^^^^^^^^^^^^^^^^^^^^^^
1008 |         body = string{ ptr = *buf[head_end], len = body_len },
     | ^^^^^^^^^^^^^^^^^^^^^^^^^^^^^^^^^^^^^^^^^^^^^^^^^^^^^^^^^^^^^^
1009 |         decoded_from = decoded_from,
     | ^^^^^^^^^^^^^^^^^^^^^^^^^^^^^^^^^^^^
1010 |     };
     | ^^^^^

error: the error slot of a failable cannot be dropped — bind it (`v, err := …`) and handle it, or use `try` / `catch`
  --> examples/http/1678-http-client.sx:43:27
   |
43 |                 r1, e1 := http.Client.request(LOOPBACK, PORT, "GET", "/hello", "t", "", "", *b1[0], 4096);
   |                           ^^^^^^^^^^^^^^^^^^^^^^^^^^^^^^^^^^^^^^^^^^^^^^^^^^^^^^^^^^^^^^^^^^^^^^^^^^^^^^^

error: condition must be a bool, integer, pointer, or optional, but has type 'string'
  --> examples/http/1678-http-client.sx:44:20
   |
44 |                 if e1 { print("GET /hello errored\n"); rc = 1; }
   |                    ^^

error: field 'status' not found on type 'i64'
  --> examples/http/1678-http-client.sx:45:25
   |
45 |                 else if r1.status != 200 or r1.body != "world" {
   |                         ^^^^^^^^^

error: field 'body' not found on type 'i64'
  --> examples/http/1678-http-client.sx:45:45
   |
45 |                 else if r1.status != 200 or r1.body != "world" {
   |                                             ^^^^^^^

error: field 'status' not found on type 'i64'
  --> examples/http/1678-http-client.sx:46:68
   |
46 |                     print("GET /hello wrong: status={} body={}\n", r1.status, r1.body); rc = 1;
   |                                                                    ^^^^^^^^^

error: field 'body' not found on type 'i64'
  --> examples/http/1678-http-client.sx:46:79
   |
46 |                     print("GET /hello wrong: status={} body={}\n", r1.status, r1.body); rc = 1;
   |                                                                               ^^^^^^^

error: the error slot of a failable cannot be dropped — bind it (`v, err := …`) and handle it, or use `try` / `catch`
  --> examples/http/1678-http-client.sx:50:27
   |
50 |                 r2, e2 := http.Client.request(LOOPBACK, PORT, "POST", "/echo", "t", "", "ping-pong", *b2[0], 4096);
   |                           ^^^^^^^^^^^^^^^^^^^^^^^^^^^^^^^^^^^^^^^^^^^^^^^^^^^^^^^^^^^^^^^^^^^^^^^^^^^^^^^^^^^^^^^^

error: condition must be a bool, integer, pointer, or optional, but has type 'string'
  --> examples/http/1678-http-client.sx:51:20
   |
51 |                 if e2 { print("POST /echo errored\n"); rc = 1; }
   |                    ^^

error: field 'status' not found on type 'i64'
  --> examples/http/1678-http-client.sx:53:24
   |
53 |                     if r2.status != 200 or r2.body != "ping-pong" {
   |                        ^^^^^^^^^

error: field 'body' not found on type 'i64'
  --> examples/http/1678-http-client.sx:53:44
   |
53 |                     if r2.status != 200 or r2.body != "ping-pong" {
   |                                            ^^^^^^^

error: field 'status' not found on type 'i64'
  --> examples/http/1678-http-client.sx:54:72
   |
54 |                         print("POST /echo wrong: status={} body={}\n", r2.status, r2.body); rc = 1;
   |                                                                        ^^^^^^^^^

error: field 'body' not found on type 'i64'
  --> examples/http/1678-http-client.sx:54:83
   |
54 |                         print("POST /echo wrong: status={} body={}\n", r2.status, r2.body); rc = 1;
   |                                                                                   ^^^^^^^

error: 'header' is not a ufcs function — a plain function does not dispatch via dot-call
  --> examples/http/1678-http-client.sx:57:24
   |
57 |                     if r2.header("content-length") != "9" {
   |                        ^^^^^^^^^

help: call it directly (`header(receiver, ...)`) or declare it `header :: ufcs (...) { ... }`
   |
57 |                     if r2.header("content-length") != "9" {
   |                        ^^^^^^^^^

error: 'header' is not a ufcs function — a plain function does not dispatch via dot-call
  --> examples/http/1678-http-client.sx:58:63
   |
58 |                         print("content-length wrong: '{}'\n", r2.header("content-length")); rc = 1;
   |                                                               ^^^^^^^^^

help: call it directly (`header(receiver, ...)`) or declare it `header :: ufcs (...) { ... }`
   |
58 |                         print("content-length wrong: '{}'\n", r2.header("content-length")); rc = 1;
   |                                                               ^^^^^^^^^

error: the error slot of a failable cannot be dropped — bind it (`v, err := …`) and handle it, or use `try` / `catch`
  --> examples/http/1678-http-client.sx:63:27
   |
63 |                 r3, e3 := http.Client.request(LOOPBACK, PORT, "GET", "/missing", "t", "", "", *b3[0], 4096);
   |                           ^^^^^^^^^^^^^^^^^^^^^^^^^^^^^^^^^^^^^^^^^^^^^^^^^^^^^^^^^^^^^^^^^^^^^^^^^^^^^^^^^

error: condition must be a bool, integer, pointer, or optional, but has type 'string'
  --> examples/http/1678-http-client.sx:64:20
   |
64 |                 if e3 { print("GET /missing errored\n"); rc = 1; }
   |                    ^^

error: field 'status' not found on type 'i64'
  --> examples/http/1678-http-client.sx:65:25
   |
65 |                 else if r3.status != 404 {
   |                         ^^^^^^^^^

error: field 'status' not found on type 'i64'
  --> examples/http/1678-http-client.sx:66:62
   |
66 |                     print("GET /missing wrong: status={}\n", r3.status); rc = 1;
   |                                                              ^^^^^^^^^

error: unresolved 'stop' (in examples/http/1678-http-client.sx fn main)
  --> examples/http/1678-http-client.sx:69:17
   |
69 |                 srv.stop();
   |                 ^^^^^^^^

error: unresolved 'join' (in examples/http/1678-http-client.sx fn main)
  --> examples/http/1678-http-client.sx:70:17
   |
70 |                 t.join();
   |                 ^^^^^^
