error: cannot return a value of type 'Loop' where 'i32' is expected
  --> library/modules/std/event.sx:252:16
    |
252 |         return Loop{ kq = q };
    |                ^^^^^^^^^^^^^^

error: `catch` requires a failable expression; operand has type 'unresolved'
  --> library/modules/std/http/server.sx:1666:9
     |
1666 |         lp.add_read(lfd, LISTENER_UDATA) catch { are = true; };
     |         ^^^^^^^^^^^^^^^^^^^^^^^^^^^^^^^^^^^^^^^^^^^^^^^^^^^^^^

error: `catch` requires a failable expression; operand has type 'unresolved'
  --> library/modules/std/http/server.sx:1674:9
     |
1674 |         lp.add_wake(WAKE_UDATA) catch { swe = true; };
     |         ^^^^^^^^^^^^^^^^^^^^^^^^^^^^^^^^^^^^^^^^^^^^^

error: this function returns 30 values — return them as `return a, b`, not a single value
  --> library/modules/std/http/server.sx:1735:16
     |
1735 |         return Server{
     |                ^^^^^^^
1736 |             cfg = cfg, loop = lp, lfd = lfd, conns = slots,
     | ^^^^^^^^^^^^^^^^^^^^^^^^^^^^^^^^^^^^^^^^^^^^^^^^^^^^^^^^^^^
1737 |             own_alloc = oa, handler = handler, ctx = ctx, ps = ps,
     | ^^^^^^^^^^^^^^^^^^^^^^^^^^^^^^^^^^^^^^^^^^^^^^^^^^^^^^^^^^^^^^^^^^
1738 |             free_head = 0, dheap = dh, dheap_cap = dcap,
     | ^^^^^^^^^^^^^^^^^^^^^^^^^^^^^^^^^^^^^^^^^^^^^^^^^^^^^^^^
1739 |         };
     | ^^^^^^^^^

error: the error slot of a failable cannot be dropped — bind it (`v, err := …`) and handle it, or use `try` / `catch`
  --> examples/http/1682-http-writing-flood-no-clobber.sx:82:20
   |
82 |         srv, se := http.Server.init(cfg, route, 0);
   |                    ^^^^^^^^^^^^^^^^^^^^^^^^^^^^^^^

error: condition must be a bool, integer, pointer, or optional, but has type 'Loop'
  --> examples/http/1682-http-writing-flood-no-clobber.sx:83:12
   |
83 |         if se { print("init failed\n"); return 1; }
   |            ^^

error: 'close' is not a ufcs function — a plain function does not dispatch via dot-call
  --> examples/http/1682-http-writing-flood-no-clobber.sx:86:45
   |
86 |         if ca < 0 { print("dial failed\n"); srv.close(); return 1; }
   |                                             ^^^^^^^^^

help: call it directly (`close(receiver, ...)`) or declare it `close :: ufcs (...) { ... }`
   |
86 |         if ca < 0 { print("dial failed\n"); srv.close(); return 1; }
   |                                             ^^^^^^^^^

error: `catch` requires a failable expression; operand has type 'unresolved'
  --> examples/http/1682-http-writing-flood-no-clobber.sx:99:13
   |
99 |             srv.tick(1) catch {};
   |             ^^^^^^^^^^^^^^^^^^^^

error: field 'conns' not found on type 'Config'
  --> examples/http/1682-http-writing-flood-no-clobber.sx:100:19
    |
100 |             c0 := srv.conns[0];
    |                   ^^^^^^^^^

error: field 'state' not found on type 'i64'
  --> examples/http/1682-http-writing-flood-no-clobber.sx:101:16
    |
101 |             if c0.state == 2 and c0.write_armed { parked = true; }
    |                ^^^^^^^^

error: field 'write_armed' not found on type 'i64'
  --> examples/http/1682-http-writing-flood-no-clobber.sx:101:34
    |
101 |             if c0.state == 2 and c0.write_armed { parked = true; }
    |                                  ^^^^^^^^^^^^^^

error: `catch` requires a failable expression; operand has type 'unresolved'
  --> examples/http/1682-http-writing-flood-no-clobber.sx:122:13
    |
122 |             srv.tick(1) catch {};
    |             ^^^^^^^^^^^^^^^^^^^^

error: `catch` requires a failable expression; operand has type 'unresolved'
  --> examples/http/1682-http-writing-flood-no-clobber.sx:133:13
    |
133 |             srv.tick(1) catch {};
    |             ^^^^^^^^^^^^^^^^^^^^

error: 'close' is not a ufcs function — a plain function does not dispatch via dot-call
  --> examples/http/1682-http-writing-flood-no-clobber.sx:185:9
    |
185 |         srv.close();
    |         ^^^^^^^^^

help: call it directly (`close(receiver, ...)`) or declare it `close :: ufcs (...) { ... }`
    |
185 |         srv.close();
    |         ^^^^^^^^^
