error: cannot return a value of type 'Loop' where 'i32' is expected
  --> library/modules/std/event.sx:252:16
    |
252 |         return Loop{ kq = q };
    |                ^^^^^^^^^^^^^^

error: `catch` requires a failable expression; operand has type 'unresolved'
  --> library/modules/std/http/server.sx:1666:9
     |
1666 |         lp.add_read(lfd, LISTENER_UDATA) catch { are = true; };
     |         ^^^^^^^^^^^^^^^^^^^^^^^^^^^^^^^^^^^^^^^^^^^^^^^^^^^^^^

error: `catch` requires a failable expression; operand has type 'unresolved'
  --> library/modules/std/http/server.sx:1674:9
     |
1674 |         lp.add_wake(WAKE_UDATA) catch { swe = true; };
     |         ^^^^^^^^^^^^^^^^^^^^^^^^^^^^^^^^^^^^^^^^^^^^^

error: this function returns 30 values — return them as `return a, b`, not a single value
  --> library/modules/std/http/server.sx:1735:16
     |
1735 |         return Server{
     |                ^^^^^^^
1736 |             cfg = cfg, loop = lp, lfd = lfd, conns = slots,
     | ^^^^^^^^^^^^^^^^^^^^^^^^^^^^^^^^^^^^^^^^^^^^^^^^^^^^^^^^^^^
1737 |             own_alloc = oa, handler = handler, ctx = ctx, ps = ps,
     | ^^^^^^^^^^^^^^^^^^^^^^^^^^^^^^^^^^^^^^^^^^^^^^^^^^^^^^^^^^^^^^^^^^
1738 |             free_head = 0, dheap = dh, dheap_cap = dcap,
     | ^^^^^^^^^^^^^^^^^^^^^^^^^^^^^^^^^^^^^^^^^^^^^^^^^^^^^^^^
1739 |         };
     | ^^^^^^^^^

error: the error slot of a failable cannot be dropped — bind it (`v, err := …`) and handle it, or use `try` / `catch`
  --> examples/http/1683-http-lingering-close.sx:74:20
   |
74 |         srv, se := http.Server.init(cfg, route, 0);
   |                    ^^^^^^^^^^^^^^^^^^^^^^^^^^^^^^^

error: condition must be a bool, integer, pointer, or optional, but has type 'Loop'
  --> examples/http/1683-http-lingering-close.sx:75:12
   |
75 |         if se { print("init failed\n"); return 1; }
   |            ^^

error: 'close' is not a ufcs function — a plain function does not dispatch via dot-call
  --> examples/http/1683-http-lingering-close.sx:82:45
   |
82 |         if ca < 0 { print("dial failed\n"); srv.close(); return 1; }
   |                                             ^^^^^^^^^

help: call it directly (`close(receiver, ...)`) or declare it `close :: ufcs (...) { ... }`
   |
82 |         if ca < 0 { print("dial failed\n"); srv.close(); return 1; }
   |                                             ^^^^^^^^^

error: `catch` requires a failable expression; operand has type 'unresolved'
  --> examples/http/1683-http-lingering-close.sx:97:13
   |
97 |             srv.tick(1) catch {};
   |             ^^^^^^^^^^^^^^^^^^^^

error: `catch` requires a failable expression; operand has type 'unresolved'
  --> examples/http/1683-http-lingering-close.sx:109:13
    |
109 |             srv.tick(1) catch {};
    |             ^^^^^^^^^^^^^^^^^^^^

error: `catch` requires a failable expression; operand has type 'unresolved'
  --> examples/http/1683-http-lingering-close.sx:141:13
    |
141 |             srv.tick(1) catch {};
    |             ^^^^^^^^^^^^^^^^^^^^

error: unresolved 'stats' (in examples/http/1683-http-lingering-close.sx fn main)
  --> examples/http/1683-http-lingering-close.sx:142:19
    |
142 |             st := srv.stats();
    |                   ^^^^^^^^^

error: field 'active_conns' not found on type 'i64'
  --> examples/http/1683-http-lingering-close.sx:143:16
    |
143 |             if st.active_conns == 0 { break; }
    |                ^^^^^^^^^^^^^^^

error: unresolved 'stats' (in examples/http/1683-http-lingering-close.sx fn main)
  --> examples/http/1683-http-lingering-close.sx:146:15
    |
146 |         st := srv.stats();
    |               ^^^^^^^^^

error: field 'active_conns' not found on type 'i64'
  --> examples/http/1683-http-lingering-close.sx:147:12
    |
147 |         if st.active_conns != 0 {
    |            ^^^^^^^^^^^^^^^

error: field 'active_conns' not found on type 'i64'
  --> examples/http/1683-http-lingering-close.sx:148:63
    |
148 |             print("lingering slot never freed (active={})\n", st.active_conns);
    |                                                               ^^^^^^^^^^^^^^^

error: 'close' is not a ufcs function — a plain function does not dispatch via dot-call
  --> examples/http/1683-http-lingering-close.sx:154:47
    |
154 |         if cb < 0 { print("dial B failed\n"); srv.close(); return 1; }
    |                                               ^^^^^^^^^

help: call it directly (`close(receiver, ...)`) or declare it `close :: ufcs (...) { ... }`
    |
154 |         if cb < 0 { print("dial B failed\n"); srv.close(); return 1; }
    |                                               ^^^^^^^^^

error: `catch` requires a failable expression; operand has type 'unresolved'
  --> examples/http/1683-http-lingering-close.sx:161:13
    |
161 |             srv.tick(1) catch {};
    |             ^^^^^^^^^^^^^^^^^^^^

error: 'close' is not a ufcs function — a plain function does not dispatch via dot-call
  --> examples/http/1683-http-lingering-close.sx:178:9
    |
178 |         srv.close();
    |         ^^^^^^^^^

help: call it directly (`close(receiver, ...)`) or declare it `close :: ufcs (...) { ... }`
    |
178 |         srv.close();
    |         ^^^^^^^^^
