error: cannot return a value of type 'Loop' where 'i32' is expected
  --> library/modules/std/event.sx:252:16
    |
252 |         return Loop{ kq = q };
    |                ^^^^^^^^^^^^^^

error: `catch` requires a failable expression; operand has type 'unresolved'
  --> library/modules/std/http/server.sx:1666:9
     |
1666 |         lp.add_read(lfd, LISTENER_UDATA) catch { are = true; };
     |         ^^^^^^^^^^^^^^^^^^^^^^^^^^^^^^^^^^^^^^^^^^^^^^^^^^^^^^

error: `catch` requires a failable expression; operand has type 'unresolved'
  --> library/modules/std/http/server.sx:1674:9
     |
1674 |         lp.add_wake(WAKE_UDATA) catch { swe = true; };
     |         ^^^^^^^^^^^^^^^^^^^^^^^^^^^^^^^^^^^^^^^^^^^^^

error: this function returns 30 values — return them as `return a, b`, not a single value
  --> library/modules/std/http/server.sx:1735:16
     |
1735 |         return Server{
     |                ^^^^^^^
1736 |             cfg = cfg, loop = lp, lfd = lfd, conns = slots,
     | ^^^^^^^^^^^^^^^^^^^^^^^^^^^^^^^^^^^^^^^^^^^^^^^^^^^^^^^^^^^
1737 |             own_alloc = oa, handler = handler, ctx = ctx, ps = ps,
     | ^^^^^^^^^^^^^^^^^^^^^^^^^^^^^^^^^^^^^^^^^^^^^^^^^^^^^^^^^^^^^^^^^^
1738 |             free_head = 0, dheap = dh, dheap_cap = dcap,
     | ^^^^^^^^^^^^^^^^^^^^^^^^^^^^^^^^^^^^^^^^^^^^^^^^^^^^^^^^
1739 |         };
     | ^^^^^^^^^

error: the error slot of a failable cannot be dropped — bind it (`v, err := …`) and handle it, or use `try` / `catch`
  --> examples/http/1699-http-producer-off-loop.sx:257:20
    |
257 |         srv, se := http.Server.init(cfg, route, xx *obs);
    |                    ^^^^^^^^^^^^^^^^^^^^^^^^^^^^^^^^^^^^^

error: condition must be a bool, integer, pointer, or optional, but has type 'Loop'
  --> examples/http/1699-http-producer-off-loop.sx:258:12
    |
258 |         if se { print("init failed\n"); return 1; }
    |            ^^

error: 'close' is not a ufcs function — a plain function does not dispatch via dot-call
  --> examples/http/1699-http-producer-off-loop.sx:263:48
    |
263 |         if c1 < 0 { print("dial c1 failed\n"); srv.close(); return 1; }
    |                                                ^^^^^^^^^

help: call it directly (`close(receiver, ...)`) or declare it `close :: ufcs (...) { ... }`
    |
263 |         if c1 < 0 { print("dial c1 failed\n"); srv.close(); return 1; }
    |                                                ^^^^^^^^^

error: this function returns 2 values — return them as `return a, b`, not a single value
  --> library/modules/std/http/content_encoding.sx:408:20
    |
408 |             return result;
    |                    ^^^^^^

error: this function returns 2 values — return them as `return a, b`, not a single value
  --> library/modules/std/http/content_encoding.sx:412:20
    |
412 |             return result;
    |                    ^^^^^^

error: named return element 'n' does not name any return slot
  --> library/modules/std/http/server.sx:691:16
    |
691 |         return .{n, status};
    |                ^^^^^^^^^^^^

error: this function returns 2 values — return them as `return a, b`, not a single value
  --> library/modules/std/http/content_encoding.sx:531:35
    |
531 |         if self.finished { return EncodedProduceStep{ status = EncodedProduceStatus.done }; }
    |                                   ^^^^^^^^^^^^^^^^^^^^^^^^^^^^^^^^^^^^^^^^^^^^^^^^^^^^^^^^

error: this function returns 2 values — return them as `return a, b`, not a single value
  --> library/modules/std/http/content_encoding.sx:537:47
    |
537 |             if progress.produced > 0 { return EncodedProduceStep{ produced = progress.produced, status = EncodedProduceStatus.data }; }
    |                                               ^^^^^^^^^^^^^^^^^^^^^^^^^^^^^^^^^^^^^^^^^^^^^^^^^^^^^^^^^^^^^^^^^^^^^^^^^^^^^^^^^^^^^^

error: this function returns 2 values — return them as `return a, b`, not a single value
  --> library/modules/std/http/content_encoding.sx:538:39
    |
538 |             if self.finished { return EncodedProduceStep{ status = EncodedProduceStatus.done }; }
    |                                       ^^^^^^^^^^^^^^^^^^^^^^^^^^^^^^^^^^^^^^^^^^^^^^^^^^^^^^^^

error: this function returns 2 values — return them as `return a, b`, not a single value
  --> library/modules/std/http/content_encoding.sx:539:47
    |
539 |             if progress.consumed > 0 { return EncodedProduceStep{ status = EncodedProduceStatus.pending }; }
    |                                               ^^^^^^^^^^^^^^^^^^^^^^^^^^^^^^^^^^^^^^^^^^^^^^^^^^^^^^^^^^^

error: this function returns 2 values — return them as `return a, b`, not a single value
  --> library/modules/std/http/content_encoding.sx:550:24
    |
550 |                 return EncodedProduceStep{ status = EncodedProduceStatus.pending };
    |                        ^^^^^^^^^^^^^^^^^^^^^^^^^^^^^^^^^^^^^^^^^^^^^^^^^^^^^^^^^^^

error: this function returns 2 values — return them as `return a, b`, not a single value
  --> library/modules/std/http/content_encoding.sx:557:43
    |
557 |         if progress.produced > 0 { return EncodedProduceStep{ produced = progress.produced, status = EncodedProduceStatus.data }; }
    |                                           ^^^^^^^^^^^^^^^^^^^^^^^^^^^^^^^^^^^^^^^^^^^^^^^^^^^^^^^^^^^^^^^^^^^^^^^^^^^^^^^^^^^^^^

error: this function returns 2 values — return them as `return a, b`, not a single value
  --> library/modules/std/http/content_encoding.sx:558:35
    |
558 |         if self.finished { return EncodedProduceStep{ status = EncodedProduceStatus.done }; }
    |                                   ^^^^^^^^^^^^^^^^^^^^^^^^^^^^^^^^^^^^^^^^^^^^^^^^^^^^^^^^

error: 'close' is not a ufcs function — a plain function does not dispatch via dot-call
  --> examples/http/1699-http-producer-off-loop.sx:290:48
    |
290 |         if c2 < 0 { print("dial c2 failed\n"); srv.close(); return 1; }
    |                                                ^^^^^^^^^

help: call it directly (`close(receiver, ...)`) or declare it `close :: ufcs (...) { ... }`
    |
290 |         if c2 < 0 { print("dial c2 failed\n"); srv.close(); return 1; }
    |                                                ^^^^^^^^^

error: `catch` requires a failable expression; operand has type 'unresolved'
  --> examples/http/1699-http-producer-off-loop.sx:295:13
    |
295 |             srv.tick(1) catch {};
    |             ^^^^^^^^^^^^^^^^^^^^

error: unresolved 'in_flight' (in examples/http/1699-http-producer-off-loop.sx fn main)
  --> examples/http/1699-http-producer-off-loop.sx:303:29
    |
303 |         while t < 20000 and srv.in_flight() > 0 {
    |                             ^^^^^^^^^^^^^

error: `catch` requires a failable expression; operand has type 'unresolved'
  --> examples/http/1699-http-producer-off-loop.sx:304:13
    |
304 |             srv.tick(1) catch {};
    |             ^^^^^^^^^^^^^^^^^^^^

error: 'close' is not a ufcs function — a plain function does not dispatch via dot-call
  --> examples/http/1699-http-producer-off-loop.sx:310:48
    |
310 |         if c3 < 0 { print("dial c3 failed\n"); srv.close(); return 1; }
    |                                                ^^^^^^^^^

help: call it directly (`close(receiver, ...)`) or declare it `close :: ufcs (...) { ... }`
    |
310 |         if c3 < 0 { print("dial c3 failed\n"); srv.close(); return 1; }
    |                                                ^^^^^^^^^

error: 'close' is not a ufcs function — a plain function does not dispatch via dot-call
  --> examples/http/1699-http-producer-off-loop.sx:325:48
    |
325 |         if c5 < 0 { print("dial c5 failed\n"); srv.close(); return 1; }
    |                                                ^^^^^^^^^

help: call it directly (`close(receiver, ...)`) or declare it `close :: ufcs (...) { ... }`
    |
325 |         if c5 < 0 { print("dial c5 failed\n"); srv.close(); return 1; }
    |                                                ^^^^^^^^^

error: `catch` requires a failable expression; operand has type 'unresolved'
  --> examples/http/1699-http-producer-off-loop.sx:329:13
    |
329 |             srv.tick(1) catch {};
    |             ^^^^^^^^^^^^^^^^^^^^

error: 'close' is not a ufcs function — a plain function does not dispatch via dot-call
  --> examples/http/1699-http-producer-off-loop.sx:333:9
    |
333 |         srv.close();   // must return: the late-registered chan aborts its pump
    |         ^^^^^^^^^

help: call it directly (`close(receiver, ...)`) or declare it `close :: ufcs (...) { ... }`
    |
333 |         srv.close();   // must return: the late-registered chan aborts its pump
    |         ^^^^^^^^^
