error: cannot return a value of type 'Loop' where 'i32' is expected
  --> library/modules/std/event.sx:252:16
    |
252 |         return Loop{ kq = q };
    |                ^^^^^^^^^^^^^^

error: `catch` requires a failable expression; operand has type 'unresolved'
  --> library/modules/std/http/server.sx:1666:9
     |
1666 |         lp.add_read(lfd, LISTENER_UDATA) catch { are = true; };
     |         ^^^^^^^^^^^^^^^^^^^^^^^^^^^^^^^^^^^^^^^^^^^^^^^^^^^^^^

error: `catch` requires a failable expression; operand has type 'unresolved'
  --> library/modules/std/http/server.sx:1674:9
     |
1674 |         lp.add_wake(WAKE_UDATA) catch { swe = true; };
     |         ^^^^^^^^^^^^^^^^^^^^^^^^^^^^^^^^^^^^^^^^^^^^^

error: this function returns 30 values — return them as `return a, b`, not a single value
  --> library/modules/std/http/server.sx:1735:16
     |
1735 |         return Server{
     |                ^^^^^^^
1736 |             cfg = cfg, loop = lp, lfd = lfd, conns = slots,
     | ^^^^^^^^^^^^^^^^^^^^^^^^^^^^^^^^^^^^^^^^^^^^^^^^^^^^^^^^^^^
1737 |             own_alloc = oa, handler = handler, ctx = ctx, ps = ps,
     | ^^^^^^^^^^^^^^^^^^^^^^^^^^^^^^^^^^^^^^^^^^^^^^^^^^^^^^^^^^^^^^^^^^
1738 |             free_head = 0, dheap = dh, dheap_cap = dcap,
     | ^^^^^^^^^^^^^^^^^^^^^^^^^^^^^^^^^^^^^^^^^^^^^^^^^^^^^^^^
1739 |         };
     | ^^^^^^^^^

error: the error slot of a failable cannot be dropped — bind it (`v, err := …`) and handle it, or use `try` / `catch`
  --> examples/http/1700-http-fiber-handlers.sx:192:20
    |
192 |         srv, se := http.Server.init(cfg, route, xx *obs);
    |                    ^^^^^^^^^^^^^^^^^^^^^^^^^^^^^^^^^^^^^

error: condition must be a bool, integer, pointer, or optional, but has type 'Loop'
  --> examples/http/1700-http-fiber-handlers.sx:193:12
    |
193 |         if se { print("init failed\n"); return 1; }
    |            ^^

error: 'close' is not a ufcs function — a plain function does not dispatch via dot-call
  --> examples/http/1700-http-fiber-handlers.sx:197:48
    |
197 |         if c1 < 0 { print("dial c1 failed\n"); srv.close(); return 1; }
    |                                                ^^^^^^^^^

help: call it directly (`close(receiver, ...)`) or declare it `close :: ufcs (...) { ... }`
    |
197 |         if c1 < 0 { print("dial c1 failed\n"); srv.close(); return 1; }
    |                                                ^^^^^^^^^

error: this function returns 2 values — return them as `return a, b`, not a single value
  --> library/modules/std/http/content_encoding.sx:408:20
    |
408 |             return result;
    |                    ^^^^^^

error: this function returns 2 values — return them as `return a, b`, not a single value
  --> library/modules/std/http/content_encoding.sx:412:20
    |
412 |             return result;
    |                    ^^^^^^

error: named return element 'n' does not name any return slot
  --> library/modules/std/http/server.sx:691:16
    |
691 |         return .{n, status};
    |                ^^^^^^^^^^^^

error: this function returns 2 values — return them as `return a, b`, not a single value
  --> library/modules/std/http/content_encoding.sx:531:35
    |
531 |         if self.finished { return EncodedProduceStep{ status = EncodedProduceStatus.done }; }
    |                                   ^^^^^^^^^^^^^^^^^^^^^^^^^^^^^^^^^^^^^^^^^^^^^^^^^^^^^^^^

error: this function returns 2 values — return them as `return a, b`, not a single value
  --> library/modules/std/http/content_encoding.sx:537:47
    |
537 |             if progress.produced > 0 { return EncodedProduceStep{ produced = progress.produced, status = EncodedProduceStatus.data }; }
    |                                               ^^^^^^^^^^^^^^^^^^^^^^^^^^^^^^^^^^^^^^^^^^^^^^^^^^^^^^^^^^^^^^^^^^^^^^^^^^^^^^^^^^^^^^

error: this function returns 2 values — return them as `return a, b`, not a single value
  --> library/modules/std/http/content_encoding.sx:538:39
    |
538 |             if self.finished { return EncodedProduceStep{ status = EncodedProduceStatus.done }; }
    |                                       ^^^^^^^^^^^^^^^^^^^^^^^^^^^^^^^^^^^^^^^^^^^^^^^^^^^^^^^^

error: this function returns 2 values — return them as `return a, b`, not a single value
  --> library/modules/std/http/content_encoding.sx:539:47
    |
539 |             if progress.consumed > 0 { return EncodedProduceStep{ status = EncodedProduceStatus.pending }; }
    |                                               ^^^^^^^^^^^^^^^^^^^^^^^^^^^^^^^^^^^^^^^^^^^^^^^^^^^^^^^^^^^

error: this function returns 2 values — return them as `return a, b`, not a single value
  --> library/modules/std/http/content_encoding.sx:550:24
    |
550 |                 return EncodedProduceStep{ status = EncodedProduceStatus.pending };
    |                        ^^^^^^^^^^^^^^^^^^^^^^^^^^^^^^^^^^^^^^^^^^^^^^^^^^^^^^^^^^^

error: this function returns 2 values — return them as `return a, b`, not a single value
  --> library/modules/std/http/content_encoding.sx:557:43
    |
557 |         if progress.produced > 0 { return EncodedProduceStep{ produced = progress.produced, status = EncodedProduceStatus.data }; }
    |                                           ^^^^^^^^^^^^^^^^^^^^^^^^^^^^^^^^^^^^^^^^^^^^^^^^^^^^^^^^^^^^^^^^^^^^^^^^^^^^^^^^^^^^^^

error: this function returns 2 values — return them as `return a, b`, not a single value
  --> library/modules/std/http/content_encoding.sx:558:35
    |
558 |         if self.finished { return EncodedProduceStep{ status = EncodedProduceStatus.done }; }
    |                                   ^^^^^^^^^^^^^^^^^^^^^^^^^^^^^^^^^^^^^^^^^^^^^^^^^^^^^^^^

error: 'close' is not a ufcs function — a plain function does not dispatch via dot-call
  --> examples/http/1700-http-fiber-handlers.sx:223:52
    |
223 |             if cp < 0 { print("dial cp failed\n"); srv.close(); return 1; }
    |                                                    ^^^^^^^^^

help: call it directly (`close(receiver, ...)`) or declare it `close :: ufcs (...) { ... }`
    |
223 |             if cp < 0 { print("dial cp failed\n"); srv.close(); return 1; }
    |                                                    ^^^^^^^^^

error: `catch` requires a failable expression; operand has type 'unresolved'
  --> examples/http/1700-http-fiber-handlers.sx:226:13
    |
226 |             srv.tick(1) catch {};
    |             ^^^^^^^^^^^^^^^^^^^^

error: `catch` requires a failable expression; operand has type 'unresolved'
  --> examples/http/1700-http-fiber-handlers.sx:227:13
    |
227 |             srv.tick(1) catch {};
    |             ^^^^^^^^^^^^^^^^^^^^

error: unresolved 'stats' (in examples/http/1700-http-fiber-handlers.sx fn main)
  --> examples/http/1700-http-fiber-handlers.sx:228:32
    |
228 |             bytes_in_before := srv.stats().bytes_in;
    |                                ^^^^^^^^^

error: unresolved 'stats' (in examples/http/1700-http-fiber-handlers.sx fn main)
  --> examples/http/1700-http-fiber-handlers.sx:229:30
    |
229 |             served_before := srv.stats().requests_served;
    |                              ^^^^^^^^^

error: `catch` requires a failable expression; operand has type 'unresolved'
  --> examples/http/1700-http-fiber-handlers.sx:235:13
    |
235 |             srv.tick(50) catch {};
    |             ^^^^^^^^^^^^^^^^^^^^^

error: unresolved 'stats' (in examples/http/1700-http-fiber-handlers.sx fn main)
  --> examples/http/1700-http-fiber-handlers.sx:236:27
    |
236 |             tick_bytes := srv.stats().bytes_in - bytes_in_before;
    |                           ^^^^^^^^^

error: unresolved 'stats' (in examples/http/1700-http-fiber-handlers.sx fn main)
  --> examples/http/1700-http-fiber-handlers.sx:237:28
    |
237 |             tick_served := srv.stats().requests_served - served_before;
    |                            ^^^^^^^^^

error: `catch` requires a failable expression; operand has type 'unresolved'
  --> examples/http/1700-http-fiber-handlers.sx:242:17
    |
242 |                 srv.tick(1) catch {};
    |                 ^^^^^^^^^^^^^^^^^^^^

error: `catch` requires a failable expression; operand has type 'unresolved'
  --> examples/http/1700-http-fiber-handlers.sx:243:17
    |
243 |                 srv.tick(1) catch {};
    |                 ^^^^^^^^^^^^^^^^^^^^

error: `catch` requires a failable expression; operand has type 'unresolved'
  --> examples/http/1700-http-fiber-handlers.sx:270:17
    |
270 |                 srv.tick(1) catch {};
    |                 ^^^^^^^^^^^^^^^^^^^^

error: `catch` requires a failable expression; operand has type 'unresolved'
  --> examples/http/1700-http-fiber-handlers.sx:274:13
    |
274 |             srv.tick(1) catch {};
    |             ^^^^^^^^^^^^^^^^^^^^

error: `catch` requires a failable expression; operand has type 'unresolved'
  --> examples/http/1700-http-fiber-handlers.sx:275:13
    |
275 |             srv.tick(1) catch {};
    |             ^^^^^^^^^^^^^^^^^^^^

error: 'close' is not a ufcs function — a plain function does not dispatch via dot-call
  --> examples/http/1700-http-fiber-handlers.sx:311:48
    |
311 |         if c4 < 0 { print("dial c4 failed\n"); srv.close(); return 1; }
    |                                                ^^^^^^^^^

help: call it directly (`close(receiver, ...)`) or declare it `close :: ufcs (...) { ... }`
    |
311 |         if c4 < 0 { print("dial c4 failed\n"); srv.close(); return 1; }
    |                                                ^^^^^^^^^

error: `catch` requires a failable expression; operand has type 'unresolved'
  --> examples/http/1700-http-fiber-handlers.sx:318:13
    |
318 |             srv.tick(1) catch {};
    |             ^^^^^^^^^^^^^^^^^^^^

error: 'close' is not a ufcs function — a plain function does not dispatch via dot-call
  --> examples/http/1700-http-fiber-handlers.sx:327:48
    |
327 |         if c5 < 0 { print("dial c5 failed\n"); srv.close(); return 1; }
    |                                                ^^^^^^^^^

help: call it directly (`close(receiver, ...)`) or declare it `close :: ufcs (...) { ... }`
    |
327 |         if c5 < 0 { print("dial c5 failed\n"); srv.close(); return 1; }
    |                                                ^^^^^^^^^

error: 'close' is not a ufcs function — a plain function does not dispatch via dot-call
  --> examples/http/1700-http-fiber-handlers.sx:336:48
    |
336 |         if c6 < 0 { print("dial c6 failed\n"); srv.close(); return 1; }
    |                                                ^^^^^^^^^

help: call it directly (`close(receiver, ...)`) or declare it `close :: ufcs (...) { ... }`
    |
336 |         if c6 < 0 { print("dial c6 failed\n"); srv.close(); return 1; }
    |                                                ^^^^^^^^^

error: `catch` requires a failable expression; operand has type 'unresolved'
  --> examples/http/1700-http-fiber-handlers.sx:340:23
    |
340 |         while t < 5 { srv.tick(1) catch {}; t += 1; }   // fiber parked in read_body
    |                       ^^^^^^^^^^^^^^^^^^^^

error: 'close' is not a ufcs function — a plain function does not dispatch via dot-call
  --> examples/http/1700-http-fiber-handlers.sx:342:9
    |
342 |         srv.close();   // faults channels, wakes + drives fibers — must return
    |         ^^^^^^^^^

help: call it directly (`close(receiver, ...)`) or declare it `close :: ufcs (...) { ... }`
    |
342 |         srv.close();   // faults channels, wakes + drives fibers — must return
    |         ^^^^^^^^^
