error: cannot return a value of type 'Loop' where 'i32' is expected
  --> library/modules/std/event.sx:252:16
    |
252 |         return Loop{ kq = q };
    |                ^^^^^^^^^^^^^^

error: `catch` requires a failable expression; operand has type 'unresolved'
  --> library/modules/std/http/server.sx:1666:9
     |
1666 |         lp.add_read(lfd, LISTENER_UDATA) catch { are = true; };
     |         ^^^^^^^^^^^^^^^^^^^^^^^^^^^^^^^^^^^^^^^^^^^^^^^^^^^^^^

error: `catch` requires a failable expression; operand has type 'unresolved'
  --> library/modules/std/http/server.sx:1674:9
     |
1674 |         lp.add_wake(WAKE_UDATA) catch { swe = true; };
     |         ^^^^^^^^^^^^^^^^^^^^^^^^^^^^^^^^^^^^^^^^^^^^^

error: this function returns 30 values — return them as `return a, b`, not a single value
  --> library/modules/std/http/server.sx:1735:16
     |
1735 |         return Server{
     |                ^^^^^^^
1736 |             cfg = cfg, loop = lp, lfd = lfd, conns = slots,
     | ^^^^^^^^^^^^^^^^^^^^^^^^^^^^^^^^^^^^^^^^^^^^^^^^^^^^^^^^^^^
1737 |             own_alloc = oa, handler = handler, ctx = ctx, ps = ps,
     | ^^^^^^^^^^^^^^^^^^^^^^^^^^^^^^^^^^^^^^^^^^^^^^^^^^^^^^^^^^^^^^^^^^
1738 |             free_head = 0, dheap = dh, dheap_cap = dcap,
     | ^^^^^^^^^^^^^^^^^^^^^^^^^^^^^^^^^^^^^^^^^^^^^^^^^^^^^^^^
1739 |         };
     | ^^^^^^^^^

error: the error slot of a failable cannot be dropped — bind it (`v, err := …`) and handle it, or use `try` / `catch`
  --> examples/http/1703-http-tls-alpn-sni-mtls.sx:276:16
    |
276 |     srv, se := http.Server.init(cfg, handler, 0);
    |                ^^^^^^^^^^^^^^^^^^^^^^^^^^^^^^^^^

error: condition must be a bool, integer, pointer, or optional, but has type 'Loop'
  --> examples/http/1703-http-tls-alpn-sni-mtls.sx:277:8
    |
277 |     if se { return 6; }
    |        ^^

error: 'close' is not a ufcs function — a plain function does not dispatch via dot-call
  --> examples/http/1703-http-tls-alpn-sni-mtls.sx:281:19
    |
281 |     if fd_c < 0 { srv.close(); ts.deinit(); return 10; }
    |                   ^^^^^^^^^

help: call it directly (`close(receiver, ...)`) or declare it `close :: ufcs (...) { ... }`
    |
281 |     if fd_c < 0 { srv.close(); ts.deinit(); return 10; }
    |                   ^^^^^^^^^

error: 'close' is not a ufcs function — a plain function does not dispatch via dot-call
  --> examples/http/1703-http-tls-alpn-sni-mtls.sx:285:51
    |
285 |                                     alpn = 2 }) { srv.close(); ts.deinit(); return 11; }
    |                                                   ^^^^^^^^^

help: call it directly (`close(receiver, ...)`) or declare it `close :: ufcs (...) { ... }`
    |
285 |                                     alpn = 2 }) { srv.close(); ts.deinit(); return 11; }
    |                                                   ^^^^^^^^^

error: this function returns 2 values — return them as `return a, b`, not a single value
  --> library/modules/std/http/content_encoding.sx:408:20
    |
408 |             return result;
    |                    ^^^^^^

error: this function returns 2 values — return them as `return a, b`, not a single value
  --> library/modules/std/http/content_encoding.sx:412:20
    |
412 |             return result;
    |                    ^^^^^^

error: named return element 'n' does not name any return slot
  --> library/modules/std/http/server.sx:691:16
    |
691 |         return .{n, status};
    |                ^^^^^^^^^^^^

error: this function returns 2 values — return them as `return a, b`, not a single value
  --> library/modules/std/http/content_encoding.sx:531:35
    |
531 |         if self.finished { return EncodedProduceStep{ status = EncodedProduceStatus.done }; }
    |                                   ^^^^^^^^^^^^^^^^^^^^^^^^^^^^^^^^^^^^^^^^^^^^^^^^^^^^^^^^

error: this function returns 2 values — return them as `return a, b`, not a single value
  --> library/modules/std/http/content_encoding.sx:537:47
    |
537 |             if progress.produced > 0 { return EncodedProduceStep{ produced = progress.produced, status = EncodedProduceStatus.data }; }
    |                                               ^^^^^^^^^^^^^^^^^^^^^^^^^^^^^^^^^^^^^^^^^^^^^^^^^^^^^^^^^^^^^^^^^^^^^^^^^^^^^^^^^^^^^^

error: this function returns 2 values — return them as `return a, b`, not a single value
  --> library/modules/std/http/content_encoding.sx:538:39
    |
538 |             if self.finished { return EncodedProduceStep{ status = EncodedProduceStatus.done }; }
    |                                       ^^^^^^^^^^^^^^^^^^^^^^^^^^^^^^^^^^^^^^^^^^^^^^^^^^^^^^^^

error: this function returns 2 values — return them as `return a, b`, not a single value
  --> library/modules/std/http/content_encoding.sx:539:47
    |
539 |             if progress.consumed > 0 { return EncodedProduceStep{ status = EncodedProduceStatus.pending }; }
    |                                               ^^^^^^^^^^^^^^^^^^^^^^^^^^^^^^^^^^^^^^^^^^^^^^^^^^^^^^^^^^^

error: this function returns 2 values — return them as `return a, b`, not a single value
  --> library/modules/std/http/content_encoding.sx:550:24
    |
550 |                 return EncodedProduceStep{ status = EncodedProduceStatus.pending };
    |                        ^^^^^^^^^^^^^^^^^^^^^^^^^^^^^^^^^^^^^^^^^^^^^^^^^^^^^^^^^^^

error: this function returns 2 values — return them as `return a, b`, not a single value
  --> library/modules/std/http/content_encoding.sx:557:43
    |
557 |         if progress.produced > 0 { return EncodedProduceStep{ produced = progress.produced, status = EncodedProduceStatus.data }; }
    |                                           ^^^^^^^^^^^^^^^^^^^^^^^^^^^^^^^^^^^^^^^^^^^^^^^^^^^^^^^^^^^^^^^^^^^^^^^^^^^^^^^^^^^^^^

error: this function returns 2 values — return them as `return a, b`, not a single value
  --> library/modules/std/http/content_encoding.sx:558:35
    |
558 |         if self.finished { return EncodedProduceStep{ status = EncodedProduceStatus.done }; }
    |                                   ^^^^^^^^^^^^^^^^^^^^^^^^^^^^^^^^^^^^^^^^^^^^^^^^^^^^^^^^

error: 'close' is not a ufcs function — a plain function does not dispatch via dot-call
  --> examples/http/1703-http-tls-alpn-sni-mtls.sx:289:18
    |
289 |     if hc != 0 { srv.close(); ts.deinit(); return 12; }   // must FAIL, not complete/hang
    |                  ^^^^^^^^^

help: call it directly (`close(receiver, ...)`) or declare it `close :: ufcs (...) { ... }`
    |
289 |     if hc != 0 { srv.close(); ts.deinit(); return 12; }   // must FAIL, not complete/hang
    |                  ^^^^^^^^^

error: 'close' is not a ufcs function — a plain function does not dispatch via dot-call
  --> examples/http/1703-http-tls-alpn-sni-mtls.sx:297:19
    |
297 |     if fd_d < 0 { srv.close(); ts.deinit(); return 13; }
    |                   ^^^^^^^^^

help: call it directly (`close(receiver, ...)`) or declare it `close :: ufcs (...) { ... }`
    |
297 |     if fd_d < 0 { srv.close(); ts.deinit(); return 13; }
    |                   ^^^^^^^^^

error: 'close' is not a ufcs function — a plain function does not dispatch via dot-call
  --> examples/http/1703-http-tls-alpn-sni-mtls.sx:301:60
    |
301 |                                     send_cert = false }) { srv.close(); ts.deinit(); return 14; }
    |                                                            ^^^^^^^^^

help: call it directly (`close(receiver, ...)`) or declare it `close :: ufcs (...) { ... }`
    |
301 |                                     send_cert = false }) { srv.close(); ts.deinit(); return 14; }
    |                                                            ^^^^^^^^^

error: 'close' is not a ufcs function — a plain function does not dispatch via dot-call
  --> examples/http/1703-http-tls-alpn-sni-mtls.sx:307:19
    |
307 |     if !refused { srv.close(); ts.deinit(); return 15; }
    |                   ^^^^^^^^^

help: call it directly (`close(receiver, ...)`) or declare it `close :: ufcs (...) { ... }`
    |
307 |     if !refused { srv.close(); ts.deinit(); return 15; }
    |                   ^^^^^^^^^

error: 'close' is not a ufcs function — a plain function does not dispatch via dot-call
  --> examples/http/1703-http-tls-alpn-sni-mtls.sx:311:19
    |
311 |     if fd_a < 0 { srv.close(); ts.deinit(); return 16; }
    |                   ^^^^^^^^^

help: call it directly (`close(receiver, ...)`) or declare it `close :: ufcs (...) { ... }`
    |
311 |     if fd_a < 0 { srv.close(); ts.deinit(); return 16; }
    |                   ^^^^^^^^^

error: 'close' is not a ufcs function — a plain function does not dispatch via dot-call
  --> examples/http/1703-http-tls-alpn-sni-mtls.sx:315:51
    |
315 |                                     alpn = 1 }) { srv.close(); ts.deinit(); return 17; }
    |                                                   ^^^^^^^^^

help: call it directly (`close(receiver, ...)`) or declare it `close :: ufcs (...) { ... }`
    |
315 |                                     alpn = 1 }) { srv.close(); ts.deinit(); return 17; }
    |                                                   ^^^^^^^^^

error: 'close' is not a ufcs function — a plain function does not dispatch via dot-call
  --> examples/http/1703-http-tls-alpn-sni-mtls.sx:318:49
    |
318 |         client_free(*cl_a); socket.close(fd_a); srv.close(); ts.deinit();
    |                                                 ^^^^^^^^^

help: call it directly (`close(receiver, ...)`) or declare it `close :: ufcs (...) { ... }`
    |
318 |         client_free(*cl_a); socket.close(fd_a); srv.close(); ts.deinit();
    |                                                 ^^^^^^^^^

error: 'close' is not a ufcs function — a plain function does not dispatch via dot-call
  --> examples/http/1703-http-tls-alpn-sni-mtls.sx:323:49
    |
323 |         client_free(*cl_a); socket.close(fd_a); srv.close(); ts.deinit();
    |                                                 ^^^^^^^^^

help: call it directly (`close(receiver, ...)`) or declare it `close :: ufcs (...) { ... }`
    |
323 |         client_free(*cl_a); socket.close(fd_a); srv.close(); ts.deinit();
    |                                                 ^^^^^^^^^

error: 'close' is not a ufcs function — a plain function does not dispatch via dot-call
  --> examples/http/1703-http-tls-alpn-sni-mtls.sx:330:18
    |
330 |     if ga != 0 { srv.close(); ts.deinit(); return 20; }
    |                  ^^^^^^^^^

help: call it directly (`close(receiver, ...)`) or declare it `close :: ufcs (...) { ... }`
    |
330 |     if ga != 0 { srv.close(); ts.deinit(); return 20; }
    |                  ^^^^^^^^^

error: 'close' is not a ufcs function — a plain function does not dispatch via dot-call
  --> examples/http/1703-http-tls-alpn-sni-mtls.sx:334:19
    |
334 |     if fd_b < 0 { srv.close(); ts.deinit(); return 21; }
    |                   ^^^^^^^^^

help: call it directly (`close(receiver, ...)`) or declare it `close :: ufcs (...) { ... }`
    |
334 |     if fd_b < 0 { srv.close(); ts.deinit(); return 21; }
    |                   ^^^^^^^^^

error: 'close' is not a ufcs function — a plain function does not dispatch via dot-call
  --> examples/http/1703-http-tls-alpn-sni-mtls.sx:338:9
    |
338 |         srv.close(); ts.deinit(); return 22;
    |         ^^^^^^^^^

help: call it directly (`close(receiver, ...)`) or declare it `close :: ufcs (...) { ... }`
    |
338 |         srv.close(); ts.deinit(); return 22;
    |         ^^^^^^^^^

error: 'close' is not a ufcs function — a plain function does not dispatch via dot-call
  --> examples/http/1703-http-tls-alpn-sni-mtls.sx:342:49
    |
342 |         client_free(*cl_b); socket.close(fd_b); srv.close(); ts.deinit();
    |                                                 ^^^^^^^^^

help: call it directly (`close(receiver, ...)`) or declare it `close :: ufcs (...) { ... }`
    |
342 |         client_free(*cl_b); socket.close(fd_b); srv.close(); ts.deinit();
    |                                                 ^^^^^^^^^

error: 'close' is not a ufcs function — a plain function does not dispatch via dot-call
  --> examples/http/1703-http-tls-alpn-sni-mtls.sx:349:18
    |
349 |     if gb != 0 { srv.close(); ts.deinit(); return 24; }
    |                  ^^^^^^^^^

help: call it directly (`close(receiver, ...)`) or declare it `close :: ufcs (...) { ... }`
    |
349 |     if gb != 0 { srv.close(); ts.deinit(); return 24; }
    |                  ^^^^^^^^^

error: 'close' is not a ufcs function — a plain function does not dispatch via dot-call
  --> examples/http/1703-http-tls-alpn-sni-mtls.sx:351:5
    |
351 |     srv.close();
    |     ^^^^^^^^^

help: call it directly (`close(receiver, ...)`) or declare it `close :: ufcs (...) { ... }`
    |
351 |     srv.close();
    |     ^^^^^^^^^
