error: cannot return a value of type 'Loop' where 'i32' is expected
  --> library/modules/std/event.sx:252:16
    |
252 |         return Loop{ kq = q };
    |                ^^^^^^^^^^^^^^

error: `catch` requires a failable expression; operand has type 'unresolved'
  --> library/modules/std/http/server.sx:1666:9
     |
1666 |         lp.add_read(lfd, LISTENER_UDATA) catch { are = true; };
     |         ^^^^^^^^^^^^^^^^^^^^^^^^^^^^^^^^^^^^^^^^^^^^^^^^^^^^^^

error: `catch` requires a failable expression; operand has type 'unresolved'
  --> library/modules/std/http/server.sx:1674:9
     |
1674 |         lp.add_wake(WAKE_UDATA) catch { swe = true; };
     |         ^^^^^^^^^^^^^^^^^^^^^^^^^^^^^^^^^^^^^^^^^^^^^

error: this function returns 30 values — return them as `return a, b`, not a single value
  --> library/modules/std/http/server.sx:1735:16
     |
1735 |         return Server{
     |                ^^^^^^^
1736 |             cfg = cfg, loop = lp, lfd = lfd, conns = slots,
     | ^^^^^^^^^^^^^^^^^^^^^^^^^^^^^^^^^^^^^^^^^^^^^^^^^^^^^^^^^^^
1737 |             own_alloc = oa, handler = handler, ctx = ctx, ps = ps,
     | ^^^^^^^^^^^^^^^^^^^^^^^^^^^^^^^^^^^^^^^^^^^^^^^^^^^^^^^^^^^^^^^^^^
1738 |             free_head = 0, dheap = dh, dheap_cap = dcap,
     | ^^^^^^^^^^^^^^^^^^^^^^^^^^^^^^^^^^^^^^^^^^^^^^^^^^^^^^^^
1739 |         };
     | ^^^^^^^^^

error: the error slot of a failable cannot be dropped — bind it (`v, err := …`) and handle it, or use `try` / `catch`
  --> examples/http/1704-http-bind-ipv6-unix.sx:201:16
    |
201 |     srv, se := http.Server.init(cfg, handler, 0);
    |                ^^^^^^^^^^^^^^^^^^^^^^^^^^^^^^^^^

error: condition must be a bool, integer, pointer, or optional, but has type 'Loop'
  --> examples/http/1704-http-bind-ipv6-unix.sx:202:8
    |
202 |     if se { return code; }
    |        ^^

error: 'close' is not a ufcs function — a plain function does not dispatch via dot-call
  --> examples/http/1704-http-bind-ipv6-unix.sx:204:17
    |
204 |     if fd < 0 { srv.close(); return code + 1; }
    |                 ^^^^^^^^^

help: call it directly (`close(receiver, ...)`) or declare it `close :: ufcs (...) { ... }`
    |
204 |     if fd < 0 { srv.close(); return code + 1; }
    |                 ^^^^^^^^^

error: this function returns 2 values — return them as `return a, b`, not a single value
  --> library/modules/std/http/content_encoding.sx:408:20
    |
408 |             return result;
    |                    ^^^^^^

error: this function returns 2 values — return them as `return a, b`, not a single value
  --> library/modules/std/http/content_encoding.sx:412:20
    |
412 |             return result;
    |                    ^^^^^^

error: named return element 'n' does not name any return slot
  --> library/modules/std/http/server.sx:691:16
    |
691 |         return .{n, status};
    |                ^^^^^^^^^^^^

error: this function returns 2 values — return them as `return a, b`, not a single value
  --> library/modules/std/http/content_encoding.sx:531:35
    |
531 |         if self.finished { return EncodedProduceStep{ status = EncodedProduceStatus.done }; }
    |                                   ^^^^^^^^^^^^^^^^^^^^^^^^^^^^^^^^^^^^^^^^^^^^^^^^^^^^^^^^

error: this function returns 2 values — return them as `return a, b`, not a single value
  --> library/modules/std/http/content_encoding.sx:537:47
    |
537 |             if progress.produced > 0 { return EncodedProduceStep{ produced = progress.produced, status = EncodedProduceStatus.data }; }
    |                                               ^^^^^^^^^^^^^^^^^^^^^^^^^^^^^^^^^^^^^^^^^^^^^^^^^^^^^^^^^^^^^^^^^^^^^^^^^^^^^^^^^^^^^^

error: this function returns 2 values — return them as `return a, b`, not a single value
  --> library/modules/std/http/content_encoding.sx:538:39
    |
538 |             if self.finished { return EncodedProduceStep{ status = EncodedProduceStatus.done }; }
    |                                       ^^^^^^^^^^^^^^^^^^^^^^^^^^^^^^^^^^^^^^^^^^^^^^^^^^^^^^^^

error: this function returns 2 values — return them as `return a, b`, not a single value
  --> library/modules/std/http/content_encoding.sx:539:47
    |
539 |             if progress.consumed > 0 { return EncodedProduceStep{ status = EncodedProduceStatus.pending }; }
    |                                               ^^^^^^^^^^^^^^^^^^^^^^^^^^^^^^^^^^^^^^^^^^^^^^^^^^^^^^^^^^^

error: this function returns 2 values — return them as `return a, b`, not a single value
  --> library/modules/std/http/content_encoding.sx:550:24
    |
550 |                 return EncodedProduceStep{ status = EncodedProduceStatus.pending };
    |                        ^^^^^^^^^^^^^^^^^^^^^^^^^^^^^^^^^^^^^^^^^^^^^^^^^^^^^^^^^^^

error: this function returns 2 values — return them as `return a, b`, not a single value
  --> library/modules/std/http/content_encoding.sx:557:43
    |
557 |         if progress.produced > 0 { return EncodedProduceStep{ produced = progress.produced, status = EncodedProduceStatus.data }; }
    |                                           ^^^^^^^^^^^^^^^^^^^^^^^^^^^^^^^^^^^^^^^^^^^^^^^^^^^^^^^^^^^^^^^^^^^^^^^^^^^^^^^^^^^^^^

error: this function returns 2 values — return them as `return a, b`, not a single value
  --> library/modules/std/http/content_encoding.sx:558:35
    |
558 |         if self.finished { return EncodedProduceStep{ status = EncodedProduceStatus.done }; }
    |                                   ^^^^^^^^^^^^^^^^^^^^^^^^^^^^^^^^^^^^^^^^^^^^^^^^^^^^^^^^

error: 'close' is not a ufcs function — a plain function does not dispatch via dot-call
  --> examples/http/1704-http-bind-ipv6-unix.sx:207:14
    |
207 |     if !ok { srv.close(); return code + 2; }
    |              ^^^^^^^^^

help: call it directly (`close(receiver, ...)`) or declare it `close :: ufcs (...) { ... }`
    |
207 |     if !ok { srv.close(); return code + 2; }
    |              ^^^^^^^^^

error: 'close' is not a ufcs function — a plain function does not dispatch via dot-call
  --> examples/http/1704-http-bind-ipv6-unix.sx:210:15
    |
210 |     if !vok { srv.close(); return code + 3; }
    |               ^^^^^^^^^

help: call it directly (`close(receiver, ...)`) or declare it `close :: ufcs (...) { ... }`
    |
210 |     if !vok { srv.close(); return code + 3; }
    |               ^^^^^^^^^

error: 'close' is not a ufcs function — a plain function does not dispatch via dot-call
  --> examples/http/1704-http-bind-ipv6-unix.sx:212:18
    |
212 |     if fdr < 0 { srv.close(); return code + 4; }
    |                  ^^^^^^^^^

help: call it directly (`close(receiver, ...)`) or declare it `close :: ufcs (...) { ... }`
    |
212 |     if fdr < 0 { srv.close(); return code + 4; }
    |                  ^^^^^^^^^

error: 'close' is not a ufcs function — a plain function does not dispatch via dot-call
  --> examples/http/1704-http-bind-ipv6-unix.sx:215:5
    |
215 |     srv.close();
    |     ^^^^^^^^^

help: call it directly (`close(receiver, ...)`) or declare it `close :: ufcs (...) { ... }`
    |
215 |     srv.close();
    |     ^^^^^^^^^

error: the error slot of a failable cannot be dropped — bind it (`v, err := …`) and handle it, or use `try` / `catch`
  --> examples/http/1704-http-bind-ipv6-unix.sx:93:16
   |
93 |     srv, se := http.Server.init(cfg, handler, 0);
   |                ^^^^^^^^^^^^^^^^^^^^^^^^^^^^^^^^^

error: condition must be a bool, integer, pointer, or optional, but has type 'Loop'
  --> examples/http/1704-http-bind-ipv6-unix.sx:94:8
   |
94 |     if se { return code; }
   |        ^^

error: 'close' is not a ufcs function — a plain function does not dispatch via dot-call
  --> examples/http/1704-http-bind-ipv6-unix.sx:96:17
   |
96 |     if fd < 0 { srv.close(); return code + 1; }
   |                 ^^^^^^^^^

help: call it directly (`close(receiver, ...)`) or declare it `close :: ufcs (...) { ... }`
   |
96 |     if fd < 0 { srv.close(); return code + 1; }
   |                 ^^^^^^^^^

error: 'close' is not a ufcs function — a plain function does not dispatch via dot-call
  --> examples/http/1704-http-bind-ipv6-unix.sx:99:5
   |
99 |     srv.close();
   |     ^^^^^^^^^

help: call it directly (`close(receiver, ...)`) or declare it `close :: ufcs (...) { ... }`
   |
99 |     srv.close();
   |     ^^^^^^^^^

error: the error slot of a failable cannot be dropped — bind it (`v, err := …`) and handle it, or use `try` / `catch`
  --> examples/http/1704-http-bind-ipv6-unix.sx:132:20
    |
132 |     srv_c, se_c := http.Server.init(cfg_c, handler, 0);
    |                    ^^^^^^^^^^^^^^^^^^^^^^^^^^^^^^^^^^^

error: condition must be a bool, integer, pointer, or optional, but has type 'Loop'
  --> examples/http/1704-http-bind-ipv6-unix.sx:133:8
    |
133 |     if se_c { return 30; }
    |        ^^^^

error: 'close' is not a ufcs function — a plain function does not dispatch via dot-call
  --> examples/http/1704-http-bind-ipv6-unix.sx:135:16
    |
135 |     if !cok6 { srv_c.close(); return 31; }
    |                ^^^^^^^^^^^

help: call it directly (`close(receiver, ...)`) or declare it `close :: ufcs (...) { ... }`
    |
135 |     if !cok6 { srv_c.close(); return 31; }
    |                ^^^^^^^^^^^

error: 'close' is not a ufcs function — a plain function does not dispatch via dot-call
  --> examples/http/1704-http-bind-ipv6-unix.sx:137:18
    |
137 |     if fd6 < 0 { srv_c.close(); return 32; }
    |                  ^^^^^^^^^^^

help: call it directly (`close(receiver, ...)`) or declare it `close :: ufcs (...) { ... }`
    |
137 |     if fd6 < 0 { srv_c.close(); return 32; }
    |                  ^^^^^^^^^^^

error: 'close' is not a ufcs function — a plain function does not dispatch via dot-call
  --> examples/http/1704-http-bind-ipv6-unix.sx:138:53
    |
138 |     if !roundtrip(*srv_c, fd6) { socket.close(fd6); srv_c.close(); return 33; }
    |                                                     ^^^^^^^^^^^

help: call it directly (`close(receiver, ...)`) or declare it `close :: ufcs (...) { ... }`
    |
138 |     if !roundtrip(*srv_c, fd6) { socket.close(fd6); srv_c.close(); return 33; }
    |                                                     ^^^^^^^^^^^

error: 'close' is not a ufcs function — a plain function does not dispatch via dot-call
  --> examples/http/1704-http-bind-ipv6-unix.sx:141:16
    |
141 |     if !cok4 { srv_c.close(); return 34; }
    |                ^^^^^^^^^^^

help: call it directly (`close(receiver, ...)`) or declare it `close :: ufcs (...) { ... }`
    |
141 |     if !cok4 { srv_c.close(); return 34; }
    |                ^^^^^^^^^^^

error: 'close' is not a ufcs function — a plain function does not dispatch via dot-call
  --> examples/http/1704-http-bind-ipv6-unix.sx:143:18
    |
143 |     if fd4 < 0 { srv_c.close(); return 35; }
    |                  ^^^^^^^^^^^

help: call it directly (`close(receiver, ...)`) or declare it `close :: ufcs (...) { ... }`
    |
143 |     if fd4 < 0 { srv_c.close(); return 35; }
    |                  ^^^^^^^^^^^

error: 'close' is not a ufcs function — a plain function does not dispatch via dot-call
  --> examples/http/1704-http-bind-ipv6-unix.sx:144:53
    |
144 |     if !roundtrip(*srv_c, fd4) { socket.close(fd4); srv_c.close(); return 36; }
    |                                                     ^^^^^^^^^^^

help: call it directly (`close(receiver, ...)`) or declare it `close :: ufcs (...) { ... }`
    |
144 |     if !roundtrip(*srv_c, fd4) { socket.close(fd4); srv_c.close(); return 36; }
    |                                                     ^^^^^^^^^^^

error: 'close' is not a ufcs function — a plain function does not dispatch via dot-call
  --> examples/http/1704-http-bind-ipv6-unix.sx:149:15
    |
149 |     if !lok { srv_c.close(); return 37; }
    |               ^^^^^^^^^^^

help: call it directly (`close(receiver, ...)`) or declare it `close :: ufcs (...) { ... }`
    |
149 |     if !lok { srv_c.close(); return 37; }
    |               ^^^^^^^^^^^

error: 'close' is not a ufcs function — a plain function does not dispatch via dot-call
  --> examples/http/1704-http-bind-ipv6-unix.sx:151:18
    |
151 |     if fdl < 0 { srv_c.close(); return 38; }
    |                  ^^^^^^^^^^^

help: call it directly (`close(receiver, ...)`) or declare it `close :: ufcs (...) { ... }`
    |
151 |     if fdl < 0 { srv_c.close(); return 38; }
    |                  ^^^^^^^^^^^

error: 'close' is not a ufcs function — a plain function does not dispatch via dot-call
  --> examples/http/1704-http-bind-ipv6-unix.sx:152:53
    |
152 |     if !roundtrip(*srv_c, fdl) { socket.close(fdl); srv_c.close(); return 39; }
    |                                                     ^^^^^^^^^^^

help: call it directly (`close(receiver, ...)`) or declare it `close :: ufcs (...) { ... }`
    |
152 |     if !roundtrip(*srv_c, fdl) { socket.close(fdl); srv_c.close(); return 39; }
    |                                                     ^^^^^^^^^^^

error: 'close' is not a ufcs function — a plain function does not dispatch via dot-call
  --> examples/http/1704-http-bind-ipv6-unix.sx:154:5
    |
154 |     srv_c.close();
    |     ^^^^^^^^^^^

help: call it directly (`close(receiver, ...)`) or declare it `close :: ufcs (...) { ... }`
    |
154 |     srv_c.close();
    |     ^^^^^^^^^^^

error: the error slot of a failable cannot be dropped — bind it (`v, err := …`) and handle it, or use `try` / `catch`
  --> examples/http/1704-http-bind-ipv6-unix.sx:166:20
    |
166 |     srv_e, se_e := http.Server.init(cfg_e, handler, 0);
    |                    ^^^^^^^^^^^^^^^^^^^^^^^^^^^^^^^^^^^

error: condition must be a bool, integer, pointer, or optional, but has type 'Loop'
  --> examples/http/1704-http-bind-ipv6-unix.sx:167:8
    |
167 |     if se_e { return 50; }
    |        ^^^^

error: 'close' is not a ufcs function — a plain function does not dispatch via dot-call
  --> examples/http/1704-http-bind-ipv6-unix.sx:168:32
    |
168 |     if !fs.exists(SOCK_PATH) { srv_e.close(); return 51; }
    |                                ^^^^^^^^^^^

help: call it directly (`close(receiver, ...)`) or declare it `close :: ufcs (...) { ... }`
    |
168 |     if !fs.exists(SOCK_PATH) { srv_e.close(); return 51; }
    |                                ^^^^^^^^^^^

error: 'close' is not a ufcs function — a plain function does not dispatch via dot-call
  --> examples/http/1704-http-bind-ipv6-unix.sx:170:15
    |
170 |     if !uok { srv_e.close(); return 52; }
    |               ^^^^^^^^^^^

help: call it directly (`close(receiver, ...)`) or declare it `close :: ufcs (...) { ... }`
    |
170 |     if !uok { srv_e.close(); return 52; }
    |               ^^^^^^^^^^^

error: 'close' is not a ufcs function — a plain function does not dispatch via dot-call
  --> examples/http/1704-http-bind-ipv6-unix.sx:172:18
    |
172 |     if fdu < 0 { srv_e.close(); return 53; }
    |                  ^^^^^^^^^^^

help: call it directly (`close(receiver, ...)`) or declare it `close :: ufcs (...) { ... }`
    |
172 |     if fdu < 0 { srv_e.close(); return 53; }
    |                  ^^^^^^^^^^^

error: 'close' is not a ufcs function — a plain function does not dispatch via dot-call
  --> examples/http/1704-http-bind-ipv6-unix.sx:173:53
    |
173 |     if !roundtrip(*srv_e, fdu) { socket.close(fdu); srv_e.close(); return 54; }
    |                                                     ^^^^^^^^^^^

help: call it directly (`close(receiver, ...)`) or declare it `close :: ufcs (...) { ... }`
    |
173 |     if !roundtrip(*srv_e, fdu) { socket.close(fdu); srv_e.close(); return 54; }
    |                                                     ^^^^^^^^^^^

error: 'close' is not a ufcs function — a plain function does not dispatch via dot-call
  --> examples/http/1704-http-bind-ipv6-unix.sx:175:5
    |
175 |     srv_e.close();
    |     ^^^^^^^^^^^

help: call it directly (`close(receiver, ...)`) or declare it `close :: ufcs (...) { ... }`
    |
175 |     srv_e.close();
    |     ^^^^^^^^^^^

error: the error slot of a failable cannot be dropped — bind it (`v, err := …`) and handle it, or use `try` / `catch`
  --> examples/http/1704-http-bind-ipv6-unix.sx:180:15
    |
180 |     _, ef1 := http.Server.init(cfg_f1, handler, 0);
    |               ^^^^^^^^^^^^^^^^^^^^^^^^^^^^^^^^^^^^

error: an error-set value compares only with an `error.X` tag, a `.X` shorthand, or another error-set value; coerce with `xx` to compare the raw id
  --> examples/http/1704-http-bind-ipv6-unix.sx:181:8
    |
181 |     if ef1 != error.Config { return 60; }
    |        ^^^

error: the error slot of a failable cannot be dropped — bind it (`v, err := …`) and handle it, or use `try` / `catch`
  --> examples/http/1704-http-bind-ipv6-unix.sx:183:15
    |
183 |     _, ef2 := http.Server.init(cfg_f2, handler, 0);
    |               ^^^^^^^^^^^^^^^^^^^^^^^^^^^^^^^^^^^^

error: an error-set value compares only with an `error.X` tag, a `.X` shorthand, or another error-set value; coerce with `xx` to compare the raw id
  --> examples/http/1704-http-bind-ipv6-unix.sx:184:8
    |
184 |     if ef2 != error.Config { return 61; }
    |        ^^^

error: the error slot of a failable cannot be dropped — bind it (`v, err := …`) and handle it, or use `try` / `catch`
  --> examples/http/1704-http-bind-ipv6-unix.sx:186:15
    |
186 |     _, ef3 := http.Server.init(cfg_f3, handler, 0);
    |               ^^^^^^^^^^^^^^^^^^^^^^^^^^^^^^^^^^^^

error: an error-set value compares only with an `error.X` tag, a `.X` shorthand, or another error-set value; coerce with `xx` to compare the raw id
  --> examples/http/1704-http-bind-ipv6-unix.sx:187:8
    |
187 |     if ef3 != error.Bind { return 62; }
    |        ^^^

error: the error slot of a failable cannot be dropped — bind it (`v, err := …`) and handle it, or use `try` / `catch`
  --> examples/http/1704-http-bind-ipv6-unix.sx:191:15
    |
191 |     _, ef4 := http.Server.init(cfg_f4, handler, 0);
    |               ^^^^^^^^^^^^^^^^^^^^^^^^^^^^^^^^^^^^

error: an error-set value compares only with an `error.X` tag, a `.X` shorthand, or another error-set value; coerce with `xx` to compare the raw id
  --> examples/http/1704-http-bind-ipv6-unix.sx:192:8
    |
192 |     if ef4 != error.Bind { return 63; }
    |        ^^^
