error: cannot return a value of type 'Loop' where 'i32' is expected
  --> library/modules/std/event.sx:252:16
    |
252 |         return Loop{ kq = q };
    |                ^^^^^^^^^^^^^^

error: `catch` requires a failable expression; operand has type 'unresolved'
  --> library/modules/std/http/server.sx:1666:9
     |
1666 |         lp.add_read(lfd, LISTENER_UDATA) catch { are = true; };
     |         ^^^^^^^^^^^^^^^^^^^^^^^^^^^^^^^^^^^^^^^^^^^^^^^^^^^^^^

error: `catch` requires a failable expression; operand has type 'unresolved'
  --> library/modules/std/http/server.sx:1674:9
     |
1674 |         lp.add_wake(WAKE_UDATA) catch { swe = true; };
     |         ^^^^^^^^^^^^^^^^^^^^^^^^^^^^^^^^^^^^^^^^^^^^^

error: this function returns 30 values — return them as `return a, b`, not a single value
  --> library/modules/std/http/server.sx:1735:16
     |
1735 |         return Server{
     |                ^^^^^^^
1736 |             cfg = cfg, loop = lp, lfd = lfd, conns = slots,
     | ^^^^^^^^^^^^^^^^^^^^^^^^^^^^^^^^^^^^^^^^^^^^^^^^^^^^^^^^^^^
1737 |             own_alloc = oa, handler = handler, ctx = ctx, ps = ps,
     | ^^^^^^^^^^^^^^^^^^^^^^^^^^^^^^^^^^^^^^^^^^^^^^^^^^^^^^^^^^^^^^^^^^
1738 |             free_head = 0, dheap = dh, dheap_cap = dcap,
     | ^^^^^^^^^^^^^^^^^^^^^^^^^^^^^^^^^^^^^^^^^^^^^^^^^^^^^^^^
1739 |         };
     | ^^^^^^^^^

error: the error slot of a failable cannot be dropped — bind it (`v, err := …`) and handle it, or use `try` / `catch`
  --> examples/http/1706-http-client-fetch.sx:126:20
    |
126 |     srv_a, se_a := http.Server.init(cfg_a, handler_a, 0);
    |                    ^^^^^^^^^^^^^^^^^^^^^^^^^^^^^^^^^^^^^

error: condition must be a bool, integer, pointer, or optional, but has type 'Loop'
  --> examples/http/1706-http-client-fetch.sx:127:8
    |
127 |     if se_a { return 2; }
    |        ^^^^

error: this function returns 2 values — return them as `return a, b`, not a single value
  --> library/modules/std/http/content_encoding.sx:408:20
    |
408 |             return result;
    |                    ^^^^^^

error: this function returns 2 values — return them as `return a, b`, not a single value
  --> library/modules/std/http/content_encoding.sx:412:20
    |
412 |             return result;
    |                    ^^^^^^

error: named return element 'n' does not name any return slot
  --> library/modules/std/http/server.sx:691:16
    |
691 |         return .{n, status};
    |                ^^^^^^^^^^^^

error: this function returns 2 values — return them as `return a, b`, not a single value
  --> library/modules/std/http/content_encoding.sx:531:35
    |
531 |         if self.finished { return EncodedProduceStep{ status = EncodedProduceStatus.done }; }
    |                                   ^^^^^^^^^^^^^^^^^^^^^^^^^^^^^^^^^^^^^^^^^^^^^^^^^^^^^^^^

error: this function returns 2 values — return them as `return a, b`, not a single value
  --> library/modules/std/http/content_encoding.sx:537:47
    |
537 |             if progress.produced > 0 { return EncodedProduceStep{ produced = progress.produced, status = EncodedProduceStatus.data }; }
    |                                               ^^^^^^^^^^^^^^^^^^^^^^^^^^^^^^^^^^^^^^^^^^^^^^^^^^^^^^^^^^^^^^^^^^^^^^^^^^^^^^^^^^^^^^

error: this function returns 2 values — return them as `return a, b`, not a single value
  --> library/modules/std/http/content_encoding.sx:538:39
    |
538 |             if self.finished { return EncodedProduceStep{ status = EncodedProduceStatus.done }; }
    |                                       ^^^^^^^^^^^^^^^^^^^^^^^^^^^^^^^^^^^^^^^^^^^^^^^^^^^^^^^^

error: this function returns 2 values — return them as `return a, b`, not a single value
  --> library/modules/std/http/content_encoding.sx:539:47
    |
539 |             if progress.consumed > 0 { return EncodedProduceStep{ status = EncodedProduceStatus.pending }; }
    |                                               ^^^^^^^^^^^^^^^^^^^^^^^^^^^^^^^^^^^^^^^^^^^^^^^^^^^^^^^^^^^

error: this function returns 2 values — return them as `return a, b`, not a single value
  --> library/modules/std/http/content_encoding.sx:550:24
    |
550 |                 return EncodedProduceStep{ status = EncodedProduceStatus.pending };
    |                        ^^^^^^^^^^^^^^^^^^^^^^^^^^^^^^^^^^^^^^^^^^^^^^^^^^^^^^^^^^^

error: this function returns 2 values — return them as `return a, b`, not a single value
  --> library/modules/std/http/content_encoding.sx:557:43
    |
557 |         if progress.produced > 0 { return EncodedProduceStep{ produced = progress.produced, status = EncodedProduceStatus.data }; }
    |                                           ^^^^^^^^^^^^^^^^^^^^^^^^^^^^^^^^^^^^^^^^^^^^^^^^^^^^^^^^^^^^^^^^^^^^^^^^^^^^^^^^^^^^^^

error: this function returns 2 values — return them as `return a, b`, not a single value
  --> library/modules/std/http/content_encoding.sx:558:35
    |
558 |         if self.finished { return EncodedProduceStep{ status = EncodedProduceStatus.done }; }
    |                                   ^^^^^^^^^^^^^^^^^^^^^^^^^^^^^^^^^^^^^^^^^^^^^^^^^^^^^^^^

error: the error slot of a failable cannot be dropped — bind it (`v, err := …`) and handle it, or use `try` / `catch`
  --> examples/http/1706-http-client-fetch.sx:133:20
    |
133 |     srv_b, se_b := http.Server.init(cfg_b, handler_b, 0);
    |                    ^^^^^^^^^^^^^^^^^^^^^^^^^^^^^^^^^^^^^

error: condition must be a bool, integer, pointer, or optional, but has type 'Loop'
  --> examples/http/1706-http-client-fetch.sx:134:8
    |
134 |     if se_b { srv_a.stop(); ta.join(); return 4; }
    |        ^^^^

error: unresolved 'stop' (in examples/http/1706-http-client-fetch.sx fn run)
  --> examples/http/1706-http-client-fetch.sx:134:15
    |
134 |     if se_b { srv_a.stop(); ta.join(); return 4; }
    |               ^^^^^^^^^^

error: unresolved 'join' (in examples/http/1706-http-client-fetch.sx fn run)
  --> examples/http/1706-http-client-fetch.sx:134:29
    |
134 |     if se_b { srv_a.stop(); ta.join(); return 4; }
    |                             ^^^^^^^

error: unresolved 'stop' (in examples/http/1706-http-client-fetch.sx fn run)
  --> examples/http/1706-http-client-fetch.sx:136:14
    |
136 |     if tbe { srv_a.stop(); ta.join(); return 5; }
    |              ^^^^^^^^^^

error: unresolved 'join' (in examples/http/1706-http-client-fetch.sx fn run)
  --> examples/http/1706-http-client-fetch.sx:136:28
    |
136 |     if tbe { srv_a.stop(); ta.join(); return 5; }
    |                            ^^^^^^^

error: this function returns 4 values — return them as `return a, b`, not a single value
  --> library/modules/std/http/client.sx:120:12
    |
120 |     return c;
    |            ^

error: the error slot of a failable cannot be dropped — bind it (`v, err := …`) and handle it, or use `try` / `catch`
  --> library/modules/std/http/client.sx:435:14
    |
435 |     c, oe := open(u.host, u.port, o);
    |              ^^^^^^^^^^^^^^^^^^^^^^^

error: this function returns 2 values — return them as `return a, b`, not a single value
  --> library/modules/std/http/content_encoding.sx:450:20
    |
450 |             return result;
    |                    ^^^^^^

error: this function returns 2 values — return them as `return a, b`, not a single value
  --> library/modules/std/http/content_encoding.sx:454:20
    |
454 |             return result;
    |                    ^^^^^^

error: this function returns 3 values — return them as `return a, b`, not a single value
  --> library/modules/std/internal/compress.sx:3858:24
     |
3858 |                 return Progress{ consumed = consumed, produced = produced, status = .done };
     |                        ^^^^^^^^^^^^^^^^^^^^^^^^^^^^^^^^^^^^^^^^^^^^^^^^^^^^^^^^^^^^^^^^^^^^

error: this function returns 3 values — return them as `return a, b`, not a single value
  --> library/modules/std/internal/compress.sx:3866:24
     |
3866 |                 return Progress{ consumed = consumed, produced = produced, status = .need_input };
     |                        ^^^^^^^^^^^^^^^^^^^^^^^^^^^^^^^^^^^^^^^^^^^^^^^^^^^^^^^^^^^^^^^^^^^^^^^^^^

error: this function returns 3 values — return them as `return a, b`, not a single value
  --> library/modules/std/internal/compress.sx:3878:48
     |
3878 |                 if self.fixed_at < 10 { return Progress{ consumed = consumed, produced = produced, status = .need_input }; }
     |                                                ^^^^^^^^^^^^^^^^^^^^^^^^^^^^^^^^^^^^^^^^^^^^^^^^^^^^^^^^^^^^^^^^^^^^^^^^^^

error: this function returns 3 values — return them as `return a, b`, not a single value
  --> library/modules/std/internal/compress.sx:3895:54
     |
3895 |                 if self.extra_length_at < 2 { return Progress{ consumed = consumed, produced = produced, status = .need_input }; }
     |                                                      ^^^^^^^^^^^^^^^^^^^^^^^^^^^^^^^^^^^^^^^^^^^^^^^^^^^^^^^^^^^^^^^^^^^^^^^^^^

error: this function returns 3 values — return them as `return a, b`, not a single value
  --> library/modules/std/internal/compress.sx:3908:54
     |
3908 |                 if self.extra_remaining > 0 { return Progress{ consumed = consumed, produced = produced, status = .need_input }; }
     |                                                      ^^^^^^^^^^^^^^^^^^^^^^^^^^^^^^^^^^^^^^^^^^^^^^^^^^^^^^^^^^^^^^^^^^^^^^^^^^

error: this function returns 3 values — return them as `return a, b`, not a single value
  --> library/modules/std/internal/compress.sx:3921:36
     |
3921 |                 if !found { return Progress{ consumed = consumed, produced = produced, status = .need_input }; }
     |                                    ^^^^^^^^^^^^^^^^^^^^^^^^^^^^^^^^^^^^^^^^^^^^^^^^^^^^^^^^^^^^^^^^^^^^^^^^^^

error: this function returns 3 values — return them as `return a, b`, not a single value
  --> library/modules/std/internal/compress.sx:3931:52
     |
3931 |                 if self.header_crc_at < 2 { return Progress{ consumed = consumed, produced = produced, status = .need_input }; }
     |                                                    ^^^^^^^^^^^^^^^^^^^^^^^^^^^^^^^^^^^^^^^^^^^^^^^^^^^^^^^^^^^^^^^^^^^^^^^^^^

error: this function returns 3 values — return them as `return a, b`, not a single value
  --> library/modules/std/internal/compress.sx:2943:24
     |
2943 |                 return Progress{ consumed = consumed, produced = produced, status = .done };
     |                        ^^^^^^^^^^^^^^^^^^^^^^^^^^^^^^^^^^^^^^^^^^^^^^^^^^^^^^^^^^^^^^^^^^^^

error: this function returns 3 values — return them as `return a, b`, not a single value
  --> library/modules/std/internal/compress.sx:2948:40
     |
2948 |                 if !available { return Progress{ consumed = consumed, produced = produced, status = .need_input }; }
     |                                        ^^^^^^^^^^^^^^^^^^^^^^^^^^^^^^^^^^^^^^^^^^^^^^^^^^^^^^^^^^^^^^^^^^^^^^^^^^

error: this function returns 3 values — return them as `return a, b`, not a single value
  --> library/modules/std/internal/compress.sx:2981:40
     |
2981 |                 if !available { return Progress{ consumed = consumed, produced = produced, status = .need_input }; }
     |                                        ^^^^^^^^^^^^^^^^^^^^^^^^^^^^^^^^^^^^^^^^^^^^^^^^^^^^^^^^^^^^^^^^^^^^^^^^^^

error: this function returns 3 values — return them as `return a, b`, not a single value
  --> library/modules/std/internal/compress.sx:2988:40
     |
2988 |                 if !available { return Progress{ consumed = consumed, produced = produced, status = .need_input }; }
     |                                        ^^^^^^^^^^^^^^^^^^^^^^^^^^^^^^^^^^^^^^^^^^^^^^^^^^^^^^^^^^^^^^^^^^^^^^^^^^

error: this function returns 3 values — return them as `return a, b`, not a single value
  --> library/modules/std/internal/compress.sx:3012:52
     |
3012 |                 if produced >= output.len { return Progress{ consumed = consumed, produced = produced, status = .need_output }; }
     |                                                    ^^^^^^^^^^^^^^^^^^^^^^^^^^^^^^^^^^^^^^^^^^^^^^^^^^^^^^^^^^^^^^^^^^^^^^^^^^^

error: this function returns 3 values — return them as `return a, b`, not a single value
  --> library/modules/std/internal/compress.sx:3013:51
     |
3013 |                 if consumed >= input.len { return Progress{ consumed = consumed, produced = produced, status = .need_input }; }
     |                                                   ^^^^^^^^^^^^^^^^^^^^^^^^^^^^^^^^^^^^^^^^^^^^^^^^^^^^^^^^^^^^^^^^^^^^^^^^^^

error: this function returns 3 values — return them as `return a, b`, not a single value
  --> library/modules/std/internal/compress.sx:3049:40
     |
3049 |                 if !available { return Progress{ consumed = consumed, produced = produced, status = .need_input }; }
     |                                        ^^^^^^^^^^^^^^^^^^^^^^^^^^^^^^^^^^^^^^^^^^^^^^^^^^^^^^^^^^^^^^^^^^^^^^^^^^

error: this function returns 3 values — return them as `return a, b`, not a single value
  --> library/modules/std/internal/compress.sx:3063:44
     |
3063 |                     if !available { return Progress{ consumed = consumed, produced = produced, status = .need_input }; }
     |                                            ^^^^^^^^^^^^^^^^^^^^^^^^^^^^^^^^^^^^^^^^^^^^^^^^^^^^^^^^^^^^^^^^^^^^^^^^^^

error: this function returns 3 values — return them as `return a, b`, not a single value
  --> library/modules/std/internal/compress.sx:3088:40
     |
3088 |                 if !available { return Progress{ consumed = consumed, produced = produced, status = .need_input }; }
     |                                        ^^^^^^^^^^^^^^^^^^^^^^^^^^^^^^^^^^^^^^^^^^^^^^^^^^^^^^^^^^^^^^^^^^^^^^^^^^

error: this function returns 3 values — return them as `return a, b`, not a single value
  --> library/modules/std/internal/compress.sx:3114:40
     |
3114 |                 if !available { return Progress{ consumed = consumed, produced = produced, status = .need_input }; }
     |                                        ^^^^^^^^^^^^^^^^^^^^^^^^^^^^^^^^^^^^^^^^^^^^^^^^^^^^^^^^^^^^^^^^^^^^^^^^^^

error: this function returns 3 values — return them as `return a, b`, not a single value
  --> library/modules/std/internal/compress.sx:3364:40
     |
3364 |                 if !available { return Progress{ consumed = consumed, produced = produced, status = .need_input }; }
     |                                        ^^^^^^^^^^^^^^^^^^^^^^^^^^^^^^^^^^^^^^^^^^^^^^^^^^^^^^^^^^^^^^^^^^^^^^^^^^

error: this function returns 3 values — return them as `return a, b`, not a single value
  --> library/modules/std/internal/compress.sx:3381:52
     |
3381 |                 if produced >= output.len { return Progress{ consumed = consumed, produced = produced, status = .need_output }; }
     |                                                    ^^^^^^^^^^^^^^^^^^^^^^^^^^^^^^^^^^^^^^^^^^^^^^^^^^^^^^^^^^^^^^^^^^^^^^^^^^^

error: this function returns 3 values — return them as `return a, b`, not a single value
  --> library/modules/std/internal/compress.sx:3388:40
     |
3388 |                 if !available { return Progress{ consumed = consumed, produced = produced, status = .need_input }; }
     |                                        ^^^^^^^^^^^^^^^^^^^^^^^^^^^^^^^^^^^^^^^^^^^^^^^^^^^^^^^^^^^^^^^^^^^^^^^^^^

error: this function returns 3 values — return them as `return a, b`, not a single value
  --> library/modules/std/internal/compress.sx:3397:40
     |
3397 |                 if !available { return Progress{ consumed = consumed, produced = produced, status = .need_input }; }
     |                                        ^^^^^^^^^^^^^^^^^^^^^^^^^^^^^^^^^^^^^^^^^^^^^^^^^^^^^^^^^^^^^^^^^^^^^^^^^^

error: this function returns 3 values — return them as `return a, b`, not a single value
  --> library/modules/std/internal/compress.sx:3410:40
     |
3410 |                 if !available { return Progress{ consumed = consumed, produced = produced, status = .need_input }; }
     |                                        ^^^^^^^^^^^^^^^^^^^^^^^^^^^^^^^^^^^^^^^^^^^^^^^^^^^^^^^^^^^^^^^^^^^^^^^^^^

error: this function returns 3 values — return them as `return a, b`, not a single value
  --> library/modules/std/internal/compress.sx:3418:52
     |
3418 |                 if produced >= output.len { return Progress{ consumed = consumed, produced = produced, status = .need_output }; }
     |                                                    ^^^^^^^^^^^^^^^^^^^^^^^^^^^^^^^^^^^^^^^^^^^^^^^^^^^^^^^^^^^^^^^^^^^^^^^^^^^

error: this function returns 3 values — return them as `return a, b`, not a single value
  --> library/modules/std/internal/compress.sx:3952:24
     |
3952 |                 return Progress{ consumed = consumed, produced = produced, status = progress.status };
     |                        ^^^^^^^^^^^^^^^^^^^^^^^^^^^^^^^^^^^^^^^^^^^^^^^^^^^^^^^^^^^^^^^^^^^^^^^^^^^^^^

error: this function returns 3 values — return them as `return a, b`, not a single value
  --> library/modules/std/internal/compress.sx:3960:49
     |
3960 |                 if self.trailer_at < 8 { return Progress{ consumed = consumed, produced = produced, status = .need_input }; }
     |                                                 ^^^^^^^^^^^^^^^^^^^^^^^^^^^^^^^^^^^^^^^^^^^^^^^^^^^^^^^^^^^^^^^^^^^^^^^^^^

error: this function returns 3 values — return them as `return a, b`, not a single value
  --> library/modules/std/internal/compress.sx:3970:24
     |
3970 |                 return Progress{ consumed = consumed, produced = produced, status = .need_input };
     |                        ^^^^^^^^^^^^^^^^^^^^^^^^^^^^^^^^^^^^^^^^^^^^^^^^^^^^^^^^^^^^^^^^^^^^^^^^^^

error: this function returns 3 values — return them as `return a, b`, not a single value
  --> library/modules/std/internal/compress.sx:3536:45
     |
3536 |             if self.phase == .done { return Progress{ consumed = consumed, produced = produced, status = .done }; }
     |                                             ^^^^^^^^^^^^^^^^^^^^^^^^^^^^^^^^^^^^^^^^^^^^^^^^^^^^^^^^^^^^^^^^^^^^

error: this function returns 3 values — return them as `return a, b`, not a single value
  --> library/modules/std/internal/compress.sx:3543:48
     |
3543 |                 if self.header_at < 2 { return Progress{ consumed = consumed, produced = produced, status = .need_input }; }
     |                                                ^^^^^^^^^^^^^^^^^^^^^^^^^^^^^^^^^^^^^^^^^^^^^^^^^^^^^^^^^^^^^^^^^^^^^^^^^^

error: this function returns 3 values — return them as `return a, b`, not a single value
  --> library/modules/std/internal/compress.sx:3578:24
     |
3578 |                 return Progress{ consumed = consumed, produced = produced, status = progress.status };
     |                        ^^^^^^^^^^^^^^^^^^^^^^^^^^^^^^^^^^^^^^^^^^^^^^^^^^^^^^^^^^^^^^^^^^^^^^^^^^^^^^

error: this function returns 3 values — return them as `return a, b`, not a single value
  --> library/modules/std/internal/compress.sx:3586:49
     |
3586 |                 if self.trailer_at < 4 { return Progress{ consumed = consumed, produced = produced, status = .need_input }; }
     |                                                 ^^^^^^^^^^^^^^^^^^^^^^^^^^^^^^^^^^^^^^^^^^^^^^^^^^^^^^^^^^^^^^^^^^^^^^^^^^

error: this function returns 5 values — return them as `return a, b`, not a single value
  --> library/modules/std/http/client.sx:1004:12
     |
1004 |     return ClientResponse{
     |            ^^^^^^^^^^^^^^^
1005 |         status = final_status,
     | ^^^^^^^^^^^^^^^^^^^^^^^^^^^^^^
1006 |         reason = final_reason,
     | ^^^^^^^^^^^^^^^^^^^^^^^^^^^^^^
1007 |         headers_raw = string{ ptr = *buf[header_start], len = if normalized_headers_len >= 0 then normalized_headers_len else head_end - 2 - header_start },
     | ^^^^^^^^^^^^^^^^^^^^^^^^^^^^^^^^^^^^^^^^^^^^^^^^^^^^^^^^^^^^^^^^^^^^^^^^^^^^^^^^^^^^^^^^^^^^^^^^^^^^^^^^^^^^^^^^^^^^^^^^^^^^^^^^^^^^^^^^^^^^^^^^^^^^^^^^^^^^
1008 |         body = string{ ptr = *buf[head_end], len = body_len },
     | ^^^^^^^^^^^^^^^^^^^^^^^^^^^^^^^^^^^^^^^^^^^^^^^^^^^^^^^^^^^^^^
1009 |         decoded_from = decoded_from,
     | ^^^^^^^^^^^^^^^^^^^^^^^^^^^^^^^^^^^^
1010 |     };
     | ^^^^^

error: the error slot of a failable cannot be dropped — bind it (`v, err := …`) and handle it, or use `try` / `catch`
  --> library/modules/std/http/client.sx:439:14
    |
439 |     r, re := recv_on(*c, buf, cap);
    |              ^^^^^^^^^^^^^^^^^^^^^

error: condition must be a bool, integer, pointer, or optional, but has type 'string'
  --> library/modules/std/http/client.sx:440:8
    |
440 |     if re { close_conn(*c); raise re; }
    |        ^^

error: this function returns 5 values — return them as `return a, b`, not a single value
  --> library/modules/std/http/client.sx:544:20
    |
544 |             return r;
    |                    ^

error: this function returns 5 values — return them as `return a, b`, not a single value
  --> library/modules/std/http/client.sx:550:20
    |
550 |             return r;
    |                    ^

error: the error slot of a failable cannot be dropped — bind it (`v, err := …`) and handle it, or use `try` / `catch`
  --> examples/http/1706-http-client-fetch.sx:142:15
    |
142 |     r1, e1 := http.Client.fetch("GET", "http://127.0.0.1:19027/hello", "", opts, *buf[0], 8192);
    |               ^^^^^^^^^^^^^^^^^^^^^^^^^^^^^^^^^^^^^^^^^^^^^^^^^^^^^^^^^^^^^^^^^^^^^^^^^^^^^^^^^

error: condition must be a bool, integer, pointer, or optional, but has type 'string'
  --> examples/http/1706-http-client-fetch.sx:143:8
    |
143 |     if e1 { return teardown(90, *srv_a, *ta, *srv_b, *tb); }
    |        ^^

error: field 'status' not found on type 'i64'
  --> examples/http/1706-http-client-fetch.sx:144:8
    |
144 |     if r1.status != 200 or r1.body != "fetched" { return teardown(10, *srv_a, *ta, *srv_b, *tb); }
    |        ^^^^^^^^^

error: field 'body' not found on type 'i64'
  --> examples/http/1706-http-client-fetch.sx:144:28
    |
144 |     if r1.status != 200 or r1.body != "fetched" { return teardown(10, *srv_a, *ta, *srv_b, *tb); }
    |                            ^^^^^^^

error: the error slot of a failable cannot be dropped — bind it (`v, err := …`) and handle it, or use `try` / `catch`
  --> examples/http/1706-http-client-fetch.sx:147:15
    |
147 |     r2, e2 := http.Client.fetch("GET", "http://127.0.0.1:19027/r1", "", opts, *buf[0], 8192);
    |               ^^^^^^^^^^^^^^^^^^^^^^^^^^^^^^^^^^^^^^^^^^^^^^^^^^^^^^^^^^^^^^^^^^^^^^^^^^^^^^

error: condition must be a bool, integer, pointer, or optional, but has type 'string'
  --> examples/http/1706-http-client-fetch.sx:148:8
    |
148 |     if e2 { return teardown(91, *srv_a, *ta, *srv_b, *tb); }
    |        ^^

error: field 'status' not found on type 'i64'
  --> examples/http/1706-http-client-fetch.sx:149:8
    |
149 |     if r2.status != 200 or r2.body != "final-get" { return teardown(11, *srv_a, *ta, *srv_b, *tb); }
    |        ^^^^^^^^^

error: field 'body' not found on type 'i64'
  --> examples/http/1706-http-client-fetch.sx:149:28
    |
149 |     if r2.status != 200 or r2.body != "final-get" { return teardown(11, *srv_a, *ta, *srv_b, *tb); }
    |                            ^^^^^^^

error: the error slot of a failable cannot be dropped — bind it (`v, err := …`) and handle it, or use `try` / `catch`
  --> examples/http/1706-http-client-fetch.sx:150:15
    |
150 |     r3, e3 := http.Client.fetch("POST", "http://127.0.0.1:19027/r303", "payload", opts, *buf[0], 8192);
    |               ^^^^^^^^^^^^^^^^^^^^^^^^^^^^^^^^^^^^^^^^^^^^^^^^^^^^^^^^^^^^^^^^^^^^^^^^^^^^^^^^^^^^^^^^

error: condition must be a bool, integer, pointer, or optional, but has type 'string'
  --> examples/http/1706-http-client-fetch.sx:151:8
    |
151 |     if e3 { return teardown(92, *srv_a, *ta, *srv_b, *tb); }
    |        ^^

error: field 'status' not found on type 'i64'
  --> examples/http/1706-http-client-fetch.sx:152:8
    |
152 |     if r3.status != 200 or r3.body != "final-get" { return teardown(12, *srv_a, *ta, *srv_b, *tb); }
    |        ^^^^^^^^^

error: field 'body' not found on type 'i64'
  --> examples/http/1706-http-client-fetch.sx:152:28
    |
152 |     if r3.status != 200 or r3.body != "final-get" { return teardown(12, *srv_a, *ta, *srv_b, *tb); }
    |                            ^^^^^^^

error: the error slot of a failable cannot be dropped — bind it (`v, err := …`) and handle it, or use `try` / `catch`
  --> examples/http/1706-http-client-fetch.sx:153:15
    |
153 |     r4, e4 := http.Client.fetch("POST", "http://127.0.0.1:19027/r307", "payload", opts, *buf[0], 8192);
    |               ^^^^^^^^^^^^^^^^^^^^^^^^^^^^^^^^^^^^^^^^^^^^^^^^^^^^^^^^^^^^^^^^^^^^^^^^^^^^^^^^^^^^^^^^

error: condition must be a bool, integer, pointer, or optional, but has type 'string'
  --> examples/http/1706-http-client-fetch.sx:154:8
    |
154 |     if e4 { return teardown(93, *srv_a, *ta, *srv_b, *tb); }
    |        ^^

error: field 'status' not found on type 'i64'
  --> examples/http/1706-http-client-fetch.sx:155:8
    |
155 |     if r4.status != 200 or r4.body != "final-post:payload" { return teardown(13, *srv_a, *ta, *srv_b, *tb); }
    |        ^^^^^^^^^

error: field 'body' not found on type 'i64'
  --> examples/http/1706-http-client-fetch.sx:155:28
    |
155 |     if r4.status != 200 or r4.body != "final-post:payload" { return teardown(13, *srv_a, *ta, *srv_b, *tb); }
    |                            ^^^^^^^

error: the error slot of a failable cannot be dropped — bind it (`v, err := …`) and handle it, or use `try` / `catch`
  --> examples/http/1706-http-client-fetch.sx:158:14
    |
158 |     _, e5 := http.Client.fetch("GET", "http://127.0.0.1:19027/loop", "", opts, *buf[0], 8192);
    |              ^^^^^^^^^^^^^^^^^^^^^^^^^^^^^^^^^^^^^^^^^^^^^^^^^^^^^^^^^^^^^^^^^^^^^^^^^^^^^^^^

error: an error-set value compares only with an `error.X` tag, a `.X` shorthand, or another error-set value; coerce with `xx` to compare the raw id
  --> examples/http/1706-http-client-fetch.sx:159:8
    |
159 |     if e5 != error.Redirect { return teardown(14, *srv_a, *ta, *srv_b, *tb); }
    |        ^^

error: the error slot of a failable cannot be dropped — bind it (`v, err := …`) and handle it, or use `try` / `catch`
  --> examples/http/1706-http-client-fetch.sx:162:15
    |
162 |     r6, e6 := http.Client.fetch("GET", "http://127.0.0.1:19027/r1", "", opts0, *buf[0], 8192);
    |               ^^^^^^^^^^^^^^^^^^^^^^^^^^^^^^^^^^^^^^^^^^^^^^^^^^^^^^^^^^^^^^^^^^^^^^^^^^^^^^^

error: condition must be a bool, integer, pointer, or optional, but has type 'string'
  --> examples/http/1706-http-client-fetch.sx:163:8
    |
163 |     if e6 { return teardown(94, *srv_a, *ta, *srv_b, *tb); }
    |        ^^

error: field 'status' not found on type 'i64'
  --> examples/http/1706-http-client-fetch.sx:164:8
    |
164 |     if r6.status != 302 { return teardown(15, *srv_a, *ta, *srv_b, *tb); }
    |        ^^^^^^^^^

error: the error slot of a failable cannot be dropped — bind it (`v, err := …`) and handle it, or use `try` / `catch`
  --> examples/http/1706-http-client-fetch.sx:167:15
    |
167 |     r7, e7 := http.Client.fetch("GET", "http://127.0.0.1:19027/xhost", "", opts, *buf[0], 8192);
    |               ^^^^^^^^^^^^^^^^^^^^^^^^^^^^^^^^^^^^^^^^^^^^^^^^^^^^^^^^^^^^^^^^^^^^^^^^^^^^^^^^^

error: condition must be a bool, integer, pointer, or optional, but has type 'string'
  --> examples/http/1706-http-client-fetch.sx:168:8
    |
168 |     if e7 { return teardown(95, *srv_a, *ta, *srv_b, *tb); }
    |        ^^

error: field 'status' not found on type 'i64'
  --> examples/http/1706-http-client-fetch.sx:169:8
    |
169 |     if r7.status != 200 or r7.body != "b-final" { return teardown(16, *srv_a, *ta, *srv_b, *tb); }
    |        ^^^^^^^^^

error: field 'body' not found on type 'i64'
  --> examples/http/1706-http-client-fetch.sx:169:28
    |
169 |     if r7.status != 200 or r7.body != "b-final" { return teardown(16, *srv_a, *ta, *srv_b, *tb); }
    |                            ^^^^^^^

error: unresolved 'stats' (in examples/http/1706-http-client-fetch.sx fn run)
  --> examples/http/1706-http-client-fetch.sx:172:23
    |
172 |     accepts_before := srv_a.stats().accepted_total;
    |                       ^^^^^^^^^^^

error: the error slot of a failable cannot be dropped — bind it (`v, err := …`) and handle it, or use `try` / `catch`
  --> library/modules/std/http/client.sx:1124:26
     |
1124 |                 c, oe := self.dial_entry(u, first);
     |                          ^^^^^^^^^^^^^^^^^^^^^^^^^

error: the error slot of a failable cannot be dropped — bind it (`v, err := …`) and handle it, or use `try` / `catch`
  --> library/modules/std/http/client.sx:1137:22
     |
1137 |             r, re := recv_on(*e.conn, buf, cap);
     |                      ^^^^^^^^^^^^^^^^^^^^^^^^^^

error: condition must be a bool, integer, pointer, or optional, but has type 'string'
  --> library/modules/std/http/client.sx:1138:16
     |
1138 |             if re {
     |                ^^

error: an error-set value compares only with an `error.X` tag, a `.X` shorthand, or another error-set value; coerce with `xx` to compare the raw id
  --> library/modules/std/http/client.sx:1141:20
     |
1141 |                 if re == error.Closed and reused and attempt == 0 {
     |                    ^^

error: 'header' is not a ufcs function — a plain function does not dispatch via dot-call
  --> library/modules/std/http/client.sx:1153:38
     |
1153 |             if connection_says_close(r.header("connection")) { self.drop(idx); }
     |                                      ^^^^^^^^

help: call it directly (`header(receiver, ...)`) or declare it `header :: ufcs (...) { ... }`
     |
1153 |             if connection_says_close(r.header("connection")) { self.drop(idx); }
     |                                      ^^^^^^^^

error: cannot spread this value into 'connection_says_close' — a runtime slice/array has no statically-known length to expand into positional arguments
  --> library/modules/std/http/client.sx:1153:16
     |
1153 |             if connection_says_close(r.header("connection")) { self.drop(idx); }
     |                ^^^^^^^^^^^^^^^^^^^^^

help: spread a tuple (or a comptime pack) instead, or pass the elements individually
     |
1153 |             if connection_says_close(r.header("connection")) { self.drop(idx); }
     |                ^^^^^^^^^^^^^^^^^^^^^

error: this function returns 5 values — return them as `return a, b`, not a single value
  --> library/modules/std/http/client.sx:1154:20
     |
1154 |             return r;
     |                    ^

error: a multi-value failable function (`-> (T1, ..., !)`) must `return` a 5-tuple of its value types
  --> library/modules/std/http/client.sx:1154:20
     |
1154 |             return r;
     |                    ^

error: the error slot of a failable cannot be dropped — bind it (`v, err := …`) and handle it, or use `try` / `catch`
  --> library/modules/std/http/client.sx:1070:22
     |
1070 |             r, he := self.hop(u, m, b, first, buf, cap);
     |                      ^^^^^^^^^^^^^^^^^^^^^^^^^^^^^^^^^^

error: condition must be a bool, integer, pointer, or optional, but has type 'string'
  --> library/modules/std/http/client.sx:1071:16
     |
1071 |             if he { if freeing { context.allocator.dealloc_bytes(pathp); } raise he; }
     |                ^^

error: field 'status' not found on type 'i64'
  --> library/modules/std/http/client.sx:1072:29
     |
1072 |             if !is_redirect(r.status) or self.opts.max_redirects <= 0 {
     |                             ^^^^^^^^

error: this function returns 5 values — return them as `return a, b`, not a single value
  --> library/modules/std/http/client.sx:1074:24
     |
1074 |                 return r;
     |                        ^

error: a multi-value failable function (`-> (T1, ..., !)`) must `return` a 5-tuple of its value types
  --> library/modules/std/http/client.sx:1074:24
     |
1074 |                 return r;
     |                        ^

error: 'header' is not a ufcs function — a plain function does not dispatch via dot-call
  --> library/modules/std/http/client.sx:1076:20
     |
1076 |             loc := r.header("location");
     |                    ^^^^^^^^

help: call it directly (`header(receiver, ...)`) or declare it `header :: ufcs (...) { ... }`
     |
1076 |             loc := r.header("location");
     |                    ^^^^^^^^

error: this function returns 5 values — return them as `return a, b`, not a single value
  --> library/modules/std/http/client.sx:1079:24
     |
1079 |                 return r;
     |                        ^

error: a multi-value failable function (`-> (T1, ..., !)`) must `return` a 5-tuple of its value types
  --> library/modules/std/http/client.sx:1079:24
     |
1079 |                 return r;
     |                        ^

error: field 'status' not found on type 'i64'
  --> library/modules/std/http/client.sx:1102:16
     |
1102 |             if r.status == 301 or r.status == 302 or r.status == 303 {
     |                ^^^^^^^^

error: field 'status' not found on type 'i64'
  --> library/modules/std/http/client.sx:1102:35
     |
1102 |             if r.status == 301 or r.status == 302 or r.status == 303 {
     |                                   ^^^^^^^^

error: field 'status' not found on type 'i64'
  --> library/modules/std/http/client.sx:1102:54
     |
1102 |             if r.status == 301 or r.status == 302 or r.status == 303 {
     |                                                      ^^^^^^^^

error: the error slot of a failable cannot be dropped — bind it (`v, err := …`) and handle it, or use `try` / `catch`
  --> examples/http/1706-http-client-fetch.sx:176:19
    |
176 |         rp, ep := pool.fetch("GET", "http://127.0.0.1:19027/hello", "", *buf[0], 8192);
    |                   ^^^^^^^^^^^^^^^^^^^^^^^^^^^^^^^^^^^^^^^^^^^^^^^^^^^^^^^^^^^^^^^^^^^^

error: condition must be a bool, integer, pointer, or optional, but has type 'string'
  --> examples/http/1706-http-client-fetch.sx:177:12
    |
177 |         if ep { pool.close(); return teardown(96, *srv_a, *ta, *srv_b, *tb); }
    |            ^^

error: field 'status' not found on type 'i64'
  --> examples/http/1706-http-client-fetch.sx:178:12
    |
178 |         if rp.status != 200 or rp.body != "fetched" { pool.close(); return teardown(17, *srv_a, *ta, *srv_b, *tb); }
    |            ^^^^^^^^^

error: field 'body' not found on type 'i64'
  --> examples/http/1706-http-client-fetch.sx:178:32
    |
178 |         if rp.status != 200 or rp.body != "fetched" { pool.close(); return teardown(17, *srv_a, *ta, *srv_b, *tb); }
    |                                ^^^^^^^

error: unresolved 'stats' (in examples/http/1706-http-client-fetch.sx fn run)
  --> examples/http/1706-http-client-fetch.sx:181:12
    |
181 |     st1 := srv_a.stats();
    |            ^^^^^^^^^^^

error: field 'accepted_total' not found on type 'i64'
  --> examples/http/1706-http-client-fetch.sx:184:8
    |
184 |     if st1.accepted_total != accepts_before + 1 { pool.close(); return teardown(21, *srv_a, *ta, *srv_b, *tb); }
    |        ^^^^^^^^^^^^^^^^^^

error: field 'accepted_total' not found on type 'i64'
  --> examples/http/1706-http-client-fetch.sx:185:13
    |
185 |     base := st1.accepted_total;
    |             ^^^^^^^^^^^^^^^^^^

error: the error slot of a failable cannot be dropped — bind it (`v, err := …`) and handle it, or use `try` / `catch`
  --> examples/http/1706-http-client-fetch.sx:186:17
    |
186 |     rp2, ep2 := pool.fetch("GET", "http://127.0.0.1:19027/hello", "", *buf[0], 8192);
    |                 ^^^^^^^^^^^^^^^^^^^^^^^^^^^^^^^^^^^^^^^^^^^^^^^^^^^^^^^^^^^^^^^^^^^^

error: condition must be a bool, integer, pointer, or optional, but has type 'string'
  --> examples/http/1706-http-client-fetch.sx:187:8
    |
187 |     if ep2 { pool.close(); return teardown(97, *srv_a, *ta, *srv_b, *tb); }
    |        ^^^

error: unresolved 'stats' (in examples/http/1706-http-client-fetch.sx fn run)
  --> examples/http/1706-http-client-fetch.sx:189:12
    |
189 |     st2 := srv_a.stats();
    |            ^^^^^^^^^^^

error: field 'accepted_total' not found on type 'i64'
  --> examples/http/1706-http-client-fetch.sx:190:8
    |
190 |     if st2.accepted_total != base { pool.close(); return teardown(18, *srv_a, *ta, *srv_b, *tb); }   // reused, no new accept
    |        ^^^^^^^^^^^^^^^^^^

error: the error slot of a failable cannot be dropped — bind it (`v, err := …`) and handle it, or use `try` / `catch`
  --> examples/http/1706-http-client-fetch.sx:194:17
    |
194 |     rp3, ep3 := pool.fetch("GET", "http://127.0.0.1:19027/hello", "", *buf[0], 8192);
    |                 ^^^^^^^^^^^^^^^^^^^^^^^^^^^^^^^^^^^^^^^^^^^^^^^^^^^^^^^^^^^^^^^^^^^^

error: condition must be a bool, integer, pointer, or optional, but has type 'string'
  --> examples/http/1706-http-client-fetch.sx:195:8
    |
195 |     if ep3 { pool.close(); return teardown(98, *srv_a, *ta, *srv_b, *tb); }
    |        ^^^

error: field 'status' not found on type 'i64'
  --> examples/http/1706-http-client-fetch.sx:196:8
    |
196 |     if rp3.status != 200 or rp3.body != "fetched" { pool.close(); return teardown(19, *srv_a, *ta, *srv_b, *tb); }
    |        ^^^^^^^^^^

error: field 'body' not found on type 'i64'
  --> examples/http/1706-http-client-fetch.sx:196:29
    |
196 |     if rp3.status != 200 or rp3.body != "fetched" { pool.close(); return teardown(19, *srv_a, *ta, *srv_b, *tb); }
    |                             ^^^^^^^^

error: unresolved 'stats' (in examples/http/1706-http-client-fetch.sx fn run)
  --> examples/http/1706-http-client-fetch.sx:197:12
    |
197 |     st3 := srv_a.stats();
    |            ^^^^^^^^^^^

error: field 'accepted_total' not found on type 'i64'
  --> examples/http/1706-http-client-fetch.sx:198:8
    |
198 |     if st3.accepted_total != base + 1 { pool.close(); return teardown(20, *srv_a, *ta, *srv_b, *tb); }
    |        ^^^^^^^^^^^^^^^^^^

error: the error slot of a failable cannot be dropped — bind it (`v, err := …`) and handle it, or use `try` / `catch`
  --> examples/http/1706-http-client-fetch.sx:208:20
    |
208 |     srv_t, se_t := http.Server.init(cfg_t, handler_a, 0);
    |                    ^^^^^^^^^^^^^^^^^^^^^^^^^^^^^^^^^^^^^

error: condition must be a bool, integer, pointer, or optional, but has type 'Loop'
  --> examples/http/1706-http-client-fetch.sx:209:8
    |
209 |     if se_t { return teardown(31, *srv_a, *ta, *srv_b, *tb); }
    |        ^^^^

error: unresolved 'stop' (in examples/http/1706-http-client-fetch.sx fn run)
  --> examples/http/1706-http-client-fetch.sx:214:9
    |
214 |         srv_t.stop(); tt.join(); srv_t.close();
    |         ^^^^^^^^^^

error: unresolved 'join' (in examples/http/1706-http-client-fetch.sx fn run)
  --> examples/http/1706-http-client-fetch.sx:214:23
    |
214 |         srv_t.stop(); tt.join(); srv_t.close();
    |                       ^^^^^^^

error: 'close' is not a ufcs function — a plain function does not dispatch via dot-call
  --> examples/http/1706-http-client-fetch.sx:214:34
    |
214 |         srv_t.stop(); tt.join(); srv_t.close();
    |                                  ^^^^^^^^^^^

help: call it directly (`close(receiver, ...)`) or declare it `close :: ufcs (...) { ... }`
    |
214 |         srv_t.stop(); tt.join(); srv_t.close();
    |                                  ^^^^^^^^^^^

error: the error slot of a failable cannot be dropped — bind it (`v, err := …`) and handle it, or use `try` / `catch`
  --> examples/http/1706-http-client-fetch.sx:220:15
    |
220 |     rt, et := http.Client.fetch("GET", "https://127.0.0.1:19029/hello", "", opts_tls, *buf[0], 8192);
    |               ^^^^^^^^^^^^^^^^^^^^^^^^^^^^^^^^^^^^^^^^^^^^^^^^^^^^^^^^^^^^^^^^^^^^^^^^^^^^^^^^^^^^^^

error: condition must be a bool, integer, pointer, or optional, but has type 'string'
  --> examples/http/1706-http-client-fetch.sx:221:8
    |
221 |     if et { tcc.deinit(); srv_t.stop(); tt.join(); srv_t.close(); return teardown(99, *srv_a, *ta, *srv_b, *tb); }
    |        ^^

error: unresolved 'stop' (in examples/http/1706-http-client-fetch.sx fn run)
  --> examples/http/1706-http-client-fetch.sx:221:27
    |
221 |     if et { tcc.deinit(); srv_t.stop(); tt.join(); srv_t.close(); return teardown(99, *srv_a, *ta, *srv_b, *tb); }
    |                           ^^^^^^^^^^

error: unresolved 'join' (in examples/http/1706-http-client-fetch.sx fn run)
  --> examples/http/1706-http-client-fetch.sx:221:41
    |
221 |     if et { tcc.deinit(); srv_t.stop(); tt.join(); srv_t.close(); return teardown(99, *srv_a, *ta, *srv_b, *tb); }
    |                                         ^^^^^^^

error: 'close' is not a ufcs function — a plain function does not dispatch via dot-call
  --> examples/http/1706-http-client-fetch.sx:221:52
    |
221 |     if et { tcc.deinit(); srv_t.stop(); tt.join(); srv_t.close(); return teardown(99, *srv_a, *ta, *srv_b, *tb); }
    |                                                    ^^^^^^^^^^^

help: call it directly (`close(receiver, ...)`) or declare it `close :: ufcs (...) { ... }`
    |
221 |     if et { tcc.deinit(); srv_t.stop(); tt.join(); srv_t.close(); return teardown(99, *srv_a, *ta, *srv_b, *tb); }
    |                                                    ^^^^^^^^^^^

error: field 'status' not found on type 'i64'
  --> examples/http/1706-http-client-fetch.sx:222:8
    |
222 |     if rt.status != 200 or rt.body != "fetched" {
    |        ^^^^^^^^^

error: field 'body' not found on type 'i64'
  --> examples/http/1706-http-client-fetch.sx:222:28
    |
222 |     if rt.status != 200 or rt.body != "fetched" {
    |                            ^^^^^^^

error: unresolved 'stop' (in examples/http/1706-http-client-fetch.sx fn run)
  --> examples/http/1706-http-client-fetch.sx:223:23
    |
223 |         tcc.deinit(); srv_t.stop(); tt.join(); srv_t.close();
    |                       ^^^^^^^^^^

error: unresolved 'join' (in examples/http/1706-http-client-fetch.sx fn run)
  --> examples/http/1706-http-client-fetch.sx:223:37
    |
223 |         tcc.deinit(); srv_t.stop(); tt.join(); srv_t.close();
    |                                     ^^^^^^^

error: 'close' is not a ufcs function — a plain function does not dispatch via dot-call
  --> examples/http/1706-http-client-fetch.sx:223:48
    |
223 |         tcc.deinit(); srv_t.stop(); tt.join(); srv_t.close();
    |                                                ^^^^^^^^^^^

help: call it directly (`close(receiver, ...)`) or declare it `close :: ufcs (...) { ... }`
    |
223 |         tcc.deinit(); srv_t.stop(); tt.join(); srv_t.close();
    |                                                ^^^^^^^^^^^

error: unresolved 'stats' (in examples/http/1706-http-client-fetch.sx fn run)
  --> examples/http/1706-http-client-fetch.sx:227:21
    |
227 |     tls_accepts0 := srv_t.stats().accepted_total;
    |                     ^^^^^^^^^^^

error: the error slot of a failable cannot be dropped — bind it (`v, err := …`) and handle it, or use `try` / `catch`
  --> examples/http/1706-http-client-fetch.sx:229:17
    |
229 |     rq1, eq1 := tpool.fetch("GET", "https://127.0.0.1:19029/hello", "", *buf[0], 8192);
    |                 ^^^^^^^^^^^^^^^^^^^^^^^^^^^^^^^^^^^^^^^^^^^^^^^^^^^^^^^^^^^^^^^^^^^^^^

error: condition must be a bool, integer, pointer, or optional, but has type 'string'
  --> examples/http/1706-http-client-fetch.sx:230:8
    |
230 |     if eq1 { tpool.close(); tcc.deinit(); srv_t.stop(); tt.join(); srv_t.close(); return teardown(36, *srv_a, *ta, *srv_b, *tb); }
    |        ^^^

error: unresolved 'stop' (in examples/http/1706-http-client-fetch.sx fn run)
  --> examples/http/1706-http-client-fetch.sx:230:43
    |
230 |     if eq1 { tpool.close(); tcc.deinit(); srv_t.stop(); tt.join(); srv_t.close(); return teardown(36, *srv_a, *ta, *srv_b, *tb); }
    |                                           ^^^^^^^^^^

error: unresolved 'join' (in examples/http/1706-http-client-fetch.sx fn run)
  --> examples/http/1706-http-client-fetch.sx:230:57
    |
230 |     if eq1 { tpool.close(); tcc.deinit(); srv_t.stop(); tt.join(); srv_t.close(); return teardown(36, *srv_a, *ta, *srv_b, *tb); }
    |                                                         ^^^^^^^

error: 'close' is not a ufcs function — a plain function does not dispatch via dot-call
  --> examples/http/1706-http-client-fetch.sx:230:68
    |
230 |     if eq1 { tpool.close(); tcc.deinit(); srv_t.stop(); tt.join(); srv_t.close(); return teardown(36, *srv_a, *ta, *srv_b, *tb); }
    |                                                                    ^^^^^^^^^^^

help: call it directly (`close(receiver, ...)`) or declare it `close :: ufcs (...) { ... }`
    |
230 |     if eq1 { tpool.close(); tcc.deinit(); srv_t.stop(); tt.join(); srv_t.close(); return teardown(36, *srv_a, *ta, *srv_b, *tb); }
    |                                                                    ^^^^^^^^^^^

error: the error slot of a failable cannot be dropped — bind it (`v, err := …`) and handle it, or use `try` / `catch`
  --> examples/http/1706-http-client-fetch.sx:231:17
    |
231 |     rq2, eq2 := tpool.fetch("GET", "https://127.0.0.1:19029/hello", "", *buf[0], 8192);
    |                 ^^^^^^^^^^^^^^^^^^^^^^^^^^^^^^^^^^^^^^^^^^^^^^^^^^^^^^^^^^^^^^^^^^^^^^

error: condition must be a bool, integer, pointer, or optional, but has type 'string'
  --> examples/http/1706-http-client-fetch.sx:232:8
    |
232 |     if eq2 { tpool.close(); tcc.deinit(); srv_t.stop(); tt.join(); srv_t.close(); return teardown(37, *srv_a, *ta, *srv_b, *tb); }
    |        ^^^

error: unresolved 'stop' (in examples/http/1706-http-client-fetch.sx fn run)
  --> examples/http/1706-http-client-fetch.sx:232:43
    |
232 |     if eq2 { tpool.close(); tcc.deinit(); srv_t.stop(); tt.join(); srv_t.close(); return teardown(37, *srv_a, *ta, *srv_b, *tb); }
    |                                           ^^^^^^^^^^

error: unresolved 'join' (in examples/http/1706-http-client-fetch.sx fn run)
  --> examples/http/1706-http-client-fetch.sx:232:57
    |
232 |     if eq2 { tpool.close(); tcc.deinit(); srv_t.stop(); tt.join(); srv_t.close(); return teardown(37, *srv_a, *ta, *srv_b, *tb); }
    |                                                         ^^^^^^^

error: 'close' is not a ufcs function — a plain function does not dispatch via dot-call
  --> examples/http/1706-http-client-fetch.sx:232:68
    |
232 |     if eq2 { tpool.close(); tcc.deinit(); srv_t.stop(); tt.join(); srv_t.close(); return teardown(37, *srv_a, *ta, *srv_b, *tb); }
    |                                                                    ^^^^^^^^^^^

help: call it directly (`close(receiver, ...)`) or declare it `close :: ufcs (...) { ... }`
    |
232 |     if eq2 { tpool.close(); tcc.deinit(); srv_t.stop(); tt.join(); srv_t.close(); return teardown(37, *srv_a, *ta, *srv_b, *tb); }
    |                                                                    ^^^^^^^^^^^

error: field 'status' not found on type 'i64'
  --> examples/http/1706-http-client-fetch.sx:233:8
    |
233 |     if rq1.status != 200 or rq2.status != 200 { tpool.close(); tcc.deinit(); srv_t.stop(); tt.join(); srv_t.close(); return teardown(38, *srv_a, *ta, *srv_b, *tb); }
    |        ^^^^^^^^^^

error: field 'status' not found on type 'i64'
  --> examples/http/1706-http-client-fetch.sx:233:29
    |
233 |     if rq1.status != 200 or rq2.status != 200 { tpool.close(); tcc.deinit(); srv_t.stop(); tt.join(); srv_t.close(); return teardown(38, *srv_a, *ta, *srv_b, *tb); }
    |                             ^^^^^^^^^^

error: unresolved 'stop' (in examples/http/1706-http-client-fetch.sx fn run)
  --> examples/http/1706-http-client-fetch.sx:233:78
    |
233 |     if rq1.status != 200 or rq2.status != 200 { tpool.close(); tcc.deinit(); srv_t.stop(); tt.join(); srv_t.close(); return teardown(38, *srv_a, *ta, *srv_b, *tb); }
    |                                                                              ^^^^^^^^^^

error: unresolved 'join' (in examples/http/1706-http-client-fetch.sx fn run)
  --> examples/http/1706-http-client-fetch.sx:233:92
    |
233 |     if rq1.status != 200 or rq2.status != 200 { tpool.close(); tcc.deinit(); srv_t.stop(); tt.join(); srv_t.close(); return teardown(38, *srv_a, *ta, *srv_b, *tb); }
    |                                                                                            ^^^^^^^

error: 'close' is not a ufcs function — a plain function does not dispatch via dot-call
  --> examples/http/1706-http-client-fetch.sx:233:103
    |
233 |     if rq1.status != 200 or rq2.status != 200 { tpool.close(); tcc.deinit(); srv_t.stop(); tt.join(); srv_t.close(); return teardown(38, *srv_a, *ta, *srv_b, *tb); }
    |                                                                                                       ^^^^^^^^^^^

help: call it directly (`close(receiver, ...)`) or declare it `close :: ufcs (...) { ... }`
    |
233 |     if rq1.status != 200 or rq2.status != 200 { tpool.close(); tcc.deinit(); srv_t.stop(); tt.join(); srv_t.close(); return teardown(38, *srv_a, *ta, *srv_b, *tb); }
    |                                                                                                       ^^^^^^^^^^^

error: unresolved 'stats' (in examples/http/1706-http-client-fetch.sx fn run)
  --> examples/http/1706-http-client-fetch.sx:234:8
    |
234 |     if srv_t.stats().accepted_total != tls_accepts0 + 1 { tpool.close(); tcc.deinit(); srv_t.stop(); tt.join(); srv_t.close(); return teardown(39, *srv_a, *ta, *srv_b, *tb); }
    |        ^^^^^^^^^^^

error: unresolved 'stop' (in examples/http/1706-http-client-fetch.sx fn run)
  --> examples/http/1706-http-client-fetch.sx:234:88
    |
234 |     if srv_t.stats().accepted_total != tls_accepts0 + 1 { tpool.close(); tcc.deinit(); srv_t.stop(); tt.join(); srv_t.close(); return teardown(39, *srv_a, *ta, *srv_b, *tb); }
    |                                                                                        ^^^^^^^^^^

error: unresolved 'join' (in examples/http/1706-http-client-fetch.sx fn run)
  --> examples/http/1706-http-client-fetch.sx:234:102
    |
234 |     if srv_t.stats().accepted_total != tls_accepts0 + 1 { tpool.close(); tcc.deinit(); srv_t.stop(); tt.join(); srv_t.close(); return teardown(39, *srv_a, *ta, *srv_b, *tb); }
    |                                                                                                      ^^^^^^^

error: 'close' is not a ufcs function — a plain function does not dispatch via dot-call
  --> examples/http/1706-http-client-fetch.sx:234:113
    |
234 |     if srv_t.stats().accepted_total != tls_accepts0 + 1 { tpool.close(); tcc.deinit(); srv_t.stop(); tt.join(); srv_t.close(); return teardown(39, *srv_a, *ta, *srv_b, *tb); }
    |                                                                                                                 ^^^^^^^^^^^

help: call it directly (`close(receiver, ...)`) or declare it `close :: ufcs (...) { ... }`
    |
234 |     if srv_t.stats().accepted_total != tls_accepts0 + 1 { tpool.close(); tcc.deinit(); srv_t.stop(); tt.join(); srv_t.close(); return teardown(39, *srv_a, *ta, *srv_b, *tb); }
    |                                                                                                                 ^^^^^^^^^^^

error: the error slot of a failable cannot be dropped — bind it (`v, err := …`) and handle it, or use `try` / `catch`
  --> examples/http/1706-http-client-fetch.sx:237:14
    |
237 |     _, en := http.Client.fetch("GET", "https://127.0.0.1:19029/hello", "", opts, *buf[0], 8192);
    |              ^^^^^^^^^^^^^^^^^^^^^^^^^^^^^^^^^^^^^^^^^^^^^^^^^^^^^^^^^^^^^^^^^^^^^^^^^^^^^^^^^^

error: unresolved 'stop' (in examples/http/1706-http-client-fetch.sx fn run)
  --> examples/http/1706-http-client-fetch.sx:238:5
    |
238 |     srv_t.stop();
    |     ^^^^^^^^^^

error: unresolved 'join' (in examples/http/1706-http-client-fetch.sx fn run)
  --> examples/http/1706-http-client-fetch.sx:239:5
    |
239 |     tt.join();
    |     ^^^^^^^

error: 'close' is not a ufcs function — a plain function does not dispatch via dot-call
  --> examples/http/1706-http-client-fetch.sx:240:5
    |
240 |     srv_t.close();
    |     ^^^^^^^^^^^

help: call it directly (`close(receiver, ...)`) or declare it `close :: ufcs (...) { ... }`
    |
240 |     srv_t.close();
    |     ^^^^^^^^^^^

error: an error-set value compares only with an `error.X` tag, a `.X` shorthand, or another error-set value; coerce with `xx` to compare the raw id
  --> examples/http/1706-http-client-fetch.sx:243:8
    |
243 |     if en != error.Tls { return teardown(35, *srv_a, *ta, *srv_b, *tb); }
    |        ^^
