error: this function returns 2 values — return them as `return a, b`, not a single value
  --> library/modules/std/http/content_encoding.sx:450:20
    |
450 |             return result;
    |                    ^^^^^^

error: this function returns 2 values — return them as `return a, b`, not a single value
  --> library/modules/std/http/content_encoding.sx:454:20
    |
454 |             return result;
    |                    ^^^^^^

error: this function returns 3 values — return them as `return a, b`, not a single value
  --> library/modules/std/internal/compress.sx:3858:24
     |
3858 |                 return Progress{ consumed = consumed, produced = produced, status = .done };
     |                        ^^^^^^^^^^^^^^^^^^^^^^^^^^^^^^^^^^^^^^^^^^^^^^^^^^^^^^^^^^^^^^^^^^^^

error: this function returns 3 values — return them as `return a, b`, not a single value
  --> library/modules/std/internal/compress.sx:3866:24
     |
3866 |                 return Progress{ consumed = consumed, produced = produced, status = .need_input };
     |                        ^^^^^^^^^^^^^^^^^^^^^^^^^^^^^^^^^^^^^^^^^^^^^^^^^^^^^^^^^^^^^^^^^^^^^^^^^^

error: this function returns 3 values — return them as `return a, b`, not a single value
  --> library/modules/std/internal/compress.sx:3878:48
     |
3878 |                 if self.fixed_at < 10 { return Progress{ consumed = consumed, produced = produced, status = .need_input }; }
     |                                                ^^^^^^^^^^^^^^^^^^^^^^^^^^^^^^^^^^^^^^^^^^^^^^^^^^^^^^^^^^^^^^^^^^^^^^^^^^

error: this function returns 3 values — return them as `return a, b`, not a single value
  --> library/modules/std/internal/compress.sx:3895:54
     |
3895 |                 if self.extra_length_at < 2 { return Progress{ consumed = consumed, produced = produced, status = .need_input }; }
     |                                                      ^^^^^^^^^^^^^^^^^^^^^^^^^^^^^^^^^^^^^^^^^^^^^^^^^^^^^^^^^^^^^^^^^^^^^^^^^^

error: this function returns 3 values — return them as `return a, b`, not a single value
  --> library/modules/std/internal/compress.sx:3908:54
     |
3908 |                 if self.extra_remaining > 0 { return Progress{ consumed = consumed, produced = produced, status = .need_input }; }
     |                                                      ^^^^^^^^^^^^^^^^^^^^^^^^^^^^^^^^^^^^^^^^^^^^^^^^^^^^^^^^^^^^^^^^^^^^^^^^^^

error: this function returns 3 values — return them as `return a, b`, not a single value
  --> library/modules/std/internal/compress.sx:3921:36
     |
3921 |                 if !found { return Progress{ consumed = consumed, produced = produced, status = .need_input }; }
     |                                    ^^^^^^^^^^^^^^^^^^^^^^^^^^^^^^^^^^^^^^^^^^^^^^^^^^^^^^^^^^^^^^^^^^^^^^^^^^

error: this function returns 3 values — return them as `return a, b`, not a single value
  --> library/modules/std/internal/compress.sx:3931:52
     |
3931 |                 if self.header_crc_at < 2 { return Progress{ consumed = consumed, produced = produced, status = .need_input }; }
     |                                                    ^^^^^^^^^^^^^^^^^^^^^^^^^^^^^^^^^^^^^^^^^^^^^^^^^^^^^^^^^^^^^^^^^^^^^^^^^^

error: this function returns 3 values — return them as `return a, b`, not a single value
  --> library/modules/std/internal/compress.sx:2943:24
     |
2943 |                 return Progress{ consumed = consumed, produced = produced, status = .done };
     |                        ^^^^^^^^^^^^^^^^^^^^^^^^^^^^^^^^^^^^^^^^^^^^^^^^^^^^^^^^^^^^^^^^^^^^

error: this function returns 3 values — return them as `return a, b`, not a single value
  --> library/modules/std/internal/compress.sx:2948:40
     |
2948 |                 if !available { return Progress{ consumed = consumed, produced = produced, status = .need_input }; }
     |                                        ^^^^^^^^^^^^^^^^^^^^^^^^^^^^^^^^^^^^^^^^^^^^^^^^^^^^^^^^^^^^^^^^^^^^^^^^^^

error: this function returns 3 values — return them as `return a, b`, not a single value
  --> library/modules/std/internal/compress.sx:2981:40
     |
2981 |                 if !available { return Progress{ consumed = consumed, produced = produced, status = .need_input }; }
     |                                        ^^^^^^^^^^^^^^^^^^^^^^^^^^^^^^^^^^^^^^^^^^^^^^^^^^^^^^^^^^^^^^^^^^^^^^^^^^

error: this function returns 3 values — return them as `return a, b`, not a single value
  --> library/modules/std/internal/compress.sx:2988:40
     |
2988 |                 if !available { return Progress{ consumed = consumed, produced = produced, status = .need_input }; }
     |                                        ^^^^^^^^^^^^^^^^^^^^^^^^^^^^^^^^^^^^^^^^^^^^^^^^^^^^^^^^^^^^^^^^^^^^^^^^^^

error: this function returns 3 values — return them as `return a, b`, not a single value
  --> library/modules/std/internal/compress.sx:3012:52
     |
3012 |                 if produced >= output.len { return Progress{ consumed = consumed, produced = produced, status = .need_output }; }
     |                                                    ^^^^^^^^^^^^^^^^^^^^^^^^^^^^^^^^^^^^^^^^^^^^^^^^^^^^^^^^^^^^^^^^^^^^^^^^^^^

error: this function returns 3 values — return them as `return a, b`, not a single value
  --> library/modules/std/internal/compress.sx:3013:51
     |
3013 |                 if consumed >= input.len { return Progress{ consumed = consumed, produced = produced, status = .need_input }; }
     |                                                   ^^^^^^^^^^^^^^^^^^^^^^^^^^^^^^^^^^^^^^^^^^^^^^^^^^^^^^^^^^^^^^^^^^^^^^^^^^

error: this function returns 3 values — return them as `return a, b`, not a single value
  --> library/modules/std/internal/compress.sx:3049:40
     |
3049 |                 if !available { return Progress{ consumed = consumed, produced = produced, status = .need_input }; }
     |                                        ^^^^^^^^^^^^^^^^^^^^^^^^^^^^^^^^^^^^^^^^^^^^^^^^^^^^^^^^^^^^^^^^^^^^^^^^^^

error: this function returns 3 values — return them as `return a, b`, not a single value
  --> library/modules/std/internal/compress.sx:3063:44
     |
3063 |                     if !available { return Progress{ consumed = consumed, produced = produced, status = .need_input }; }
     |                                            ^^^^^^^^^^^^^^^^^^^^^^^^^^^^^^^^^^^^^^^^^^^^^^^^^^^^^^^^^^^^^^^^^^^^^^^^^^

error: this function returns 3 values — return them as `return a, b`, not a single value
  --> library/modules/std/internal/compress.sx:3088:40
     |
3088 |                 if !available { return Progress{ consumed = consumed, produced = produced, status = .need_input }; }
     |                                        ^^^^^^^^^^^^^^^^^^^^^^^^^^^^^^^^^^^^^^^^^^^^^^^^^^^^^^^^^^^^^^^^^^^^^^^^^^

error: this function returns 3 values — return them as `return a, b`, not a single value
  --> library/modules/std/internal/compress.sx:3114:40
     |
3114 |                 if !available { return Progress{ consumed = consumed, produced = produced, status = .need_input }; }
     |                                        ^^^^^^^^^^^^^^^^^^^^^^^^^^^^^^^^^^^^^^^^^^^^^^^^^^^^^^^^^^^^^^^^^^^^^^^^^^

error: this function returns 3 values — return them as `return a, b`, not a single value
  --> library/modules/std/internal/compress.sx:3364:40
     |
3364 |                 if !available { return Progress{ consumed = consumed, produced = produced, status = .need_input }; }
     |                                        ^^^^^^^^^^^^^^^^^^^^^^^^^^^^^^^^^^^^^^^^^^^^^^^^^^^^^^^^^^^^^^^^^^^^^^^^^^

error: this function returns 3 values — return them as `return a, b`, not a single value
  --> library/modules/std/internal/compress.sx:3381:52
     |
3381 |                 if produced >= output.len { return Progress{ consumed = consumed, produced = produced, status = .need_output }; }
     |                                                    ^^^^^^^^^^^^^^^^^^^^^^^^^^^^^^^^^^^^^^^^^^^^^^^^^^^^^^^^^^^^^^^^^^^^^^^^^^^

error: this function returns 3 values — return them as `return a, b`, not a single value
  --> library/modules/std/internal/compress.sx:3388:40
     |
3388 |                 if !available { return Progress{ consumed = consumed, produced = produced, status = .need_input }; }
     |                                        ^^^^^^^^^^^^^^^^^^^^^^^^^^^^^^^^^^^^^^^^^^^^^^^^^^^^^^^^^^^^^^^^^^^^^^^^^^

error: this function returns 3 values — return them as `return a, b`, not a single value
  --> library/modules/std/internal/compress.sx:3397:40
     |
3397 |                 if !available { return Progress{ consumed = consumed, produced = produced, status = .need_input }; }
     |                                        ^^^^^^^^^^^^^^^^^^^^^^^^^^^^^^^^^^^^^^^^^^^^^^^^^^^^^^^^^^^^^^^^^^^^^^^^^^

error: this function returns 3 values — return them as `return a, b`, not a single value
  --> library/modules/std/internal/compress.sx:3410:40
     |
3410 |                 if !available { return Progress{ consumed = consumed, produced = produced, status = .need_input }; }
     |                                        ^^^^^^^^^^^^^^^^^^^^^^^^^^^^^^^^^^^^^^^^^^^^^^^^^^^^^^^^^^^^^^^^^^^^^^^^^^

error: this function returns 3 values — return them as `return a, b`, not a single value
  --> library/modules/std/internal/compress.sx:3418:52
     |
3418 |                 if produced >= output.len { return Progress{ consumed = consumed, produced = produced, status = .need_output }; }
     |                                                    ^^^^^^^^^^^^^^^^^^^^^^^^^^^^^^^^^^^^^^^^^^^^^^^^^^^^^^^^^^^^^^^^^^^^^^^^^^^

error: this function returns 3 values — return them as `return a, b`, not a single value
  --> library/modules/std/internal/compress.sx:3952:24
     |
3952 |                 return Progress{ consumed = consumed, produced = produced, status = progress.status };
     |                        ^^^^^^^^^^^^^^^^^^^^^^^^^^^^^^^^^^^^^^^^^^^^^^^^^^^^^^^^^^^^^^^^^^^^^^^^^^^^^^

error: this function returns 3 values — return them as `return a, b`, not a single value
  --> library/modules/std/internal/compress.sx:3960:49
     |
3960 |                 if self.trailer_at < 8 { return Progress{ consumed = consumed, produced = produced, status = .need_input }; }
     |                                                 ^^^^^^^^^^^^^^^^^^^^^^^^^^^^^^^^^^^^^^^^^^^^^^^^^^^^^^^^^^^^^^^^^^^^^^^^^^

error: this function returns 3 values — return them as `return a, b`, not a single value
  --> library/modules/std/internal/compress.sx:3970:24
     |
3970 |                 return Progress{ consumed = consumed, produced = produced, status = .need_input };
     |                        ^^^^^^^^^^^^^^^^^^^^^^^^^^^^^^^^^^^^^^^^^^^^^^^^^^^^^^^^^^^^^^^^^^^^^^^^^^

error: this function returns 3 values — return them as `return a, b`, not a single value
  --> library/modules/std/internal/compress.sx:3536:45
     |
3536 |             if self.phase == .done { return Progress{ consumed = consumed, produced = produced, status = .done }; }
     |                                             ^^^^^^^^^^^^^^^^^^^^^^^^^^^^^^^^^^^^^^^^^^^^^^^^^^^^^^^^^^^^^^^^^^^^

error: this function returns 3 values — return them as `return a, b`, not a single value
  --> library/modules/std/internal/compress.sx:3543:48
     |
3543 |                 if self.header_at < 2 { return Progress{ consumed = consumed, produced = produced, status = .need_input }; }
     |                                                ^^^^^^^^^^^^^^^^^^^^^^^^^^^^^^^^^^^^^^^^^^^^^^^^^^^^^^^^^^^^^^^^^^^^^^^^^^

error: this function returns 3 values — return them as `return a, b`, not a single value
  --> library/modules/std/internal/compress.sx:3578:24
     |
3578 |                 return Progress{ consumed = consumed, produced = produced, status = progress.status };
     |                        ^^^^^^^^^^^^^^^^^^^^^^^^^^^^^^^^^^^^^^^^^^^^^^^^^^^^^^^^^^^^^^^^^^^^^^^^^^^^^^

error: this function returns 3 values — return them as `return a, b`, not a single value
  --> library/modules/std/internal/compress.sx:3586:49
     |
3586 |                 if self.trailer_at < 4 { return Progress{ consumed = consumed, produced = produced, status = .need_input }; }
     |                                                 ^^^^^^^^^^^^^^^^^^^^^^^^^^^^^^^^^^^^^^^^^^^^^^^^^^^^^^^^^^^^^^^^^^^^^^^^^^

error: this function returns 5 values — return them as `return a, b`, not a single value
  --> library/modules/std/http/client.sx:1004:12
     |
1004 |     return ClientResponse{
     |            ^^^^^^^^^^^^^^^
1005 |         status = final_status,
     | ^^^^^^^^^^^^^^^^^^^^^^^^^^^^^^
1006 |         reason = final_reason,
     | ^^^^^^^^^^^^^^^^^^^^^^^^^^^^^^
1007 |         headers_raw = string{ ptr = *buf[header_start], len = if normalized_headers_len >= 0 then normalized_headers_len else head_end - 2 - header_start },
     | ^^^^^^^^^^^^^^^^^^^^^^^^^^^^^^^^^^^^^^^^^^^^^^^^^^^^^^^^^^^^^^^^^^^^^^^^^^^^^^^^^^^^^^^^^^^^^^^^^^^^^^^^^^^^^^^^^^^^^^^^^^^^^^^^^^^^^^^^^^^^^^^^^^^^^^^^^^^^
1008 |         body = string{ ptr = *buf[head_end], len = body_len },
     | ^^^^^^^^^^^^^^^^^^^^^^^^^^^^^^^^^^^^^^^^^^^^^^^^^^^^^^^^^^^^^^
1009 |         decoded_from = decoded_from,
     | ^^^^^^^^^^^^^^^^^^^^^^^^^^^^^^^^^^^^
1010 |     };
     | ^^^^^

error: the error slot of a failable cannot be dropped — bind it (`v, err := …`) and handle it, or use `try` / `catch`
  --> examples/http/1727-http-client-content-framing.sx:60:18
   |
60 |     first, fe := http.Client.recv(pair[0], *storage[0], storage.len, method);
   |                  ^^^^^^^^^^^^^^^^^^^^^^^^^^^^^^^^^^^^^^^^^^^^^^^^^^^^^^^^^^^

error: '!' needs a bool, integer, or error operand; got 'string'
  --> examples/http/1727-http-client-content-framing.sx:61:11
   |
61 |     ok := !fe and first.body.len == 0;
   |           ^^^

error: field 'body' not found on type 'i64'
  --> examples/http/1727-http-client-content-framing.sx:61:19
   |
61 |     ok := !fe and first.body.len == 0;
   |                   ^^^^^^^^^^

error: the error slot of a failable cannot be dropped — bind it (`v, err := …`) and handle it, or use `try` / `catch`
  --> examples/http/1727-http-client-content-framing.sx:64:23
   |
64 |         second, se := http.Client.recv(pair[0], *storage[0], storage.len);
   |                       ^^^^^^^^^^^^^^^^^^^^^^^^^^^^^^^^^^^^^^^^^^^^^^^^^^^

error: '!' needs a bool, integer, or error operand; got 'string'
  --> examples/http/1727-http-client-content-framing.sx:65:14
   |
65 |         ok = !se and second.status == 200 and second.body == "pong";
   |              ^^^

error: field 'status' not found on type 'i64'
  --> examples/http/1727-http-client-content-framing.sx:65:22
   |
65 |         ok = !se and second.status == 200 and second.body == "pong";
   |                      ^^^^^^^^^^^^^

error: field 'body' not found on type 'i64'
  --> examples/http/1727-http-client-content-framing.sx:65:47
   |
65 |         ok = !se and second.status == 200 and second.body == "pong";
   |                                               ^^^^^^^^^^^

error: the error slot of a failable cannot be dropped — bind it (`v, err := …`) and handle it, or use `try` / `catch`
  --> examples/http/1727-http-client-content-framing.sx:81:24
   |
81 |         response, e := http.Client.recv(pair[0], *storage[0], storage.len);
   |                        ^^^^^^^^^^^^^^^^^^^^^^^^^^^^^^^^^^^^^^^^^^^^^^^^^^^

error: '!' needs a bool, integer, or error operand; got 'string'
  --> examples/http/1727-http-client-content-framing.sx:82:14
   |
82 |         ok = !e and response.status == 200 and response.body == "pong";
   |              ^^

error: field 'status' not found on type 'i64'
  --> examples/http/1727-http-client-content-framing.sx:82:21
   |
82 |         ok = !e and response.status == 200 and response.body == "pong";
   |                     ^^^^^^^^^^^^^^^

error: field 'body' not found on type 'i64'
  --> examples/http/1727-http-client-content-framing.sx:82:48
   |
82 |         ok = !e and response.status == 200 and response.body == "pong";
   |                                                ^^^^^^^^^^^^^

error: the error slot of a failable cannot be dropped — bind it (`v, err := …`) and handle it, or use `try` / `catch`
  --> examples/http/1727-http-client-content-framing.sx:136:20
    |
136 |     response, e := http.Client.recv_on(*conn, *storage[0], storage.len);
    |                    ^^^^^^^^^^^^^^^^^^^^^^^^^^^^^^^^^^^^^^^^^^^^^^^^^^^^

error: '!' needs a bool, integer, or error operand; got 'string'
  --> examples/http/1727-http-client-content-framing.sx:137:17
    |
137 |     ok = ok and !e and response.decoded_from == null and response.body == "raw"
    |                 ^^

error: field 'decoded_from' not found on type 'i64'
  --> examples/http/1727-http-client-content-framing.sx:137:24
    |
137 |     ok = ok and !e and response.decoded_from == null and response.body == "raw"
    |                        ^^^^^^^^^^^^^^^^^^^^^

error: field 'body' not found on type 'i64'
  --> examples/http/1727-http-client-content-framing.sx:137:58
    |
137 |     ok = ok and !e and response.decoded_from == null and response.body == "raw"
    |                                                          ^^^^^^^^^^^^^

error: field 'headers_raw' not found on type 'i64'
  --> examples/http/1727-http-client-content-framing.sx:138:22
    |
138 |         and contains(response.headers_raw, "Content-Encoding: br")
    |                      ^^^^^^^^^^^^^^^^^^^^

error: field 'headers_raw' not found on type 'i64'
  --> examples/http/1727-http-client-content-framing.sx:139:22
    |
139 |         and contains(response.headers_raw, "Content-Encoding: gzip");
    |                      ^^^^^^^^^^^^^^^^^^^^

error: the error slot of a failable cannot be dropped — bind it (`v, err := …`) and handle it, or use `try` / `catch`
  --> examples/http/1727-http-client-content-framing.sx:116:20
    |
116 |     response, e := http.Client.recv(pair[0], xx storage, cap);
    |                    ^^^^^^^^^^^^^^^^^^^^^^^^^^^^^^^^^^^^^^^^^^

error: an error-set value compares only with an `error.X` tag, a `.X` shorthand, or another error-set value; coerce with `xx` to compare the raw id
  --> examples/http/1727-http-client-content-framing.sx:117:32
    |
117 |     if one_short { ok = ok and e == error.TooLarge; }
    |                                ^

error: '!' needs a bool, integer, or error operand; got 'string'
  --> examples/http/1727-http-client-content-framing.sx:120:21
    |
120 |         ok = ok and !e and response.decoded_from != null and response.decoded_from! == wanted
    |                     ^^

error: field 'decoded_from' not found on type 'i64'
  --> examples/http/1727-http-client-content-framing.sx:120:28
    |
120 |         ok = ok and !e and response.decoded_from != null and response.decoded_from! == wanted
    |                            ^^^^^^^^^^^^^^^^^^^^^

error: field 'decoded_from' not found on type 'i64'
  --> examples/http/1727-http-client-content-framing.sx:120:62
    |
120 |         ok = ok and !e and response.decoded_from != null and response.decoded_from! == wanted
    |                                                              ^^^^^^^^^^^^^^^^^^^^^

error: field 'body' not found on type 'i64'
  --> examples/http/1727-http-client-content-framing.sx:121:22
    |
121 |             and same(response.body, plain);
    |                      ^^^^^^^^^^^^^

error: the error slot of a failable cannot be dropped — bind it (`v, err := …`) and handle it, or use `try` / `catch`
  --> examples/http/1727-http-client-content-framing.sx:154:20
    |
154 |     response, e := http.Client.recv(pair[0], xx storage, head.len + packed.len);
    |                    ^^^^^^^^^^^^^^^^^^^^^^^^^^^^^^^^^^^^^^^^^^^^^^^^^^^^^^^^^^^^

error: '!' needs a bool, integer, or error operand; got 'string'
  --> examples/http/1727-http-client-content-framing.sx:155:17
    |
155 |     ok = ok and !e and response.status == status and response.decoded_from == null
    |                 ^^

error: field 'status' not found on type 'i64'
  --> examples/http/1727-http-client-content-framing.sx:155:24
    |
155 |     ok = ok and !e and response.status == status and response.decoded_from == null
    |                        ^^^^^^^^^^^^^^^

error: field 'decoded_from' not found on type 'i64'
  --> examples/http/1727-http-client-content-framing.sx:155:54
    |
155 |     ok = ok and !e and response.status == status and response.decoded_from == null
    |                                                      ^^^^^^^^^^^^^^^^^^^^^

error: 'header' is not a ufcs function — a plain function does not dispatch via dot-call
  --> examples/http/1727-http-client-content-framing.sx:156:13
    |
156 |         and response.header("content-encoding") == coding and same(response.body, packed);
    |             ^^^^^^^^^^^^^^^

help: call it directly (`header(receiver, ...)`) or declare it `header :: ufcs (...) { ... }`
    |
156 |         and response.header("content-encoding") == coding and same(response.body, packed);
    |             ^^^^^^^^^^^^^^^

error: field 'body' not found on type 'i64'
  --> examples/http/1727-http-client-content-framing.sx:156:68
    |
156 |         and response.header("content-encoding") == coding and same(response.body, packed);
    |                                                                    ^^^^^^^^^^^^^

error: the error slot of a failable cannot be dropped — bind it (`v, err := …`) and handle it, or use `try` / `catch`
  --> examples/http/1727-http-client-content-framing.sx:180:13
    |
180 |     _, e := http.Client.recv(pair[0], *storage[0], storage.len);
    |             ^^^^^^^^^^^^^^^^^^^^^^^^^^^^^^^^^^^^^^^^^^^^^^^^^^^

error: an error-set value compares only with an `error.X` tag, a `.X` shorthand, or another error-set value; coerce with `xx` to compare the raw id
  --> examples/http/1727-http-client-content-framing.sx:182:12
    |
182 |     ok and e == error.Recv
    |            ^

error: the error slot of a failable cannot be dropped — bind it (`v, err := …`) and handle it, or use `try` / `catch`
  --> examples/http/1727-http-client-content-framing.sx:193:13
    |
193 |     _, e := http.Client.recv(pair[0], *storage[0], storage.len);
    |             ^^^^^^^^^^^^^^^^^^^^^^^^^^^^^^^^^^^^^^^^^^^^^^^^^^^

error: an error-set value compares only with an `error.X` tag, a `.X` shorthand, or another error-set value; coerce with `xx` to compare the raw id
  --> examples/http/1727-http-client-content-framing.sx:195:12
    |
195 |     ok and e == error.Recv
    |            ^
