error: cannot return a value of type 'Sqlite' where 'usize' is expected
  --> library/vendors/sqlite/sqlite.sx:591:16
    |
591 |         return Sqlite{ handle = h };
    |                ^^^^^^^^^^^^^^^^^^^^

error: `catch` requires a failable expression; operand has type 'unresolved'
  --> examples/vendor/1624-vendor-sqlite-module.sx:20:5
   |
20 |     db.exec("CREATE TABLE t (name TEXT, n INTEGER); INSERT INTO t VALUES ('a', 1), ('b', 2)") catch { ee = true; };
   |     ^^^^^^^^^^^^^^^^^^^^^^^^^^^^^^^^^^^^^^^^^^^^^^^^^^^^^^^^^^^^^^^^^^^^^^^^^^^^^^^^^^^^^^^^^^^^^^^^^^^^^^^^^^^^^^

error: unresolved 'errmsg' (in examples/vendor/1624-vendor-sqlite-module.sx fn main)
  --> examples/vendor/1624-vendor-sqlite-module.sx:21:40
   |
21 |     if ee { print("exec failed: {}\n", db.errmsg()); db.close(); return 1; }
   |                                        ^^^^^^^^^

error: 'close' is not a ufcs function — a plain function does not dispatch via dot-call
  --> examples/vendor/1624-vendor-sqlite-module.sx:21:54
   |
21 |     if ee { print("exec failed: {}\n", db.errmsg()); db.close(); return 1; }
   |                                                      ^^^^^^^^

help: call it directly (`close(receiver, ...)`) or declare it `close :: ufcs (...) { ... }`
   |
21 |     if ee { print("exec failed: {}\n", db.errmsg()); db.close(); return 1; }
   |                                                      ^^^^^^^^

error: unresolved 'prepare' (in examples/vendor/1624-vendor-sqlite-module.sx fn main)
  --> examples/vendor/1624-vendor-sqlite-module.sx:23:15
   |
23 |     st, pe := db.prepare("SELECT name, n FROM t WHERE n > ?1 ORDER BY n");
   |               ^^^^^^^^^^

error: unresolved 'pe' (in examples/vendor/1624-vendor-sqlite-module.sx fn main)
  --> examples/vendor/1624-vendor-sqlite-module.sx:24:8
   |
24 |     if pe { print("prepare failed\n"); db.close(); return 1; }
   |        ^^

error: 'close' is not a ufcs function — a plain function does not dispatch via dot-call
  --> examples/vendor/1624-vendor-sqlite-module.sx:24:40
   |
24 |     if pe { print("prepare failed\n"); db.close(); return 1; }
   |                                        ^^^^^^^^

help: call it directly (`close(receiver, ...)`) or declare it `close :: ufcs (...) { ... }`
   |
24 |     if pe { print("prepare failed\n"); db.close(); return 1; }
   |                                        ^^^^^^^^

error: `catch` requires a failable expression; operand has type 'unresolved'
  --> examples/vendor/1624-vendor-sqlite-module.sx:25:5
   |
25 |     st.bind_int64(1, 1) catch { ee = true; };
   |     ^^^^^^^^^^^^^^^^^^^^^^^^^^^^^^^^^^^^^^^^

error: unresolved 'st' (in examples/vendor/1624-vendor-sqlite-module.sx fn main)
  --> examples/vendor/1624-vendor-sqlite-module.sx:26:15
   |
26 |     rc, se := st.step();
   |               ^^

error: unresolved 'step' (in examples/vendor/1624-vendor-sqlite-module.sx fn main)
  --> examples/vendor/1624-vendor-sqlite-module.sx:26:15
   |
26 |     rc, se := st.step();
   |               ^^^^^^^

error: unresolved 'se' (in examples/vendor/1624-vendor-sqlite-module.sx fn main)
  --> examples/vendor/1624-vendor-sqlite-module.sx:28:8
   |
28 |     if se { serr = true; }
   |        ^^

error: unresolved 'st' (in examples/vendor/1624-vendor-sqlite-module.sx fn main)
  --> examples/vendor/1624-vendor-sqlite-module.sx:29:45
   |
29 |     if serr or ee { print("step failed\n"); st.finalize(); db.close(); return 1; }
   |                                             ^^

error: unresolved 'finalize' (in examples/vendor/1624-vendor-sqlite-module.sx fn main)
  --> examples/vendor/1624-vendor-sqlite-module.sx:29:45
   |
29 |     if serr or ee { print("step failed\n"); st.finalize(); db.close(); return 1; }
   |                                             ^^^^^^^^^^^

error: 'close' is not a ufcs function — a plain function does not dispatch via dot-call
  --> examples/vendor/1624-vendor-sqlite-module.sx:29:60
   |
29 |     if serr or ee { print("step failed\n"); st.finalize(); db.close(); return 1; }
   |                                                            ^^^^^^^^

help: call it directly (`close(receiver, ...)`) or declare it `close :: ufcs (...) { ... }`
   |
29 |     if serr or ee { print("step failed\n"); st.finalize(); db.close(); return 1; }
   |                                                            ^^^^^^^^

error: unresolved 'rc' (in examples/vendor/1624-vendor-sqlite-module.sx fn main)
  --> examples/vendor/1624-vendor-sqlite-module.sx:30:8
   |
30 |     if rc == sq.SQLITE_ROW {
   |        ^^

error: unresolved 'st' (in examples/vendor/1624-vendor-sqlite-module.sx fn main)
  --> examples/vendor/1624-vendor-sqlite-module.sx:31:31
   |
31 |         print("row: {} {}\n", st.column_text(0), st.column_int64(1));
   |                               ^^

error: unresolved 'column_text' (in examples/vendor/1624-vendor-sqlite-module.sx fn main)
  --> examples/vendor/1624-vendor-sqlite-module.sx:31:31
   |
31 |         print("row: {} {}\n", st.column_text(0), st.column_int64(1));
   |                               ^^^^^^^^^^^^^^

error: unresolved 'st' (in examples/vendor/1624-vendor-sqlite-module.sx fn main)
  --> examples/vendor/1624-vendor-sqlite-module.sx:31:50
   |
31 |         print("row: {} {}\n", st.column_text(0), st.column_int64(1));
   |                                                  ^^

error: unresolved 'column_int64' (in examples/vendor/1624-vendor-sqlite-module.sx fn main)
  --> examples/vendor/1624-vendor-sqlite-module.sx:31:50
   |
31 |         print("row: {} {}\n", st.column_text(0), st.column_int64(1));
   |                                                  ^^^^^^^^^^^^^^^

error: unresolved 'st' (in examples/vendor/1624-vendor-sqlite-module.sx fn main)
  --> examples/vendor/1624-vendor-sqlite-module.sx:33:5
   |
33 |     st.finalize();
   |     ^^

error: unresolved 'finalize' (in examples/vendor/1624-vendor-sqlite-module.sx fn main)
  --> examples/vendor/1624-vendor-sqlite-module.sx:33:5
   |
33 |     st.finalize();
   |     ^^^^^^^^^^^

error: 'close' is not a ufcs function — a plain function does not dispatch via dot-call
  --> examples/vendor/1624-vendor-sqlite-module.sx:34:5
   |
34 |     db.close();
   |     ^^^^^^^^

help: call it directly (`close(receiver, ...)`) or declare it `close :: ufcs (...) { ... }`
   |
34 |     db.close();
   |     ^^^^^^^^
