error: 'emit' expects 1 argument, but 4 were given
  --> examples/fluent/2106-fluent-init-ufcs-arity-refused.sx:23:6
   |
23 |     (5).emit(1, 2, 3);
   |      ^^^^^^^

error: 'emit' expects 1 argument, but 4 were given
  --> examples/fluent/2106-fluent-init-ufcs-arity-refused.sx:24:5
   |
24 |     emit(5, 1, 2, 3);
   |     ^^^^

error: 'pair' expects 2 arguments, but 3 were given
  --> examples/fluent/2106-fluent-init-ufcs-arity-refused.sx:26:6
   |
26 |     (5).pair(7, 9);
   |      ^^^^^^^

error: 'pair' expects 2 arguments, but 3 were given
  --> examples/fluent/2106-fluent-init-ufcs-arity-refused.sx:27:5
   |
27 |     pair(5, 7, 9);
   |     ^^^^

error: 'pair' expects 2 arguments, but 1 was given
  --> examples/fluent/2106-fluent-init-ufcs-arity-refused.sx:29:6
   |
29 |     (5).pair();
   |      ^^^^^^^

error: 'pair' expects 2 arguments, but 1 was given
  --> examples/fluent/2106-fluent-init-ufcs-arity-refused.sx:30:5
   |
30 |     pair(5);
   |     ^^^^
