error: 'View' cannot form an initializer for 'Plain': it is not a member of the set
  --> examples/fluent/2110-fluent-init-from-set-nonmember-refused.sx:56:15
   |
56 |     formPlain(v);
   |               ^

help: a type joins by declaring itself into the set: 'Plain :: @OpenVariant(View) { … }'
   |
56 |     formPlain(v);
   |               ^

error: 'View' cannot form an initializer for 'Plain': it is not a member of the set
  --> examples/fluent/2110-fluent-init-from-set-nonmember-refused.sx:57:5
   |
57 |     v.formPlain();
   |     ^

help: a type joins by declaring itself into the set: 'Plain :: @OpenVariant(View) { … }'
   |
57 |     v.formPlain();
   |     ^

error: 'View' cannot form an initializer for '?Plain': it is not a member of the set
  --> examples/fluent/2110-fluent-init-from-set-nonmember-refused.sx:58:18
   |
58 |     formOptPlain(v);
   |                  ^

help: a type joins by declaring itself into the set: 'Plain :: @OpenVariant(View) { … }'
   |
58 |     formOptPlain(v);
   |                  ^

error: 'View' cannot form an initializer for '?Plain': it is not a member of the set
  --> examples/fluent/2110-fluent-init-from-set-nonmember-refused.sx:59:5
   |
59 |     v.formOptPlain();
   |     ^

help: a type joins by declaring itself into the set: 'Plain :: @OpenVariant(View) { … }'
   |
59 |     v.formOptPlain();
   |     ^

error: 'View' cannot form an initializer for 'Named': it is not a member of the set
  --> examples/fluent/2110-fluent-init-from-set-nonmember-refused.sx:60:15
   |
60 |     formNamed(v);
   |               ^

help: a type joins by declaring itself into the set: 'Named :: @OpenVariant(View) { … }'
   |
60 |     formNamed(v);
   |               ^

error: 'View' cannot form an initializer for 'Named': it is not a member of the set
  --> examples/fluent/2110-fluent-init-from-set-nonmember-refused.sx:61:5
   |
61 |     v.formNamed();
   |     ^

help: a type joins by declaring itself into the set: 'Named :: @OpenVariant(View) { … }'
   |
61 |     v.formNamed();
   |     ^

error: cannot coerce a value of type 'View' to 'Label': no implicit conversion applies
  --> examples/fluent/2110-fluent-init-from-set-nonmember-refused.sx:63:5
   |
63 |     needLabel(v);
   |     ^^^^^^^^^^^^

error: cannot coerce a value of type 'View' to 'Label': no implicit conversion applies
  --> examples/fluent/2110-fluent-init-from-set-nonmember-refused.sx:64:5
   |
64 |     v.needLabel();
   |     ^^^^^^^^^^^^^

error: cannot coerce a value of type 'View' to 'Label': no implicit conversion applies
  --> examples/fluent/2110-fluent-init-from-set-nonmember-refused.sx:65:15
   |
65 |     formLabel(echoLabel(v));
   |               ^^^^^^^^^^^^

error: cannot coerce a value of type 'View' to 'Label': no implicit conversion applies
  --> examples/fluent/2110-fluent-init-from-set-nonmember-refused.sx:66:5
   |
66 |     echoLabel(v).formLabel();
   |     ^^^^^^^^^^^^

error: 'ViewI64' cannot form an initializer for 'LabelI64': no conversion applies
  --> examples/fluent/2110-fluent-init-from-set-nonmember-refused.sx:69:15
   |
69 |     formTuple(t);
   |               ^

error: cannot initialize 'label' of type 'Label' with a value of type 'View'
  --> examples/fluent/2110-fluent-init-from-set-nonmember-refused.sx:71:21
   |
71 |     label : Label = v;
   |                     ^

error: cannot coerce a value of type 'View' to 'Label': no implicit conversion applies
  --> examples/fluent/2110-fluent-init-from-set-nonmember-refused.sx:72:5
   |
72 |     needOptLabel(v);
   |     ^^^^^^^^^^^^^^^

error: cannot wrap a value of type 'View' into optional '?Label': its payload type is 'Label'
  --> examples/fluent/2110-fluent-init-from-set-nonmember-refused.sx:72:5
   |
72 |     needOptLabel(v);
   |     ^^^^^^^^^^^^^^^
