error: type 'Thing' is ambiguous: it is declared in multiple flat-imported modules; qualify the reference or remove the duplicate import
  --> examples/modules/0767-modules-ambiguous-bare-type-forms.sx:31:19
   |
31 |     sz := size_of(Thing);
   |                   ^^^^^

error: type 'Nums' is ambiguous: it is declared in multiple flat-imported modules; qualify the reference or remove the duplicate import
  --> examples/modules/0767-modules-ambiguous-bare-type-forms.sx:32:11
   |
32 |     xs := Nums.[1, 2];
   |           ^^^^

error: type 'Box' is ambiguous: it is declared in multiple flat-imported modules; qualify the reference or remove the duplicate import
  --> examples/modules/0767-modules-ambiguous-bare-type-forms.sx:33:9
   |
33 |     x : Box(i64) = .{ v = 3 };
   |         ^^^^^^^^

error: type 'Thing' is ambiguous: it is declared in multiple flat-imported modules; qualify the reference or remove the duplicate import
  --> examples/modules/0767-modules-ambiguous-bare-type-forms.sx:34:16
   |
34 |     t : Type = Thing;
   |                ^^^^^

error: type 'Thing' is ambiguous: it is declared in multiple flat-imported modules; qualify the reference or remove the duplicate import
  --> examples/modules/0767-modules-ambiguous-bare-type-forms.sx:24:14
   |
24 |         case Thing: 1;
   |              ^^^^^
