error: type 'Dir' is ambiguous: it is declared in multiple flat-imported modules; qualify the reference or remove the duplicate import
  --> examples/modules/0795-modules-same-name-enum-ambiguous.sx:31:19
   |
31 |     sz := @sizeOf(Dir);
   |                   ^^^

error: type 'Dir' is ambiguous: it is declared in multiple flat-imported modules; qualify the reference or remove the duplicate import
  --> examples/modules/0795-modules-same-name-enum-ambiguous.sx:32:9
   |
32 |     d : Dir = .north;
   |         ^^^

error: type 'Dir' is ambiguous: it is declared in multiple flat-imported modules; qualify the reference or remove the duplicate import
  --> examples/modules/0795-modules-same-name-enum-ambiguous.sx:33:16
   |
33 |     t : Type = Dir;
   |                ^^^

error: type 'Dir' is ambiguous: it is declared in multiple flat-imported modules; qualify the reference or remove the duplicate import
  --> examples/modules/0795-modules-same-name-enum-ambiguous.sx:24:14
   |
24 |         case Dir: 1;
   |              ^^^
