error: type 'Pair' is ambiguous: it is declared in multiple flat-imported modules; qualify the reference or remove the duplicate import
  --> examples/modules/0797-modules-same-name-union-ambiguous.sx:30:19
   |
30 |     sz := @sizeOf(Pair);
   |                   ^^^^

error: type 'Pair' is ambiguous: it is declared in multiple flat-imported modules; qualify the reference or remove the duplicate import
  --> examples/modules/0797-modules-same-name-union-ambiguous.sx:31:9
   |
31 |     u : Pair = ---;
   |         ^^^^

error: type 'Pair' is ambiguous: it is declared in multiple flat-imported modules; qualify the reference or remove the duplicate import
  --> examples/modules/0797-modules-same-name-union-ambiguous.sx:32:16
   |
32 |     t : Type = Pair;
   |                ^^^^

error: type 'Pair' is ambiguous: it is declared in multiple flat-imported modules; qualify the reference or remove the duplicate import
  --> examples/modules/0797-modules-same-name-union-ambiguous.sx:23:14
   |
23 |         case Pair: 1;
   |              ^^^^
