error: namespace 'facade' has no member 'engineAlias'
  --> examples/modules/0909-modules-nested-namespace-alias-rhs-hidden.sx:7:12
   |
 7 | BadType :: facade.engineAlias.Record;
   |            ^^^^^^^^^^^^^^^^^^^^^^^^^

error: namespace 'facade' has no member 'engineAlias'
  --> examples/modules/0909-modules-nested-namespace-alias-rhs-hidden.sx:8:13
   |
 8 | BadValue :: facade.engineAlias.COUNT;
   |             ^^^^^^^^^^^^^^^^^^^^^^^^

error: namespace 'facade' has no member 'engineAlias'
  --> examples/modules/0909-modules-nested-namespace-alias-rhs-hidden.sx:9:15
   |
 9 | BadGeneric :: facade.engineAlias.Box(i64);
   |               ^^^^^^^^^^^^^^^^^^^^^^

error: namespace 'facade' has no member 'engineAlias'
  --> examples/modules/0909-modules-nested-namespace-alias-rhs-hidden.sx:10:12
   |
10 | BadMade :: facade.engineAlias.Make(i64);
   |            ^^^^^^^^^^^^^^^^^^^^^^^
