half-writes-plain: ok
negative-writes-sign: ok
tenth-writes-shortest: ok
integer-float-keeps-point: ok
padded-integer-keeps-point: ok
billion-keeps-point: ok
mixed-digits-preserved: ok
small-writes-leading-zero: ok
tiny-writes-exponent: ok
pi-digits-preserved: ok
zero-keeps-point: ok
negative-zero-keeps-sign: ok
fraction-is-float: ok
exponent-is-float: ok
capital-exponent-accepted: ok
positive-exponent-accepted: ok
negative-zero-reads-signed: ok
underflow-rounds-to-zero: ok
large-integer-rounds-even: ok
exact-expansion-reads-tenth: ok
midpoint-rounds-even: ok
max-round-trips: ok
min-round-trips: ok
min-normal-round-trips: ok
true-min-round-trips: ok
epsilon-round-trips: ok
negative-zero-round-trips: ok
overflow-is-bad-number: ok
missing-fraction-digit-is-bad-number: ok
missing-exponent-digit-is-bad-number: ok
leading-zero-is-bad-number: ok
bare-point-is-unexpected: ok
far-exponent-overflows: ok
infinity-is-non-finite: ok
nan-is-non-finite: ok
mixed-document-round-trips: ok
bare-integer-stays-int: ok
fraction-becomes-float: ok
array-float-is-preserved: ok
=== DONE ===
