error: `try` requires a failable expression; operand has type 'unresolved'
  --> library/modules/std/codecs/deflate.sx:117:21
    |
117 |         progress := try encoder.flush(input, destination, .finish);
    |                     ^^^^^^^^^^^^^^^^^^^^^^^^^^^^^^^^^^^^^^^^^^^^^^

error: field 'consumed' not found on type 'void'
  --> library/modules/std/codecs/deflate.sx:118:21
    |
118 |         input_at += progress.consumed;
    |                     ^^^^^^^^^^^^^^^^^

error: field 'produced' not found on type 'void'
  --> library/modules/std/codecs/deflate.sx:119:22
    |
119 |         output_at += progress.produced;
    |                      ^^^^^^^^^^^^^^^^^

error: field 'status' not found on type 'void'
  --> library/modules/std/codecs/deflate.sx:120:12
    |
120 |         if progress.status == .done { return output[..output_at]; }
    |            ^^^^^^^^^^^^^^^

error: enum literal '.done' cannot type itself from non-enum destination 'i64'
  --> library/modules/std/codecs/deflate.sx:120:31
    |
120 |         if progress.status == .done { return output[..output_at]; }
    |                               ^^^^^

error: field 'status' not found on type 'void'
  --> library/modules/std/codecs/deflate.sx:121:12
    |
121 |         if progress.status == .need_output and output_at >= output.len { raise error.OutputLimit; }
    |            ^^^^^^^^^^^^^^^

error: enum literal '.need_output' cannot type itself from non-enum destination 'i64'
  --> library/modules/std/codecs/deflate.sx:121:31
    |
121 |         if progress.status == .need_output and output_at >= output.len { raise error.OutputLimit; }
    |                               ^^^^^^^^^^^^

error: `try` requires a failable expression; operand has type 'unresolved'
  --> library/modules/std/codecs/zlib.sx:123:21
    |
123 |         progress := try encoder.flush(input, destination, .finish);
    |                     ^^^^^^^^^^^^^^^^^^^^^^^^^^^^^^^^^^^^^^^^^^^^^^

error: field 'consumed' not found on type 'void'
  --> library/modules/std/codecs/zlib.sx:124:21
    |
124 |         input_at += progress.consumed;
    |                     ^^^^^^^^^^^^^^^^^

error: field 'produced' not found on type 'void'
  --> library/modules/std/codecs/zlib.sx:125:22
    |
125 |         output_at += progress.produced;
    |                      ^^^^^^^^^^^^^^^^^

error: field 'status' not found on type 'void'
  --> library/modules/std/codecs/zlib.sx:126:12
    |
126 |         if progress.status == .done { return output[..output_at]; }
    |            ^^^^^^^^^^^^^^^

error: enum literal '.done' cannot type itself from non-enum destination 'i64'
  --> library/modules/std/codecs/zlib.sx:126:31
    |
126 |         if progress.status == .done { return output[..output_at]; }
    |                               ^^^^^

error: field 'status' not found on type 'void'
  --> library/modules/std/codecs/zlib.sx:127:12
    |
127 |         if progress.status == .need_output and output_at >= output.len { raise error.OutputLimit; }
    |            ^^^^^^^^^^^^^^^

error: enum literal '.need_output' cannot type itself from non-enum destination 'i64'
  --> library/modules/std/codecs/zlib.sx:127:31
    |
127 |         if progress.status == .need_output and output_at >= output.len { raise error.OutputLimit; }
    |                               ^^^^^^^^^^^^

error: `try` requires a failable expression; operand has type 'unresolved'
  --> library/modules/std/codecs/gzip.sx:154:21
    |
154 |         progress := try encoder.state.step(input, destination, true);
    |                     ^^^^^^^^^^^^^^^^^^^^^^^^^^^^^^^^^^^^^^^^^^^^^^^^

error: field 'consumed' not found on type 'void'
  --> library/modules/std/codecs/gzip.sx:155:21
    |
155 |         input_at += progress.consumed;
    |                     ^^^^^^^^^^^^^^^^^

error: field 'produced' not found on type 'void'
  --> library/modules/std/codecs/gzip.sx:156:22
    |
156 |         output_at += progress.produced;
    |                      ^^^^^^^^^^^^^^^^^

error: field 'status' not found on type 'void'
  --> library/modules/std/codecs/gzip.sx:157:12
    |
157 |         if progress.status == .done { return output[..output_at]; }
    |            ^^^^^^^^^^^^^^^

error: enum literal '.done' cannot type itself from non-enum destination 'i64'
  --> library/modules/std/codecs/gzip.sx:157:31
    |
157 |         if progress.status == .done { return output[..output_at]; }
    |                               ^^^^^

error: field 'status' not found on type 'void'
  --> library/modules/std/codecs/gzip.sx:158:12
    |
158 |         if progress.status == .need_output and output_at >= output.len { raise error.OutputLimit; }
    |            ^^^^^^^^^^^^^^^

error: enum literal '.need_output' cannot type itself from non-enum destination 'i64'
  --> library/modules/std/codecs/gzip.sx:158:31
    |
158 |         if progress.status == .need_output and output_at >= output.len { raise error.OutputLimit; }
    |                               ^^^^^^^^^^^^

error: this function returns 3 values — return them as `return a, b`, not a single value
  --> library/modules/std/internal/compress.sx:3536:45
     |
3536 |             if self.phase == .done { return Progress{ consumed = consumed, produced = produced, status = .done }; }
     |                                             ^^^^^^^^^^^^^^^^^^^^^^^^^^^^^^^^^^^^^^^^^^^^^^^^^^^^^^^^^^^^^^^^^^^^

error: this function returns 3 values — return them as `return a, b`, not a single value
  --> library/modules/std/internal/compress.sx:3543:48
     |
3543 |                 if self.header_at < 2 { return Progress{ consumed = consumed, produced = produced, status = .need_input }; }
     |                                                ^^^^^^^^^^^^^^^^^^^^^^^^^^^^^^^^^^^^^^^^^^^^^^^^^^^^^^^^^^^^^^^^^^^^^^^^^^

error: this function returns 3 values — return them as `return a, b`, not a single value
  --> library/modules/std/internal/compress.sx:2943:24
     |
2943 |                 return Progress{ consumed = consumed, produced = produced, status = .done };
     |                        ^^^^^^^^^^^^^^^^^^^^^^^^^^^^^^^^^^^^^^^^^^^^^^^^^^^^^^^^^^^^^^^^^^^^

error: this function returns 3 values — return them as `return a, b`, not a single value
  --> library/modules/std/internal/compress.sx:2948:40
     |
2948 |                 if !available { return Progress{ consumed = consumed, produced = produced, status = .need_input }; }
     |                                        ^^^^^^^^^^^^^^^^^^^^^^^^^^^^^^^^^^^^^^^^^^^^^^^^^^^^^^^^^^^^^^^^^^^^^^^^^^

error: this function returns 3 values — return them as `return a, b`, not a single value
  --> library/modules/std/internal/compress.sx:2981:40
     |
2981 |                 if !available { return Progress{ consumed = consumed, produced = produced, status = .need_input }; }
     |                                        ^^^^^^^^^^^^^^^^^^^^^^^^^^^^^^^^^^^^^^^^^^^^^^^^^^^^^^^^^^^^^^^^^^^^^^^^^^

error: this function returns 3 values — return them as `return a, b`, not a single value
  --> library/modules/std/internal/compress.sx:2988:40
     |
2988 |                 if !available { return Progress{ consumed = consumed, produced = produced, status = .need_input }; }
     |                                        ^^^^^^^^^^^^^^^^^^^^^^^^^^^^^^^^^^^^^^^^^^^^^^^^^^^^^^^^^^^^^^^^^^^^^^^^^^

error: this function returns 3 values — return them as `return a, b`, not a single value
  --> library/modules/std/internal/compress.sx:3012:52
     |
3012 |                 if produced >= output.len { return Progress{ consumed = consumed, produced = produced, status = .need_output }; }
     |                                                    ^^^^^^^^^^^^^^^^^^^^^^^^^^^^^^^^^^^^^^^^^^^^^^^^^^^^^^^^^^^^^^^^^^^^^^^^^^^

error: this function returns 3 values — return them as `return a, b`, not a single value
  --> library/modules/std/internal/compress.sx:3013:51
     |
3013 |                 if consumed >= input.len { return Progress{ consumed = consumed, produced = produced, status = .need_input }; }
     |                                                   ^^^^^^^^^^^^^^^^^^^^^^^^^^^^^^^^^^^^^^^^^^^^^^^^^^^^^^^^^^^^^^^^^^^^^^^^^^

error: this function returns 3 values — return them as `return a, b`, not a single value
  --> library/modules/std/internal/compress.sx:3049:40
     |
3049 |                 if !available { return Progress{ consumed = consumed, produced = produced, status = .need_input }; }
     |                                        ^^^^^^^^^^^^^^^^^^^^^^^^^^^^^^^^^^^^^^^^^^^^^^^^^^^^^^^^^^^^^^^^^^^^^^^^^^

error: this function returns 3 values — return them as `return a, b`, not a single value
  --> library/modules/std/internal/compress.sx:3063:44
     |
3063 |                     if !available { return Progress{ consumed = consumed, produced = produced, status = .need_input }; }
     |                                            ^^^^^^^^^^^^^^^^^^^^^^^^^^^^^^^^^^^^^^^^^^^^^^^^^^^^^^^^^^^^^^^^^^^^^^^^^^

error: this function returns 3 values — return them as `return a, b`, not a single value
  --> library/modules/std/internal/compress.sx:3088:40
     |
3088 |                 if !available { return Progress{ consumed = consumed, produced = produced, status = .need_input }; }
     |                                        ^^^^^^^^^^^^^^^^^^^^^^^^^^^^^^^^^^^^^^^^^^^^^^^^^^^^^^^^^^^^^^^^^^^^^^^^^^

error: this function returns 3 values — return them as `return a, b`, not a single value
  --> library/modules/std/internal/compress.sx:3114:40
     |
3114 |                 if !available { return Progress{ consumed = consumed, produced = produced, status = .need_input }; }
     |                                        ^^^^^^^^^^^^^^^^^^^^^^^^^^^^^^^^^^^^^^^^^^^^^^^^^^^^^^^^^^^^^^^^^^^^^^^^^^

error: this function returns 3 values — return them as `return a, b`, not a single value
  --> library/modules/std/internal/compress.sx:3364:40
     |
3364 |                 if !available { return Progress{ consumed = consumed, produced = produced, status = .need_input }; }
     |                                        ^^^^^^^^^^^^^^^^^^^^^^^^^^^^^^^^^^^^^^^^^^^^^^^^^^^^^^^^^^^^^^^^^^^^^^^^^^

error: this function returns 3 values — return them as `return a, b`, not a single value
  --> library/modules/std/internal/compress.sx:3381:52
     |
3381 |                 if produced >= output.len { return Progress{ consumed = consumed, produced = produced, status = .need_output }; }
     |                                                    ^^^^^^^^^^^^^^^^^^^^^^^^^^^^^^^^^^^^^^^^^^^^^^^^^^^^^^^^^^^^^^^^^^^^^^^^^^^

error: this function returns 3 values — return them as `return a, b`, not a single value
  --> library/modules/std/internal/compress.sx:3388:40
     |
3388 |                 if !available { return Progress{ consumed = consumed, produced = produced, status = .need_input }; }
     |                                        ^^^^^^^^^^^^^^^^^^^^^^^^^^^^^^^^^^^^^^^^^^^^^^^^^^^^^^^^^^^^^^^^^^^^^^^^^^

error: this function returns 3 values — return them as `return a, b`, not a single value
  --> library/modules/std/internal/compress.sx:3397:40
     |
3397 |                 if !available { return Progress{ consumed = consumed, produced = produced, status = .need_input }; }
     |                                        ^^^^^^^^^^^^^^^^^^^^^^^^^^^^^^^^^^^^^^^^^^^^^^^^^^^^^^^^^^^^^^^^^^^^^^^^^^

error: this function returns 3 values — return them as `return a, b`, not a single value
  --> library/modules/std/internal/compress.sx:3410:40
     |
3410 |                 if !available { return Progress{ consumed = consumed, produced = produced, status = .need_input }; }
     |                                        ^^^^^^^^^^^^^^^^^^^^^^^^^^^^^^^^^^^^^^^^^^^^^^^^^^^^^^^^^^^^^^^^^^^^^^^^^^

error: this function returns 3 values — return them as `return a, b`, not a single value
  --> library/modules/std/internal/compress.sx:3418:52
     |
3418 |                 if produced >= output.len { return Progress{ consumed = consumed, produced = produced, status = .need_output }; }
     |                                                    ^^^^^^^^^^^^^^^^^^^^^^^^^^^^^^^^^^^^^^^^^^^^^^^^^^^^^^^^^^^^^^^^^^^^^^^^^^^

error: this function returns 3 values — return them as `return a, b`, not a single value
  --> library/modules/std/internal/compress.sx:3578:24
     |
3578 |                 return Progress{ consumed = consumed, produced = produced, status = progress.status };
     |                        ^^^^^^^^^^^^^^^^^^^^^^^^^^^^^^^^^^^^^^^^^^^^^^^^^^^^^^^^^^^^^^^^^^^^^^^^^^^^^^

error: this function returns 3 values — return them as `return a, b`, not a single value
  --> library/modules/std/internal/compress.sx:3586:49
     |
3586 |                 if self.trailer_at < 4 { return Progress{ consumed = consumed, produced = produced, status = .need_input }; }
     |                                                 ^^^^^^^^^^^^^^^^^^^^^^^^^^^^^^^^^^^^^^^^^^^^^^^^^^^^^^^^^^^^^^^^^^^^^^^^^^

error: `try` requires a failable expression; operand has type 'unresolved'
  --> library/modules/std/codecs/gzip.sx:178:21
    |
178 |         progress := try decoder.state.step(input, destination, true);
    |                     ^^^^^^^^^^^^^^^^^^^^^^^^^^^^^^^^^^^^^^^^^^^^^^^^

error: field 'consumed' not found on type 'void'
  --> library/modules/std/codecs/gzip.sx:179:21
    |
179 |         input_at += progress.consumed;
    |                     ^^^^^^^^^^^^^^^^^

error: field 'produced' not found on type 'void'
  --> library/modules/std/codecs/gzip.sx:180:22
    |
180 |         output_at += progress.produced;
    |                      ^^^^^^^^^^^^^^^^^

error: field 'status' not found on type 'void'
  --> library/modules/std/codecs/gzip.sx:181:12
    |
181 |         if progress.status == .done { return output[..output_at]; }
    |            ^^^^^^^^^^^^^^^

error: enum literal '.done' cannot type itself from non-enum destination 'i64'
  --> library/modules/std/codecs/gzip.sx:181:31
    |
181 |         if progress.status == .done { return output[..output_at]; }
    |                               ^^^^^

error: field 'status' not found on type 'void'
  --> library/modules/std/codecs/gzip.sx:182:12
    |
182 |         if progress.status == .need_output and output_at >= output.len { raise error.OutputLimit; }
    |            ^^^^^^^^^^^^^^^

error: enum literal '.need_output' cannot type itself from non-enum destination 'i64'
  --> library/modules/std/codecs/gzip.sx:182:31
    |
182 |         if progress.status == .need_output and output_at >= output.len { raise error.OutputLimit; }
    |                               ^^^^^^^^^^^^

error: field 'status' not found on type 'void'
  --> library/modules/std/codecs/gzip.sx:183:12
    |
183 |         if progress.status == .need_input and input_at >= data.len { raise error.UnexpectedEnd; }
    |            ^^^^^^^^^^^^^^^

error: enum literal '.need_input' cannot type itself from non-enum destination 'i64'
  --> library/modules/std/codecs/gzip.sx:183:31
    |
183 |         if progress.status == .need_input and input_at >= data.len { raise error.UnexpectedEnd; }
    |                               ^^^^^^^^^^^

error: this function returns 3 values — return them as `return a, b`, not a single value
  --> library/modules/std/internal/compress.sx:3858:24
     |
3858 |                 return Progress{ consumed = consumed, produced = produced, status = .done };
     |                        ^^^^^^^^^^^^^^^^^^^^^^^^^^^^^^^^^^^^^^^^^^^^^^^^^^^^^^^^^^^^^^^^^^^^

error: this function returns 3 values — return them as `return a, b`, not a single value
  --> library/modules/std/internal/compress.sx:3866:24
     |
3866 |                 return Progress{ consumed = consumed, produced = produced, status = .need_input };
     |                        ^^^^^^^^^^^^^^^^^^^^^^^^^^^^^^^^^^^^^^^^^^^^^^^^^^^^^^^^^^^^^^^^^^^^^^^^^^

error: this function returns 3 values — return them as `return a, b`, not a single value
  --> library/modules/std/internal/compress.sx:3878:48
     |
3878 |                 if self.fixed_at < 10 { return Progress{ consumed = consumed, produced = produced, status = .need_input }; }
     |                                                ^^^^^^^^^^^^^^^^^^^^^^^^^^^^^^^^^^^^^^^^^^^^^^^^^^^^^^^^^^^^^^^^^^^^^^^^^^

error: this function returns 3 values — return them as `return a, b`, not a single value
  --> library/modules/std/internal/compress.sx:3895:54
     |
3895 |                 if self.extra_length_at < 2 { return Progress{ consumed = consumed, produced = produced, status = .need_input }; }
     |                                                      ^^^^^^^^^^^^^^^^^^^^^^^^^^^^^^^^^^^^^^^^^^^^^^^^^^^^^^^^^^^^^^^^^^^^^^^^^^

error: this function returns 3 values — return them as `return a, b`, not a single value
  --> library/modules/std/internal/compress.sx:3908:54
     |
3908 |                 if self.extra_remaining > 0 { return Progress{ consumed = consumed, produced = produced, status = .need_input }; }
     |                                                      ^^^^^^^^^^^^^^^^^^^^^^^^^^^^^^^^^^^^^^^^^^^^^^^^^^^^^^^^^^^^^^^^^^^^^^^^^^

error: this function returns 3 values — return them as `return a, b`, not a single value
  --> library/modules/std/internal/compress.sx:3921:36
     |
3921 |                 if !found { return Progress{ consumed = consumed, produced = produced, status = .need_input }; }
     |                                    ^^^^^^^^^^^^^^^^^^^^^^^^^^^^^^^^^^^^^^^^^^^^^^^^^^^^^^^^^^^^^^^^^^^^^^^^^^

error: this function returns 3 values — return them as `return a, b`, not a single value
  --> library/modules/std/internal/compress.sx:3931:52
     |
3931 |                 if self.header_crc_at < 2 { return Progress{ consumed = consumed, produced = produced, status = .need_input }; }
     |                                                    ^^^^^^^^^^^^^^^^^^^^^^^^^^^^^^^^^^^^^^^^^^^^^^^^^^^^^^^^^^^^^^^^^^^^^^^^^^

error: this function returns 3 values — return them as `return a, b`, not a single value
  --> library/modules/std/internal/compress.sx:3952:24
     |
3952 |                 return Progress{ consumed = consumed, produced = produced, status = progress.status };
     |                        ^^^^^^^^^^^^^^^^^^^^^^^^^^^^^^^^^^^^^^^^^^^^^^^^^^^^^^^^^^^^^^^^^^^^^^^^^^^^^^

error: this function returns 3 values — return them as `return a, b`, not a single value
  --> library/modules/std/internal/compress.sx:3960:49
     |
3960 |                 if self.trailer_at < 8 { return Progress{ consumed = consumed, produced = produced, status = .need_input }; }
     |                                                 ^^^^^^^^^^^^^^^^^^^^^^^^^^^^^^^^^^^^^^^^^^^^^^^^^^^^^^^^^^^^^^^^^^^^^^^^^^

error: this function returns 3 values — return them as `return a, b`, not a single value
  --> library/modules/std/internal/compress.sx:3970:24
     |
3970 |                 return Progress{ consumed = consumed, produced = produced, status = .need_input };
     |                        ^^^^^^^^^^^^^^^^^^^^^^^^^^^^^^^^^^^^^^^^^^^^^^^^^^^^^^^^^^^^^^^^^^^^^^^^^^
