error: this function returns 5 values — return them as `return a, b`, not a single value
  --> library/modules/std/process.sx:355:12
    |
355 |     return Child{ pid = pid, stdin = parent[0], stdout = parent[1], stderr = parent[2] };
    |            ^^^^^^^^^^^^^^^^^^^^^^^^^^^^^^^^^^^^^^^^^^^^^^^^^^^^^^^^^^^^^^^^^^^^^^^^^^^^^

error: the error slot of a failable cannot be dropped — bind it (`v, err := …`) and handle it, or use `try` / `catch`
  --> examples/std/2130-std-process-spawn-kill.sx:6:17
   |
 6 |     child, e := process.spawn(.["sleep", "60"], .{});
   |                 ^^^^^^^^^^^^^^^^^^^^^^^^^^^^^^^^^^^^

error: unresolved 'wait' (in examples/std/2130-std-process-spawn-kill.sx fn main)
  --> examples/std/2130-std-process-spawn-kill.sx:9:8
   |
 9 |     if child.wait(false) != null { print("sleep 60 already reaped\n"); return 1; }
   |        ^^^^^^^^^^

error: 'kill' is not a ufcs function — a plain function does not dispatch via dot-call
  --> examples/std/2130-std-process-spawn-kill.sx:12:8
   |
12 |     if child.kill(process.SIGTERM) != 0 { print("kill refused\n"); return 1; }
   |        ^^^^^^^^^^

help: call it directly (`kill(receiver, ...)`) or declare it `kill :: ufcs (...) { ... }`
   |
12 |     if child.kill(process.SIGTERM) != 0 { print("kill refused\n"); return 1; }
   |        ^^^^^^^^^^

error: unresolved 'wait' (in examples/std/2130-std-process-spawn-kill.sx fn main)
  --> examples/std/2130-std-process-spawn-kill.sx:14:13
   |
14 |     code := child.wait(true);
   |             ^^^^^^^^^^

error: 'kill' is not a ufcs function — a plain function does not dispatch via dot-call
  --> examples/std/2130-std-process-spawn-kill.sx:20:8
   |
20 |     if child.kill(process.SIGKILL) != -1 { print("reaped child must signal nothing\n"); return 1; }
   |        ^^^^^^^^^^

help: call it directly (`kill(receiver, ...)`) or declare it `kill :: ufcs (...) { ... }`
   |
20 |     if child.kill(process.SIGKILL) != -1 { print("reaped child must signal nothing\n"); return 1; }
   |        ^^^^^^^^^^

error: unresolved 'wait' (in examples/std/2130-std-process-spawn-kill.sx fn main)
  --> examples/std/2130-std-process-spawn-kill.sx:21:8
   |
21 |     if child.wait(true)! != 128 + process.SIGTERM { print("status not retained\n"); return 1; }
   |        ^^^^^^^^^^
