gen 11
gen s
gen-error 13
caught gen-error
caught gen-mixed
pack a
tick pack-tail
pack-error b
caught pack-error
tick local
tick64 local
name local
tick local-compound
void local
tick local-mixed
local defer
caught local-error
caught local-prefix
local defer
caught local-mixed
tick arrow
tick64 arrow
name arrow
void arrow
caught arrow-error
caught arrow-forward
tick block
tick64 block
tick block-compound
tick block-prefix
tick block-defer
block defer
block defer error
caught block-error
tick clo-mixed
caught clo-mixed
tick inside-named-return
named=3 4
