error: cannot apply '+' to operands of type 'i64' and 'string'
  --> examples/diagnostics/1106-diagnostics-binop-operand-type-check.sx:15:10
   |
15 |     a := n + s;      // arithmetic: i64 + string
   |          ^

error: cannot apply '*' to operands of type 'string' and 'i64'
  --> examples/diagnostics/1106-diagnostics-binop-operand-type-check.sx:16:10
   |
16 |     b := s * n;      // arithmetic: non-numeric LHS (string * i64)
   |          ^

error: cannot apply '<' to operands of type 'i64' and 'string'
  --> examples/diagnostics/1106-diagnostics-binop-operand-type-check.sx:17:10
   |
17 |     c := n < s;      // ordering:   i64 < string
   |          ^

error: cannot apply '&' to operands of type 'i64' and 'string'
  --> examples/diagnostics/1106-diagnostics-binop-operand-type-check.sx:18:10
   |
18 |     d := n & s;      // bitwise:    i64 & string
   |          ^

error: cannot apply '<<' to operands of type 'i64' and 'string'
  --> examples/diagnostics/1106-diagnostics-binop-operand-type-check.sx:19:10
   |
19 |     e := n << s;     // shift:      i64 << string
   |          ^
