error: 'u8' is a reserved type name and cannot be used as an identifier
  --> examples/diagnostics/1119-diagnostics-reserved-type-name-as-identifier.sx:7:13
   |
 7 | takesU8 :: (u8: i32) -> i32 { return u8; }
   |             ^^

error: 'i64' is a reserved type name and cannot be used as an identifier
  --> examples/diagnostics/1119-diagnostics-reserved-type-name-as-identifier.sx:10:5
   |
10 |     i64 : i32 = 3;
   |     ^^^

error: 'bool' is a reserved type name and cannot be used as an identifier
  --> examples/diagnostics/1119-diagnostics-reserved-type-name-as-identifier.sx:11:5
   |
11 |     bool : bool = true;
   |     ^^^^

error: 'string' is a reserved type name and cannot be used as an identifier
  --> examples/diagnostics/1119-diagnostics-reserved-type-name-as-identifier.sx:12:5
   |
12 |     string := "x";
   |     ^^^^^^
