error: 'i2' is a reserved type name and cannot be used as an identifier
  --> examples/diagnostics/1121-diagnostics-reserved-name-control-flow.sx:12:5
   |
12 |     i2, rest := pair();                  // destructure name
   |     ^^

error: 'u8' is a reserved type name and cannot be used as an identifier
  --> examples/diagnostics/1121-diagnostics-reserved-name-control-flow.sx:13:8
   |
13 |     if u8 := maybe() { }                 // if optional binding
   |        ^^

error: 'i16' is a reserved type name and cannot be used as an identifier
  --> examples/diagnostics/1121-diagnostics-reserved-name-control-flow.sx:14:11
   |
14 |     while i16 := maybe() { break; }      // while optional binding
   |           ^^^

error: 'bool' is a reserved type name and cannot be used as an identifier
  --> examples/diagnostics/1121-diagnostics-reserved-name-control-flow.sx:16:13
   |
16 |     for xs (bool) { }                   // for capture name
   |             ^^^^

error: 'i32' is a reserved type name and cannot be used as an identifier
  --> examples/diagnostics/1121-diagnostics-reserved-name-control-flow.sx:17:21
   |
17 |     for xs, 0.. (v, i32) { }                 // for index name
   |                     ^^^

error: 'string' is a reserved type name and cannot be used as an identifier
  --> examples/diagnostics/1121-diagnostics-reserved-name-control-flow.sx:20:22
   |
20 |         case .some: (string) { 0 }
   |                      ^^^^^^
