error: 'Wide' carries a payload of type 'i64', and this names it bare
  --> examples/diagnostics/1128-diagnostics-error-payload-braces.sx:12:56
   |
12 | bareMember  :: (n: i64) -> (i64, !PayErr) { if n < 0 { raise PayErr.Wide; }    return n; }
   |                                                        ^^^^^^^^^^^^^^^^^^

help: construct it — '.Wide{ … }'
   |
12 | bareMember  :: (n: i64) -> (i64, !PayErr) { if n < 0 { raise PayErr.Wide; }    return n; }
   |                                                        ^^^^^^^^^^^^^^^^^^

error: 'Bare' carries no payload, and a brace group holds one
  --> examples/diagnostics/1128-diagnostics-error-payload-braces.sx:13:62
   |
13 | voidBraces  :: (n: i64) -> (i64, !PayErr) { if n < 0 { raise .Bare{1}; }       return n; }
   |                                                              ^^^^^^^^

help: write '.Bare'
   |
13 | voidBraces  :: (n: i64) -> (i64, !PayErr) { if n < 0 { raise .Bare{1}; }       return n; }
   |                                                              ^^^^^^^^

error: 'Wide' carries a payload of type 'i64' — write the one value in the braces ('.Wide{ … }')
  --> examples/diagnostics/1128-diagnostics-error-payload-braces.sx:14:62
   |
14 | emptyScalar :: (n: i64) -> (i64, !PayErr) { if n < 0 { raise .Wide{}; }        return n; }
   |                                                              ^^^^^^^

error: error set 'PayErr' has no member 'Gone'
  --> examples/diagnostics/1128-diagnostics-error-payload-braces.sx:15:63
   |
15 | absent       :: (n: i64) -> (i64, !PayErr) { if n < 0 { raise PayErr.Gone{1}; } return n; }
   |                                                               ^^^^^^^^^^^^^^

error: error set 'PayErr' has no member 'Gone'
  --> examples/diagnostics/1128-diagnostics-error-payload-braces.sx:17:75
   |
17 | absentArm   :: (n: i64) -> i64 { return sound(n) catch |e| match e { case .Gone: |g| g; else: 0; }; }
   |                                                                           ^^^^^
