error: 'i8' is a reserved type name and cannot be used as an identifier
  --> examples/diagnostics/1141-diagnostics-reserved-name-type-decl.sx:9:1
   |
 9 | i8 :: struct { v: i64; }
   | ^^

error: 'i16' is a reserved type name and cannot be used as an identifier
  --> examples/diagnostics/1141-diagnostics-reserved-name-type-decl.sx:10:1
   |
10 | i16 :: enum { A; B; }
   | ^^^

error: 'u16' is a reserved type name and cannot be used as an identifier
  --> examples/diagnostics/1141-diagnostics-reserved-name-type-decl.sx:11:1
   |
11 | u16 :: union { a: i32; b: f32; }
   | ^^^

error: 'u32' is a reserved type name and cannot be used as an identifier
  --> examples/diagnostics/1141-diagnostics-reserved-name-type-decl.sx:12:1
   |
12 | u32 :: error { Bad, Empty }
   | ^^^

error: 'u8' is a reserved type name and cannot be used as an identifier
  --> examples/diagnostics/1141-diagnostics-reserved-name-type-decl.sx:13:1
   |
13 | u8 : i64 : 5;
   | ^^
