error: cannot implicitly narrow non-integral float '2.5' to 'i64'; use an explicit cast (`xx`/`.(T)`)
  --> examples/diagnostics/1147-diagnostics-float-division-narrowing.sx:22:11
   |
22 | K : i64 : 5.0 / 2.0;   // 2.5 non-integral float-DIVISION const → error
   |           ^^^^^^^^^

error: cannot implicitly narrow non-integral float '2.5' to 'i64'; use an explicit cast (`xx`/`.(T)`)
  --> examples/diagnostics/1147-diagnostics-float-division-narrowing.sx:31:19
   |
31 |     local : i64 = 5.0 / 2.0;     // non-integral float-DIVISION local → error
   |                   ^^^^^^^^^

error: array dimension must be an integer, but '2.5' is a non-integral float
  --> examples/diagnostics/1147-diagnostics-float-division-narrowing.sx:32:12
   |
32 |     dim : [5.0 / 2.0]i64 = ---;  // non-integral float-DIVISION array dimension → error
   |            ^^^^^^^^^

error: cannot implicitly narrow non-integral float '2.5' to 'i64'; use an explicit cast (`xx`/`.(T)`)
  --> examples/diagnostics/1147-diagnostics-float-division-narrowing.sx:33:18
   |
33 |     cdiv : i64 = ME / 2;         // untyped float-EXPR const division (5.0/2 = 2.5) → error
   |                  ^^^^^^

error: array dimension must be an integer, but '2.5' is a non-integral float
  --> examples/diagnostics/1147-diagnostics-float-division-narrowing.sx:34:13
   |
34 |     cdim : [ME / 2]i64 = ---;    // same, at the count path → error
   |             ^^^^^^

error: cannot implicitly narrow non-integral float '2.5' to 'i64'; use an explicit cast (`xx`/`.(T)`)
  --> examples/diagnostics/1147-diagnostics-float-division-narrowing.sx:25:15
   |
25 |     f : i64 = 5.0 / 2.0;   // non-integral float-DIVISION field default → error
   |               ^^^^^^^^^

error: cannot implicitly narrow non-integral float '2.5' to 'i64'; use an explicit cast (`xx`/`.(T)`)
  --> examples/diagnostics/1147-diagnostics-float-division-narrowing.sx:28:24
   |
28 | badParam :: (x : i64 = 5.0 / 2.0) -> i64 { return x; }  // float-DIVISION param default → error
   |                        ^^^^^^^^^
