error: unknown error set 'Nonexistent'
  --> examples/diagnostics/1195-diagnostics-non-type-in-type-position.sx:25:9
   |
25 |     z : !Nonexistent = ---;        // `!` of an undeclared name
   |         ^^^^^^^^^^^^

error: unknown error set 'Nonexistent'
  --> examples/diagnostics/1195-diagnostics-non-type-in-type-position.sx:27:17
   |
27 |     v : Closure(!Nonexistent) -> i32 = ---;   // nested in a closure param
   |                 ^^^^^^^^^^^^

error: expected a type, found a value 'g.a' in type position
  --> examples/diagnostics/1195-diagnostics-non-type-in-type-position.sx:23:9
   |
23 |     x : g.a = ---;                 // field-access value in type position
   |         ^^^

error: expected a type, found a value 'g.a' in type position
  --> examples/diagnostics/1195-diagnostics-non-type-in-type-position.sx:24:29
   |
24 |     y : struct { a: i32; b: g.a } = ---;     // same, as a product field
   |                             ^^^
