error: cannot index a value of type '*i64' — use a many-pointer '[*]T', or dereference first
  --> examples/diagnostics/1213-diagnostics-scalar-pointer-index.sx:17:5
   |
17 |     pc[0] = 7;      // error: cannot index '*i64' (write position)
   |     ^^

error: cannot index a value of type '*i64' — use a many-pointer '[*]T', or dereference first
  --> examples/diagnostics/1213-diagnostics-scalar-pointer-index.sx:18:11
   |
18 |     q := *pc[0];    // error: cannot index '*i64' (address-of position)
   |           ^^

error: cannot index a value of type '*S' — use a many-pointer '[*]T', or dereference first
  --> examples/diagnostics/1213-diagnostics-scalar-pointer-index.sx:21:5
   |
21 |     ps[0].a = 9;    // error: cannot index '*S' (field-lvalue-through-index)
   |     ^^

error: cannot index a value of type '*i64' — use a many-pointer '[*]T', or dereference first
  --> examples/diagnostics/1213-diagnostics-scalar-pointer-index.sx:22:12
   |
22 |     return pc[0];   // error: cannot index '*i64' (read position)
   |            ^^
