error: 'one' expects 1 argument, but 2 were given
  --> examples/diagnostics/1214-diagnostics-closure-value-arity.sx:19:19
   |
19 |     print("{}\n", one(1, 2));
   |                   ^^^

error: 'two' expects 2 arguments, but 1 was given
  --> examples/diagnostics/1214-diagnostics-closure-value-arity.sx:23:19
   |
23 |     print("{}\n", two(1));
   |                   ^^^

error: 'zero' expects 0 arguments, but 1 was given
  --> examples/diagnostics/1214-diagnostics-closure-value-arity.sx:27:19
   |
27 |     print("{}\n", zero(1));
   |                   ^^^^

error: 'cb' expects 1 argument, but 2 were given
  --> examples/diagnostics/1214-diagnostics-closure-value-arity.sx:31:19
   |
31 |     print("{}\n", s.cb(3, 4));
   |                   ^^^^

error: 'f' expects 2 arguments, but 3 were given
  --> examples/diagnostics/1214-diagnostics-closure-value-arity.sx:35:19
   |
35 |     print("{}\n", f(7, 8, 9));
   |                   ^

error: this closure expects 1 argument, but 2 were given
  --> examples/diagnostics/1214-diagnostics-closure-value-arity.sx:39:19
   |
39 |     print("{}\n", g!(4, 5));
   |                   ^^

error: cannot spread this value into a closure — a runtime slice/array has no statically-known length to expand into positional arguments
  --> examples/diagnostics/1214-diagnostics-closure-value-arity.sx:44:23
   |
44 |     print("{}\n", two(..sl));
   |                       ^^^^

help: spread a tuple (or a comptime pack) instead, or pass the elements individually
   |
44 |     print("{}\n", two(..sl));
   |                       ^^^^

error: cannot spread this value into a function pointer — a runtime slice/array has no statically-known length to expand into positional arguments
  --> examples/diagnostics/1214-diagnostics-closure-value-arity.sx:47:21
   |
47 |     print("{}\n", f(..sl));
   |                     ^^^^

help: spread a tuple (or a comptime pack) instead, or pass the elements individually
   |
47 |     print("{}\n", f(..sl));
   |                     ^^^^

error: cannot spread this value into 'addfn' — a runtime slice/array has no statically-known length to expand into positional arguments
  --> examples/diagnostics/1214-diagnostics-closure-value-arity.sx:51:25
   |
51 |     print("{}\n", addfn(..sl));
   |                         ^^^^

help: spread a tuple (or a comptime pack) instead, or pass the elements individually
   |
51 |     print("{}\n", addfn(..sl));
   |                         ^^^^

error: cannot spread this value into 'take1' — a runtime slice/array has no statically-known length to expand into positional arguments
  --> examples/diagnostics/1214-diagnostics-closure-value-arity.sx:52:25
   |
52 |     print("{}\n", take1(..sl));
   |                         ^^^^

help: spread a tuple (or a comptime pack) instead, or pass the elements individually
   |
52 |     print("{}\n", take1(..sl));
   |                         ^^^^
