error: cannot assign to immutable capture 'x' — it is a by-value copy of the element; capture by reference with '*x' and write 'x.* = ...' to modify the container, or copy it into a `:=` local to mutate
  --> examples/diagnostics/1227-diagnostics-capture-assignment.sx:28:19
   |
28 |     for x in xs { x += 100; }
   |                   ^^^^^^^^^

error: cannot assign to immutable capture 'i' — a range/index position has no storage to write back into; copy it into a `:=` local to mutate
  --> examples/diagnostics/1227-diagnostics-capture-assignment.sx:31:27
   |
31 |     for v, i in xs, 0.. { i = 99; }
   |                           ^^^^^^^

error: cannot assign to immutable capture 'r' — a match payload binding is a read-only copy of the variant's payload; copy it into a `:=` local to mutate
  --> examples/diagnostics/1227-diagnostics-capture-assignment.sx:36:29
   |
36 |         case .circle: |r| { r = 5.0; }
   |                             ^^^^^^^^

error: cannot assign to immutable capture 'n' — a match payload binding is a read-only copy of the variant's payload; copy it into a `:=` local to mutate
  --> examples/diagnostics/1227-diagnostics-capture-assignment.sx:37:27
   |
37 |         case .rect: |n| { n = 7; }
   |                           ^^^^^^

error: cannot assign to immutable capture 'ov' — a match payload binding is a read-only copy of the variant's payload; copy it into a `:=` local to mutate
  --> examples/diagnostics/1227-diagnostics-capture-assignment.sx:43:28
   |
43 |         case .some: |ov| { ov = 9; }
   |                            ^^^^^^^

error: cannot assign to immutable capture 'e' — a catch error binding is read-only; copy it into a `:=` local to mutate
  --> examples/diagnostics/1227-diagnostics-capture-assignment.sx:48:25
   |
48 |     must(0) catch |e| { e = .Bad; };
   |                         ^^^^^^^^^

error: cannot assign to immutable capture 'x' — a pack-element alias is read-only; copy it into a `:=` local to mutate
  --> examples/diagnostics/1227-diagnostics-capture-assignment.sx:21:26
   |
21 |     inline for x in xs { x = 999; }          // pack-element alias — immutable
   |                          ^^^^^^^^

error: cannot assign to immutable capture 'x' — it is a by-value copy of the element; capture by reference with '*x' and write 'x.* = ...' to modify the container, or copy it into a `:=` local to mutate
  --> examples/diagnostics/1227-diagnostics-capture-assignment.sx:55:19
   |
55 |     for x in xs { x, a = 5, 6; }
   |                   ^

error: cannot assign to constant 'c' — a '::' declaration is immutable; use ':=' to declare a mutable local
  --> examples/diagnostics/1227-diagnostics-capture-assignment.sx:59:5
   |
59 |     c = 10;
   |     ^^^^^^^
