error: a nested function cannot reference the enclosing local 'x' — only a closure reaches it, by naming it in its env (`|…|_{ x } ...`)
  --> examples/diagnostics/1228-diagnostics-nested-fn-enclosing-local.sx:15:30
   |
15 |     f1 :: () -> i64 { return x + 1; }     // bare read of enclosing local
   |                              ^

error: a nested function cannot reference the enclosing local 'arr' — only a closure reaches it, by naming it in its env (`|…|_{ arr } ...`)
  --> examples/diagnostics/1228-diagnostics-nested-fn-enclosing-local.sx:16:30
   |
16 |     f2 :: () -> i64 { return arr[0]; }    // indexed read
   |                              ^^^

error: a nested function cannot reference the enclosing local 'arr' — only a closure reaches it, by naming it in its env (`|…|_{ arr } ...`)
  --> examples/diagnostics/1228-diagnostics-nested-fn-enclosing-local.sx:17:16
   |
17 |     f3 :: () { arr[1] = 99; }             // indexed write
   |                ^^^^^^

error: a nested function cannot reference the enclosing local 'pt' — only a closure reaches it, by naming it in its env (`|…|_{ pt } ...`)
  --> examples/diagnostics/1228-diagnostics-nested-fn-enclosing-local.sx:18:16
   |
18 |     f4 :: () { pt.v = 77; }               // field write
   |                ^^^^

error: a nested function cannot reference the enclosing local 'g' — only a closure reaches it, by naming it in its env (`|…|_{ g } ...`)
  --> examples/diagnostics/1228-diagnostics-nested-fn-enclosing-local.sx:19:30
   |
19 |     f5 :: () -> i64 { return g(); }       // enclosing closure-value call
   |                              ^

error: a nested function cannot reference the enclosing local 'a' — only a closure reaches it, by naming it in its env (`|…|_{ a } ...`)
  --> examples/diagnostics/1228-diagnostics-nested-fn-enclosing-local.sx:20:16
   |
20 |     f6 :: () { a, b = 7, 8; }             // multi-assign write
   |                ^

error: a nested function cannot reference the enclosing local 'b' — only a closure reaches it, by naming it in its env (`|…|_{ b } ...`)
  --> examples/diagnostics/1228-diagnostics-nested-fn-enclosing-local.sx:20:19
   |
20 |     f6 :: () { a, b = 7, 8; }             // multi-assign write
   |                   ^
