error: 'w' is an lvalue and 'Sizable' values own their storage — an implicit erasure here would silently heap-copy it; write the copy ('w.(Sizable)') or pass a view ('*Sizable' parameter) for transient use
  --> examples/diagnostics/1256-diagnostics-ownership-demand.sx:31:19
   |
31 |     a : Sizable = w;            // implicit lvalue at a decl → demand
   |                   ^

error: 'w' is an lvalue and 'Sizable' values own their storage — an implicit erasure here would silently heap-copy it; write the copy ('w.(Sizable)') or pass a view ('*Sizable' parameter) for transient use
  --> examples/diagnostics/1256-diagnostics-ownership-demand.sx:33:22
   |
33 |     b : Sizable = xx w;         // xx lvalue → same demand
   |                      ^

error: 'w' is an lvalue and 'Sizable' values own their storage — an implicit erasure here would silently heap-copy it; write the copy ('w.(Sizable)') or pass a view ('*Sizable' parameter) for transient use
  --> examples/diagnostics/1256-diagnostics-ownership-demand.sx:35:17
   |
35 |     _ = use_val(w);             // implicit lvalue call arg → demand
   |                 ^

error: the operand is an lvalue and 'Sizable' values own their storage — an implicit erasure here would silently heap-copy it; write the copy (postfix '.(Sizable)') or pass a view ('*Sizable' parameter) for transient use
  --> examples/diagnostics/1256-diagnostics-ownership-demand.sx:36:18
   |
36 |     h : Holder = .{ s = w };    // implicit lvalue struct field → demand
   |                  ^^^^^^^^^^

error: 'pw' is a pointer and 'Sizable' values own their storage — an implicit erasure here would silently alias or copy the pointee; write the snapshot ('pw.(Sizable)' copies the pointee through context.allocator) or pass a view ('*Sizable' parameter) for transient use
  --> examples/diagnostics/1256-diagnostics-ownership-demand.sx:39:22
   |
39 |     c : Sizable = xx pw;        // pointer-to-concrete at a P target → demand
   |                      ^^

error: the operand is an rvalue and 'Sizable' values own their storage — an implicit erasure here would silently heap-allocate the copy; write the owning copy (postfix '.(Sizable)' or '.(Sizable, <alloc>)')
  --> examples/diagnostics/1256-diagnostics-ownership-demand.sx:42:19
   |
42 |     r : Sizable = W{ v = 2 };   // implicit rvalue (literal) at a decl → demand
   |                   ^^^^^^^^^^

error: the operand is an rvalue and 'Sizable' values own their storage — an implicit erasure here would silently heap-allocate the copy; write the owning copy (postfix '.(Sizable)' or '.(Sizable, <alloc>)')
  --> examples/diagnostics/1256-diagnostics-ownership-demand.sx:44:23
   |
44 |     r2 : Sizable = xx mk_w();   // xx rvalue (call result) → same demand
   |                       ^^^^^^

error: the operand is an rvalue and 'Sizable' values own their storage — an implicit erasure here would silently heap-allocate the copy; write the owning copy (postfix '.(Sizable)' or '.(Sizable, <alloc>)')
  --> examples/diagnostics/1256-diagnostics-ownership-demand.sx:46:17
   |
46 |     _ = use_val(mk_w());        // implicit rvalue call arg → demand
   |                 ^^^^^^

error: the allocator argument of an owning erasure must be an LVALUE naming an allocator — bind it first (the value must outlive the erasure so `free(p, a)` can pair with it)
  --> examples/diagnostics/1256-diagnostics-ownership-demand.sx:48:22
   |
48 |     d := w.(Sizable, mk_gpa()); // allocator argument must be an lvalue
   |                      ^^^^^^^^

error: '.(IdP, alloc)' on an '#identity' protocol — identity erasure is a borrow and allocates nothing; write '.(IdP)'
  --> examples/diagnostics/1256-diagnostics-ownership-demand.sx:50:10
   |
50 |     e := w.(IdP, context.allocator); // .(P, alloc) on #identity → refusal
   |          ^^^^^^^^^^^^^^^^^^^^^^^^^^
