error: 'plain' cannot take a trailing block — its last parameter 'b' is 'i64', which is neither a `Closure` nor a `@BuildBlock(P)`
  --> examples/diagnostics/1273-diagnostics-trailing-blocks.sx:16:21
   |
16 |     _ = plain(1, 2) { print("x\n"); };
   |                     ^^^^^^^^^^^^^^^^^

help: declare 'b' as `Closure()` to receive the block as a closure, or as `@BuildBlock(P)` to receive it as a build block
   |
16 |     _ = plain(1, 2) { print("x\n"); };
   |                     ^^^^^^^^^^^^^^^^^

error: 'vari' cannot take a trailing block — its last parameter '..rest' is variadic; a variadic tail binds positionally
  --> examples/diagnostics/1273-diagnostics-trailing-blocks.sx:17:13
   |
17 |     vari(1) { print("x\n"); };
   |             ^^^^^^^^^^^^^^^^^

error: 'rower' takes 1 parameter in the block for 'row' — its header binds 0
  --> examples/diagnostics/1273-diagnostics-trailing-blocks.sx:18:13
   |
18 |     rower() { print("x\n"); };
   |             ^^^^^^^^^^^^^^^^^

error: 'rower' takes 1 parameter in the block for 'row' — its header binds 2
  --> examples/diagnostics/1273-diagnostics-trailing-blocks.sx:19:13
   |
19 |     rower() { |a, b| print("x\n"); };
   |             ^^^^^^^^^^^^^^^^^^^^^^^^

error: 'vstack' takes 0 parameters in the block for 'content' — its header binds 1
  --> examples/diagnostics/1273-diagnostics-trailing-blocks.sx:20:21
   |
20 |     _ = vstack(1.0) { |x| print("x\n"); };
   |                     ^^^^^^^^^^^^^^^^^^^^^

error: parameter 'content' is bound both by a named argument and by the trailing block
  --> examples/diagnostics/1273-diagnostics-trailing-blocks.sx:21:33
   |
21 |     scaffold(content = toolbar) { print("x\n"); };
   |                                 ^^^^^^^^^^^^^^^^^

error: cannot use a trailing block here — 'q' has no known declaration (closure and function-pointer values bind their arguments explicitly)
  --> examples/diagnostics/1273-diagnostics-trailing-blocks.sx:23:5
   |
23 |     q() { print("x\n"); };
   |     ^
