error: no impl of 'Drawable' exists in this program — a tagged protocol's conformer set is whole-program, and nothing implements this one, so no value of it can exist
  --> examples/diagnostics/1939-diagnostics-tagged-membership.sx:27:20
   |
27 |     d : Drawable = w;
   |                    ^

error: 'Timer' does not implement 'View' — a tagged protocol's conformer set is whole-program, so this downcast can never match; implement it, or name a conformer
  --> examples/diagnostics/1939-diagnostics-tagged-membership.sx:31:13
   |
31 |     t := v.(Timer);
   |             ^^^^^

error: 'Timer' does not implement 'View' — a tagged protocol's conformer set is whole-program, so this downcast can never match; implement it, or name a conformer
  --> examples/diagnostics/1939-diagnostics-tagged-membership.sx:34:13
   |
34 |     s := v.(?Timer);
   |             ^^^^^^

warning: arm 'Timer' is dead — it does not implement 'View', whose conformer set is whole-program, so this arm never matches
  --> examples/diagnostics/1939-diagnostics-tagged-membership.sx:40:14
   |
40 |         case Timer:  |y| { print("{}\n", y.deadline); }
   |              ^^^^^
