error: free on a tagged protocol value — a tagged value is always a borrow into its conformer's storage; there is no owned allocation to free
  --> examples/diagnostics/1940-diagnostics-tagged-refusals.sx:28:5
   |
28 |     free(v);
   |     ^^^^

note: raised by '#error' here
  --> library/modules/std/mem.sx:64:17
   |
64 |                 #error("free on a tagged protocol value — a tagged value is always a borrow into its conformer's storage; there is no owned allocation to free");
   |                 ^^^^^^^^^^^^^^^^^^^^^^^^^^^^^^^^^^^^^^^^^^^^^^^^^^^^^^^^^^^^^^^^^^^^^^^^^^^^^^^^^^^^^^^^^^^^^^^^^^^^^^^^^^^^^^^^^^^^^^^^^^^^^^^^^^^^^^^^^^^^^^^^^^^

error: '.(View, alloc)' on a tagged protocol — a tagged value is always a borrow and allocates nothing; write '.(View)', or the implicit coercion
  --> examples/diagnostics/1940-diagnostics-tagged-refusals.sx:31:10
   |
31 |     y := w.(View, context.allocator);
   |          ^^^^^^^^^^^^^^^^^^^^^^^^^^^

error: cannot build a '*View' view over 'Widget' — a tagged protocol value is already a borrow, so no view is built for it; pass 'View' itself, or take the address of a named 'View' value
  --> examples/diagnostics/1940-diagnostics-tagged-refusals.sx:35:19
   |
35 |     print("{}\n", measure(w));
   |                   ^^^^^^^^^^

error: cannot erase an rvalue to '#identity' protocol 'Collector' — identity objects need a name; bind it first (`x := …;` then `xx x` / `x.(Collector)` borrows the local)
  --> examples/diagnostics/1940-diagnostics-tagged-refusals.sx:39:21
   |
39 |     s : Collector = Accum{ sum = 0 };
   |                     ^^^^^^^^^^^^^^^^

error: cannot erase an rvalue into tagged protocol 'View' at a 'return' — the frame that would hold the temporary is about to die, so there is nothing durable to borrow beyond this frame; bind it, or place it in storage the caller owns
  --> examples/diagnostics/1940-diagnostics-tagged-refusals.sx:21:26
   |
21 | escaping :: () -> View { return Widget{ n = 1 }; }
   |                          ^^^^^^^^^^^^^^^^^^^^^^^
