error: 'View' is a tagged protocol and its values are not available in compile-time execution — a tag is assigned when the whole-program conformer set is numbered, which happens after every comptime evaluation; use the concrete type here, or a generic bound ('$T/View')
  --> examples/diagnostics/1941-diagnostics-tagged-coherence-and-comptime.sx:20:41
   |
20 | ERASED :: #run { w := Widget.{ n = 4 }; v : View = w; v.area() };
   |                                         ^^^^^^^^^^^^^

error: 'View' is a tagged protocol and its values are not available in compile-time execution — a tag is assigned when the whole-program conformer set is numbered, which happens after every comptime evaluation; use the concrete type here, or a generic bound ('$T/View')
  --> examples/diagnostics/1941-diagnostics-tagged-coherence-and-comptime.sx:20:55
   |
20 | ERASED :: #run { w := Widget.{ n = 4 }; v : View = w; v.area() };
   |                                                       ^^^^^^

error: duplicate impl of tagged protocol 'View' for 'Widget' — a tagged conformer set is whole-program, so its coherence is global: exactly one impl of a pair may exist, whatever the import visibility
  --> examples/diagnostics/1941-diagnostics-tagged-coherence-and-comptime.sx:12:1
   |
12 | impl View for Widget { area :: (self: *Widget) -> i64 { self.n } }
   | ^^^^^^^^^^^^^^^^^^^^^^^^^^^^^^^^^^^^^^^^^^^^^^^^^^^^^^^^^^^^^^^^^^

note: also implemented here
  --> examples/diagnostics/1941-diagnostics-tagged-coherence-and-comptime.sx:13:1
   |
13 | impl View for Widget { area :: (self: *Widget) -> i64 { self.n * 2 } }
   | ^^^^^^^^^^^^^^^^^^^^^^^^^^^^^^^^^^^^^^^^^^^^^^^^^^^^^^^^^^^^^^^^^^^^^^
