error: cannot initialize 'plain' of type 'View' with a value of type 'Plain'
  --> examples/diagnostics/2042-diagnostics-open-set-formation.sx:53:19
   |
53 |     plain: View = Plain{ text = "not a member" };
   |                   ^^^^^^^^^^^^^^^^^^^^^^^^^^^^^^

help: 'Plain' is not a member of 'View' — a type joins by declaring itself into it: 'Plain :: @OpenVariant(View) { … }'
   |
53 |     plain: View = Plain{ text = "not a member" };
   |                   ^^^^^^^^^^^^^^^^^^^^^^^^^^^^^^

error: cannot initialize 'alien' of type 'View' with a value of type 'Alien'
  --> examples/diagnostics/2042-diagnostics-open-set-formation.sx:54:19
   |
54 |     alien: View = Alien{ text = "another set" };
   |                   ^^^^^^^^^^^^^^^^^^^^^^^^^^^^^

help: 'Alien' is a member of 'Elsewhere', and a type belongs to one set
   |
54 |     alien: View = Alien{ text = "another set" };
   |                   ^^^^^^^^^^^^^^^^^^^^^^^^^^^^^

error: a contextual literal cannot form a 'View' value: it names no member
  --> examples/diagnostics/2042-diagnostics-open-set-formation.sx:58:19
   |
58 |     empty: View = .{};
   |                   ^^^

help: a set value is formed FROM a member — name it ('YourMember{ … }'), and the expected 'View' lifts it into the slot
   |
58 |     empty: View = .{};
   |                   ^^^

error: a contextual literal cannot form a 'View' value: it names no member
  --> examples/diagnostics/2042-diagnostics-open-set-formation.sx:59:21
   |
59 |     fielded: View = .{ text = "which member?" };
   |                     ^^^^^^^^^^^^^^^^^^^^^^^^^^^

help: a set value is formed FROM a member — name it ('YourMember{ … }'), and the expected 'View' lifts it into the slot
   |
59 |     fielded: View = .{ text = "which member?" };
   |                     ^^^^^^^^^^^^^^^^^^^^^^^^^^^

error: 'Plain' cannot be converted to 'View': it is not a member of it
  --> examples/diagnostics/2042-diagnostics-open-set-formation.sx:63:18
   |
63 |     converted := Plain{ text = "no" }.(View);
   |                  ^^^^^^^^^^^^^^^^^^^^^^^^^^^

help: a type joins by declaring itself into the set: 'Plain :: @OpenVariant(View) { … }'
   |
63 |     converted := Plain{ text = "no" }.(View);
   |                  ^^^^^^^^^^^^^^^^^^^^^^^^^^^

error: 'Plain' cannot be converted to 'View': it is not a member of it
  --> examples/diagnostics/2042-diagnostics-open-set-formation.sx:67:24
   |
67 |     cast_plain: View = xx Plain{ text = "still not a member" };
   |                        ^^^^^^^^^^^^^^^^^^^^^^^^^^^^^^^^^^^^^^^

help: a type joins by declaring itself into the set: 'Plain :: @OpenVariant(View) { … }'
   |
67 |     cast_plain: View = xx Plain{ text = "still not a member" };
   |                        ^^^^^^^^^^^^^^^^^^^^^^^^^^^^^^^^^^^^^^^

error: 'Alien' cannot be converted to 'View': it is not a member of it
  --> examples/diagnostics/2042-diagnostics-open-set-formation.sx:68:24
   |
68 |     cast_alien: View = xx Alien{ text = "still another set" };
   |                        ^^^^^^^^^^^^^^^^^^^^^^^^^^^^^^^^^^^^^^

help: 'Alien' is a member of 'Elsewhere', and a type belongs to one set
   |
68 |     cast_alien: View = xx Alien{ text = "still another set" };
   |                        ^^^^^^^^^^^^^^^^^^^^^^^^^^^^^^^^^^^^^^

error: 'any' cannot be converted to 'View': an 'any' never holds a set value — boxing a set boxes the member it carries
  --> examples/diagnostics/2042-diagnostics-open-set-formation.sx:74:21
   |
74 |     unboxed: View = xx boxed;
   |                     ^^^^^^^^

help: name the member as the target instead, or open the box with a type switch — its arms bind the member
   |
74 |     unboxed: View = xx boxed;
   |                     ^^^^^^^^

error: '.(View, alloc)' is not a conversion that allocates: 'View' holds its member inline
  --> examples/diagnostics/2042-diagnostics-open-set-formation.sx:78:18
   |
78 |     allocated := Label{ text = "x" }.(View, context.allocator);
   |                  ^^^^^^^^^^^^^^^^^^^^^^^^^^^^^^^^^^^^^^^^^^^^^

help: forming a set value is ordinary value formation — write '.(View)', or let the expected type form it
   |
78 |     allocated := Label{ text = "x" }.(View, context.allocator);
   |                  ^^^^^^^^^^^^^^^^^^^^^^^^^^^^^^^^^^^^^^^^^^^^^

error: 'write' needs a '*Label' destination, but this is '*View'
  --> examples/diagnostics/2042-diagnostics-open-set-formation.sx:47:17
   |
47 |     value.write(*slot);
   |                 ^^^^^

help: 'Label' is a member of 'View', and an initializer writes exactly its own type — take the set's initializer ('$I/@Init(View)') to write a set slot
   |
47 |     value.write(*slot);
   |                 ^^^^^
