error: cannot declare a field of type '@VaList' — a C-variadic cursor has no value form; declare it as a local and pass '*name'
  --> examples/diagnostics/2105-diagnostics-cvariadic.sx:39:13
   |
39 |     cursor: @VaList;
   |             ^^^^^^^

error: cannot declare a field of type '*@VaList' — a C-variadic cursor cannot outlive the call frame whose tail it reads
  --> examples/diagnostics/2105-diagnostics-cvariadic.sx:40:13
   |
40 |     borrow: *@VaList;
   |             ^^^^^^^^

error: '@VaList' is the C boundary parameter — declare this signature 'abi(.c)', 'extern', or 'export', or take the sx-internal borrow '*@VaList'
  --> examples/diagnostics/2105-diagnostics-cvariadic.sx:44:18
   |
44 | by_value :: (ap: @VaList) -> i64 { return 0; }
   |                  ^^^^^^^

error: '*@VaList' is the sx-internal borrow — a C signature takes the list itself, '@VaList'
  --> examples/diagnostics/2105-diagnostics-cvariadic.sx:46:18
   |
46 | c_borrow :: (ap: *@VaList) -> i64 abi(.c) { return 0; }
   |                  ^^^^^^^^

error: '@VaList' is the C boundary parameter — declare this signature 'abi(.c)', 'extern', or 'export', or take the sx-internal borrow '*@VaList'
  --> examples/diagnostics/2105-diagnostics-cvariadic.sx:55:12
   |
55 |     plain: NotC;
   |            ^^^^

error: cannot declare a return of type '@VaList' — a C-variadic cursor has no value form; declare it as a local and pass '*name'
  --> examples/diagnostics/2105-diagnostics-cvariadic.sx:62:37
   |
62 | hands_one_back :: (ap: *@VaList) -> @VaList { return *ap; }
   |                                     ^^^^^^^

error: cannot declare a return of type '*@VaList' — a C-variadic cursor cannot outlive the call frame whose tail it reads
  --> examples/diagnostics/2105-diagnostics-cvariadic.sx:70:28
   |
70 | escapes :: (n: i32, ..) -> *@VaList abi(.c) {
   |                            ^^^^^^^^

error: cannot declare a global of type '@VaList' — a C-variadic cursor has no value form; declare it as a local and pass '*name'
  --> examples/diagnostics/2105-diagnostics-cvariadic.sx:59:9
   |
59 | stored: @VaList;
   |         ^^^^^^^

error: cannot declare a global of type '*@VaList' — a C-variadic cursor cannot outlive the call frame whose tail it reads
  --> examples/diagnostics/2105-diagnostics-cvariadic.sx:60:16
   |
60 | stored_borrow: *@VaList;
   |                ^^^^^^^^

error: '@va_start' needs a C-variadic tail to open — end this definition's parameter list in '..' (`(fixed, ..) -> R abi(.c)`)
  --> examples/diagnostics/2105-diagnostics-cvariadic.sx:110:5
    |
110 |     @va_start(*ap);
    |     ^^^^^^^^^

error: '@va_start' acts on a cursor this function owns — an incoming '@VaList' is borrowed already open, and its caller ends it
  --> examples/diagnostics/2105-diagnostics-cvariadic.sx:110:15
    |
110 |     @va_start(*ap);
    |               ^^^

error: '@va_end' acts on a cursor this function owns — an incoming '@VaList' is borrowed already open, and its caller ends it
  --> examples/diagnostics/2105-diagnostics-cvariadic.sx:111:13
    |
111 |     @va_end(*ap);
    |             ^^^

error: argument 2: 'i48' cannot cross a C-variadic tail; use a C ABI integer, 'f64', a pointer, or an 'abi(.c)' function value
  --> examples/diagnostics/2105-diagnostics-cvariadic.sx:120:5
    |
120 |     printf("%d\n", wide);        // a width no C variadic slot holds
    |     ^^^^^^^^^^^^^^^^^^^^

error: argument 2: 'string' cannot cross a C-variadic tail; use a C ABI integer, 'f64', a pointer, or an 'abi(.c)' function value
  --> examples/diagnostics/2105-diagnostics-cvariadic.sx:121:5
    |
121 |     printf("%s\n", "sx string"); // two words: pointer and length
    |     ^^^^^^^^^^^^^^^^^^^^^^^^^^^

error: argument 2: 'Pair' cannot cross a C-variadic tail; use a C ABI integer, 'f64', a pointer, or an 'abi(.c)' function value
  --> examples/diagnostics/2105-diagnostics-cvariadic.sx:122:5
    |
122 |     printf("%d\n", pair);        // an aggregate
    |     ^^^^^^^^^^^^^^^^^^^^

error: argument 2: '[2]i32' cannot cross a C-variadic tail; use a C ABI integer, 'f64', a pointer, or an 'abi(.c)' function value
  --> examples/diagnostics/2105-diagnostics-cvariadic.sx:123:5
    |
123 |     printf("%d\n", nums);        // an array
    |     ^^^^^^^^^^^^^^^^^^^^

error: argument 2: '[]i32' cannot cross a C-variadic tail; use a C ABI integer, 'f64', a pointer, or an 'abi(.c)' function value
  --> examples/diagnostics/2105-diagnostics-cvariadic.sx:124:5
    |
124 |     printf("%d\n", nums[0..1]);  // a slice is two words too
    |     ^^^^^^^^^^^^^^^^^^^^^^^^^^

error: argument 2: 'Pair' cannot cross a C-variadic tail; use a C ABI integer, 'f64', a pointer, or an 'abi(.c)' function value
  --> examples/diagnostics/2105-diagnostics-cvariadic.sx:125:5
    |
125 |     sum_ints(1, pair);           // the same refusal on a named typed tail
    |     ^^^^^^^^^^^^^^^^^

error: '@VaList' is opaque — its storage is the target's and has no published layout
  --> examples/diagnostics/2105-diagnostics-cvariadic.sx:127:34
    |
127 |     printf("%d %d %d\n", size_of(@VaList), align_of(@VaList), struct_field_count(@VaList));
    |                                  ^^^^^^^

error: '@VaList' is opaque — its storage is the target's and has no published layout
  --> examples/diagnostics/2105-diagnostics-cvariadic.sx:127:53
    |
127 |     printf("%d %d %d\n", size_of(@VaList), align_of(@VaList), struct_field_count(@VaList));
    |                                                     ^^^^^^^

error: '@VaList' is opaque — its storage is the target's and has no published layout
  --> examples/diagnostics/2105-diagnostics-cvariadic.sx:127:82
    |
127 |     printf("%d %d %d\n", size_of(@VaList), align_of(@VaList), struct_field_count(@VaList));
    |                                                                                  ^^^^^^^

error: cannot construct '@VaList' — a C-variadic cursor has no value form; declare it as a local and pass '*name'
  --> examples/diagnostics/2105-diagnostics-cvariadic.sx:128:13
    |
128 |     made := @VaList{};
    |             ^^^^^^^^^

error: 'u8' is promoted before it crosses a C-variadic tail — read 'i32'
  --> examples/diagnostics/2105-diagnostics-cvariadic.sx:84:23
   |
84 |     narrow := @va_arg(u8, *ap);   // promoted to `i32` before it crossed
   |                       ^^

error: 'f32' is promoted before it crosses a C-variadic tail — read 'f64'
  --> examples/diagnostics/2105-diagnostics-cvariadic.sx:85:23
   |
85 |     single := @va_arg(f32, *ap);  // promoted to `f64` before it crossed
   |                       ^^^

error: 'Pair' cannot cross a C-variadic tail; use a C ABI integer, 'f64', a pointer, or an 'abi(.c)' function value
  --> examples/diagnostics/2105-diagnostics-cvariadic.sx:86:26
   |
86 |     aggregate := @va_arg(Pair, *ap);
   |                          ^^^^

error: cannot cross a C-variadic tail as '*@VaList' — a C-variadic cursor cannot outlive the call frame whose tail it reads
  --> examples/diagnostics/2105-diagnostics-cvariadic.sx:87:5
   |
87 |     printf("%d\n", *ap);          // the cursor cannot leave this frame
   |     ^^^^^^^^^^^^^^^^^^^

error: cannot read '@VaList' — a C-variadic cursor has no value form; declare it as a local and pass '*name'
  --> examples/diagnostics/2105-diagnostics-cvariadic.sx:88:15
   |
88 |     copied := ap;                 // no value form to copy
   |               ^^

error: '@VaList' is opaque — its storage is the target's and has no published layout
  --> examples/diagnostics/2105-diagnostics-cvariadic.sx:89:13
   |
89 |     word := ap.w0;                // no published fields
   |             ^^^^^

error: cannot capture a C-variadic cursor — it reads a tail the enclosing frame owns, which a closure may outlive
  --> examples/diagnostics/2105-diagnostics-cvariadic.sx:90:47
   |
90 |     later := () -> i64 { return @va_arg(i64, *ap); }; // a closure may outlive the frame
   |                                               ^^

error: '@va_start' needs a C-variadic tail to open — end this definition's parameter list in '..' (`(fixed, ..) -> R abi(.c)`)
  --> examples/diagnostics/2105-diagnostics-cvariadic.sx:66:5
   |
66 |     @va_start(*ap);
   |     ^^^^^^^^^

error: '@va_end' acts on a cursor this function owns — pass '*name' for a local '@VaList'
  --> examples/diagnostics/2105-diagnostics-cvariadic.sx:77:13
   |
77 |     @va_end(ap);
   |             ^^

error: '@VaList' is the C boundary parameter — declare this signature 'abi(.c)', 'extern', or 'export', or take the sx-internal borrow '*@VaList'
  --> examples/diagnostics/2105-diagnostics-cvariadic.sx:103:15
    |
103 |     unusable: NotC = ---;
    |               ^^^^

error: '*@VaList' is the sx-internal borrow — a C signature takes the list itself, '@VaList'
  --> examples/diagnostics/2105-diagnostics-cvariadic.sx:104:20
    |
104 |     also_unusable: CBorrow = ---;
    |                    ^^^^^^^

error: a '@VaList' argument names a live list — pass a '@VaList' local or parameter as 'ap', or a borrow's list as 'ap.*'
  --> examples/diagnostics/2105-diagnostics-cvariadic.sx:105:24
    |
105 |     return c_reader(n, *ap) + c_reader(n, lent) + c_reader(n, 7);
    |                        ^^^

error: a '@VaList' argument names a live list — pass a '@VaList' local or parameter as 'ap', or a borrow's list as 'ap.*'
  --> examples/diagnostics/2105-diagnostics-cvariadic.sx:105:43
    |
105 |     return c_reader(n, *ap) + c_reader(n, lent) + c_reader(n, 7);
    |                                           ^^^^

error: a '@VaList' argument names a live list — pass a '@VaList' local or parameter as 'ap', or a borrow's list as 'ap.*'
  --> examples/diagnostics/2105-diagnostics-cvariadic.sx:105:63
    |
105 |     return c_reader(n, *ap) + c_reader(n, lent) + c_reader(n, 7);
    |                                                               ^
