error: duplicate impl of tagged protocol 'Alpha' for 'One' — a tagged conformer set is whole-program, so its coherence is global: exactly one impl of a pair may exist, whatever the import visibility
  --> examples/diagnostics/2127-diagnostics-tagged-coherence-order.sx:16:1
   |
16 | impl Alpha for One { a :: (self: *One) -> i64 { self.n } }
   | ^^^^^^^^^^^^^^^^^^^^^^^^^^^^^^^^^^^^^^^^^^^^^^^^^^^^^^^^^^

note: also implemented here
  --> examples/diagnostics/2127-diagnostics-tagged-coherence-order.sx:17:1
   |
17 | impl Alpha for One { a :: (self: *One) -> i64 { self.n + 1 } }
   | ^^^^^^^^^^^^^^^^^^^^^^^^^^^^^^^^^^^^^^^^^^^^^^^^^^^^^^^^^^^^^^

error: duplicate impl of tagged protocol 'Beta' for 'Two' — a tagged conformer set is whole-program, so its coherence is global: exactly one impl of a pair may exist, whatever the import visibility
  --> examples/diagnostics/2127-diagnostics-tagged-coherence-order.sx:19:1
   |
19 | impl Beta for Two { b :: (self: *Two) -> i64 { self.n } }
   | ^^^^^^^^^^^^^^^^^^^^^^^^^^^^^^^^^^^^^^^^^^^^^^^^^^^^^^^^^

note: also implemented here
  --> examples/diagnostics/2127-diagnostics-tagged-coherence-order.sx:20:1
   |
20 | impl Beta for Two { b :: (self: *Two) -> i64 { self.n + 2 } }
   | ^^^^^^^^^^^^^^^^^^^^^^^^^^^^^^^^^^^^^^^^^^^^^^^^^^^^^^^^^^^^^

error: duplicate impl of tagged protocol 'Gamma' for 'Three' — a tagged conformer set is whole-program, so its coherence is global: exactly one impl of a pair may exist, whatever the import visibility
  --> examples/diagnostics/2127-diagnostics-tagged-coherence-order.sx:22:1
   |
22 | impl Gamma for Three { c :: (self: *Three) -> i64 { self.n } }
   | ^^^^^^^^^^^^^^^^^^^^^^^^^^^^^^^^^^^^^^^^^^^^^^^^^^^^^^^^^^^^^^

note: also implemented here
  --> examples/diagnostics/2127-diagnostics-tagged-coherence-order.sx:23:1
   |
23 | impl Gamma for Three { c :: (self: *Three) -> i64 { self.n + 3 } }
   | ^^^^^^^^^^^^^^^^^^^^^^^^^^^^^^^^^^^^^^^^^^^^^^^^^^^^^^^^^^^^^^^^^^

error: duplicate impl of tagged protocol 'Delta' for 'Four' — a tagged conformer set is whole-program, so its coherence is global: exactly one impl of a pair may exist, whatever the import visibility
  --> examples/diagnostics/2127-diagnostics-tagged-coherence-order.sx:25:1
   |
25 | impl Delta for Four { d :: (self: *Four) -> i64 { self.n } }
   | ^^^^^^^^^^^^^^^^^^^^^^^^^^^^^^^^^^^^^^^^^^^^^^^^^^^^^^^^^^^^

note: also implemented here
  --> examples/diagnostics/2127-diagnostics-tagged-coherence-order.sx:26:1
   |
26 | impl Delta for Four { d :: (self: *Four) -> i64 { self.n + 4 } }
   | ^^^^^^^^^^^^^^^^^^^^^^^^^^^^^^^^^^^^^^^^^^^^^^^^^^^^^^^^^^^^^^^^
