error: @Slice length type must be an integer type, got 'bool'
  --> examples/diagnostics/2154-diagnostics-slice-length-word.sx:6:19
   |
 6 | Bad :: @Slice(u8, bool);
   |                   ^^^^

error: array length 300 does not fit the u8 length word of '@Slice(u8,u8)'
  --> examples/diagnostics/2154-diagnostics-slice-length-word.sx:19:8
   |
19 |     xx take(big);
   |        ^^^^^^^^^

error: array length 300 does not fit the u8 length word of '@Slice(u8,u8)'
  --> examples/diagnostics/2154-diagnostics-slice-length-word.sx:21:5
   |
21 |     s : Tiny = big;
   |     ^^^^^^^^^^^^^^^

error: length 300 does not fit the u8 length word of '@Slice(u8,u8)'
  --> examples/diagnostics/2154-diagnostics-slice-length-word.sx:22:17
   |
22 |     s2 : Tiny = big[0..];
   |                 ^^^^^^^^

error: array length 20 does not fit the u4 length word of '@Slice(u8,u4)'
  --> examples/diagnostics/2154-diagnostics-slice-length-word.sx:25:8
   |
25 |     xx take_nib(mid);
   |        ^^^^^^^^^^^^^

error: integer literal 300 does not fit in u8 (range 0..255) — use an explicit `xx` / `.(T)` to truncate
  --> examples/diagnostics/2154-diagnostics-slice-length-word.sx:29:13
   |
29 |     t.len = 300;
   |             ^^^

error: cannot implicitly convert '[]u8' to '@Slice(u8,u8)': a non-constant length does not fit a narrower length word
  --> examples/diagnostics/2154-diagnostics-slice-length-word.sx:32:5
   |
32 |     tiny : Tiny = plain;
   |     ^^^^^^^^^^^^^^^^^^^^
