error: field 'secret' is private to its declaring file
  --> examples/diagnostics/2201-diagnostics-private-field-literal.sx:7:24
   |
 7 | G :: box.Box{ secret = 3 };
   |                        ^

error: field 'secret' is private to its declaring file
  --> examples/diagnostics/2201-diagnostics-private-field-literal.sx:5:33
   |
 5 | g : box.Box = box.Box{ secret = 1 };
   |                                 ^

error: field 'secret' is private to its declaring file
  --> examples/diagnostics/2201-diagnostics-private-field-literal.sx:6:27
   |
 6 | h : box.Box = .{ secret = 2 };
   |                           ^

error: field 'secret' is private to its declaring file
  --> examples/diagnostics/2201-diagnostics-private-field-literal.sx:8:35
   |
 8 | arr : [1]box.Box = .[ .{ secret = 4 } ];
   |                                   ^

error: field 'secret' is private to its declaring file
  --> examples/diagnostics/2201-diagnostics-private-field-literal.sx:11:28
   |
11 |     x := box.Box{ secret = 5 };
   |                            ^
