error: lambda parameter 'x' cannot be generic; a lambda is a value, so give '$T' a concrete type
  --> examples/diagnostics/2372-diagnostics-lambda-signature-refuses-unbound-binders.sx:7:20
   |
 7 |     wrapped := |x: Box($T)| 1;
   |                    ^^^^^^^

error: lambda parameter 'x' cannot be generic; a lambda is a value, so give '$T' a concrete type
  --> examples/diagnostics/2372-diagnostics-lambda-signature-refuses-unbound-binders.sx:8:20
   |
 8 |     through := |x: *Box($T)| 2;
   |                    ^^^^^^^^

error: lambda parameter 'x' cannot be generic; a lambda is a value, so give '$T' a concrete type
  --> examples/diagnostics/2372-diagnostics-lambda-signature-refuses-unbound-binders.sx:9:19
   |
 9 |     sliced := |x: []$T| 21;
   |                   ^^^^

error: lambda parameter 'x' cannot be generic; a lambda is a value, so give '$T' a concrete type
  --> examples/diagnostics/2372-diagnostics-lambda-signature-refuses-unbound-binders.sx:10:18
   |
10 |     sized := |x: [3]$T| 22;
   |                  ^^^^^

error: lambda parameter 'x' cannot be generic; a lambda is a value, so give '$T' a concrete type
  --> examples/diagnostics/2372-diagnostics-lambda-signature-refuses-unbound-binders.sx:11:20
   |
11 |     unsized := |x: [*]$T| 23;
   |                    ^^^^^

error: lambda parameter 'x' cannot be generic; a lambda is a value, so give '$T' a concrete type
  --> examples/diagnostics/2372-diagnostics-lambda-signature-refuses-unbound-binders.sx:12:21
   |
12 |     optional := |x: ?$T| 24;
   |                     ^^^

error: lambda parameter 'x' cannot be generic; a lambda is a value, so give '$T' a concrete type
  --> examples/diagnostics/2372-diagnostics-lambda-signature-refuses-unbound-binders.sx:13:25
   |
13 |     inlineStruct := |x: struct { v: $T; }| 3;
   |                         ^^^^^^^^^^^^^^^^^

error: lambda parameter 'x' cannot be generic; a lambda is a value, so give '$T' a concrete type
  --> examples/diagnostics/2372-diagnostics-lambda-signature-refuses-unbound-binders.sx:14:24
   |
14 |     inlineUnion := |x: union { a: $T; b: i64; }| 31;
   |                        ^^^^^^^^^^^^^^^^^^^^^^^^

error: lambda parameter 'x' cannot be generic; a lambda is a value, so give '$T' a concrete type
  --> examples/diagnostics/2372-diagnostics-lambda-signature-refuses-unbound-binders.sx:15:23
   |
15 |     inlineEnum := |x: enum { a: $T; b; }| 32;
   |                       ^^^^^^^^^^^^^^^^^^

error: lambda parameter 'x' cannot be generic; a lambda is a value, so give '$T' a concrete type
  --> examples/diagnostics/2372-diagnostics-lambda-signature-refuses-unbound-binders.sx:16:22
   |
16 |     fnPointer := |x: ($T) -> i64| 33;
   |                      ^^^^^^^^^^^

error: lambda parameter 'x' cannot be generic; a lambda is a value, so give '$T' a concrete type
  --> examples/diagnostics/2372-diagnostics-lambda-signature-refuses-unbound-binders.sx:17:21
   |
17 |     failable := |x: (Box($T), !)| 34;
   |                     ^^^^^^^^^^^^

error: lambda parameter 'x' cannot be generic; a lambda is a value, so give '$T' a concrete type
  --> examples/diagnostics/2372-diagnostics-lambda-signature-refuses-unbound-binders.sx:18:20
   |
18 |     phantom := |x: Holder($T)| 4;
   |                    ^^^^^^^^^^

error: lambda parameter 'v' cannot be generic; a lambda is a value, so give '$T' a concrete type
  --> examples/diagnostics/2372-diagnostics-lambda-signature-refuses-unbound-binders.sx:19:19
   |
19 |     formed := |v: $I/@Init(Box($T))| 5;
   |                   ^^^^^^^^^^^^^^^^^

error: lambda parameter 'v' cannot be generic; a lambda is a value, so give '$I' a concrete type
  --> examples/diagnostics/2372-diagnostics-lambda-signature-refuses-unbound-binders.sx:20:28
   |
20 |     nestedFormation := |v: Box($I/@Init(i64))| 6;
   |                            ^^^^^^^^^^^^^^^^^^

error: lambda parameter 'f' cannot be generic; a lambda is a value, so give '$T' a concrete type
  --> examples/diagnostics/2372-diagnostics-lambda-signature-refuses-unbound-binders.sx:21:22
   |
21 |     signature := |f: Closure(i64) -> Box($T)| 7;
   |                      ^^^^^^^^^^^^^^^^^^^^^^^

error: lambda parameter 'f' cannot be generic; a lambda is a value, so give '$Ts' a concrete type
  --> examples/diagnostics/2372-diagnostics-lambda-signature-refuses-unbound-binders.sx:22:17
   |
22 |     pack := |f: Closure(..$Ts) -> i64| 8;
   |                 ^^^^^^^^^^^^^^^^^^^^^

error: lambda return type cannot be generic; a lambda is a value, so give '$T' a concrete type
  --> examples/diagnostics/2372-diagnostics-lambda-signature-refuses-unbound-binders.sx:23:28
   |
23 |     returns := |x: i64| -> Box($T) .{ v = x };
   |                            ^^^^^^^

error: lambda return type cannot be generic; a lambda is a value, so give '$T' a concrete type
  --> examples/diagnostics/2372-diagnostics-lambda-signature-refuses-unbound-binders.sx:24:33
   |
24 |     multiReturns := |x: i64| -> (Box($T), i64) { return .{ v = x }, x; };
   |                                 ^^^^^^^^^^^^^^

error: lambda return type cannot be generic; a lambda is a value, so give '$Ts' a concrete type
  --> examples/diagnostics/2372-diagnostics-lambda-signature-refuses-unbound-binders.sx:25:34
   |
25 |     spreadReturns := |x: i64| -> (..$Ts, i64) { return x; };
   |                                  ^^^^^^^^^^^^
